Archive member included to satisfy reference by file (symbol)

/usr/lib/gcc/arm-none-eabi/10.3.1/thumb/v6-m/nofp/libgcc.a(_dvmd_tls.o)
                              CMakeFiles/ps_2_freertos.dir/home/yasuno/Developments/RP2040/pico-sdk/src/rp2_common/pico_divider/divider_hardware.S.o (__aeabi_idiv0)
/usr/lib/gcc/arm-none-eabi/10.3.1/../../../arm-none-eabi/lib/thumb/v6-m/nofp/libg.a(lib_a-atexit.o)
                              /usr/lib/gcc/arm-none-eabi/10.3.1/../../../arm-none-eabi/lib/thumb/v6-m/nofp/crt0.o (atexit)
/usr/lib/gcc/arm-none-eabi/10.3.1/../../../arm-none-eabi/lib/thumb/v6-m/nofp/libg.a(lib_a-calloc.o)
                              CMakeFiles/ps_2_freertos.dir/home/yasuno/Developments/RP2040/pico-sdk/src/rp2_common/pico_malloc/malloc.c.o (calloc)
/usr/lib/gcc/arm-none-eabi/10.3.1/../../../arm-none-eabi/lib/thumb/v6-m/nofp/libg.a(lib_a-callocr.o)
                              /usr/lib/gcc/arm-none-eabi/10.3.1/../../../arm-none-eabi/lib/thumb/v6-m/nofp/libg.a(lib_a-calloc.o) (_calloc_r)
/usr/lib/gcc/arm-none-eabi/10.3.1/../../../arm-none-eabi/lib/thumb/v6-m/nofp/libg.a(lib_a-fini.o)
                              /usr/lib/gcc/arm-none-eabi/10.3.1/../../../arm-none-eabi/lib/thumb/v6-m/nofp/crt0.o (__libc_fini_array)
/usr/lib/gcc/arm-none-eabi/10.3.1/../../../arm-none-eabi/lib/thumb/v6-m/nofp/libg.a(lib_a-impure.o)
                              /usr/lib/gcc/arm-none-eabi/10.3.1/../../../arm-none-eabi/lib/thumb/v6-m/nofp/libg.a(lib_a-calloc.o) (_impure_ptr)
/usr/lib/gcc/arm-none-eabi/10.3.1/../../../arm-none-eabi/lib/thumb/v6-m/nofp/libg.a(lib_a-init.o)
                              /usr/lib/gcc/arm-none-eabi/10.3.1/../../../arm-none-eabi/lib/thumb/v6-m/nofp/crt0.o (__libc_init_array)
/usr/lib/gcc/arm-none-eabi/10.3.1/../../../arm-none-eabi/lib/thumb/v6-m/nofp/libg.a(lib_a-lcltime_r.o)
                              CMakeFiles/ps_2_freertos.dir/home/yasuno/Developments/RP2040/pico-sdk/src/common/pico_util/datetime.c.o (localtime_r)
/usr/lib/gcc/arm-none-eabi/10.3.1/../../../arm-none-eabi/lib/thumb/v6-m/nofp/libg.a(lib_a-malloc.o)
                              CMakeFiles/ps_2_freertos.dir/home/yasuno/Developments/RP2040/pico-sdk/src/rp2_common/pico_malloc/malloc.c.o (malloc)
/usr/lib/gcc/arm-none-eabi/10.3.1/../../../arm-none-eabi/lib/thumb/v6-m/nofp/libg.a(lib_a-mallocr.o)
                              /usr/lib/gcc/arm-none-eabi/10.3.1/../../../arm-none-eabi/lib/thumb/v6-m/nofp/libg.a(lib_a-callocr.o) (_malloc_r)
/usr/lib/gcc/arm-none-eabi/10.3.1/../../../arm-none-eabi/lib/thumb/v6-m/nofp/libg.a(lib_a-memcmp.o)
                              CMakeFiles/ps_2_freertos.dir/home/yasuno/Developments/RP2040/pico-sdk/src/rp2_common/pico_atomic/atomic.c.o (memcmp)
/usr/lib/gcc/arm-none-eabi/10.3.1/../../../arm-none-eabi/lib/thumb/v6-m/nofp/libg.a(lib_a-mktime.o)
                              CMakeFiles/ps_2_freertos.dir/home/yasuno/Developments/RP2040/pico-sdk/src/common/pico_util/datetime.c.o (mktime)
/usr/lib/gcc/arm-none-eabi/10.3.1/../../../arm-none-eabi/lib/thumb/v6-m/nofp/libg.a(lib_a-mlock.o)
                              /usr/lib/gcc/arm-none-eabi/10.3.1/../../../arm-none-eabi/lib/thumb/v6-m/nofp/libg.a(lib_a-mallocr.o) (__malloc_lock)
/usr/lib/gcc/arm-none-eabi/10.3.1/../../../arm-none-eabi/lib/thumb/v6-m/nofp/libg.a(lib_a-month_lengths.o)
                              /usr/lib/gcc/arm-none-eabi/10.3.1/../../../arm-none-eabi/lib/thumb/v6-m/nofp/libg.a(lib_a-lcltime_r.o) (__month_lengths)
/usr/lib/gcc/arm-none-eabi/10.3.1/../../../arm-none-eabi/lib/thumb/v6-m/nofp/libg.a(lib_a-realloc.o)
                              CMakeFiles/ps_2_freertos.dir/home/yasuno/Developments/RP2040/pico-sdk/src/rp2_common/pico_malloc/malloc.c.o (realloc)
/usr/lib/gcc/arm-none-eabi/10.3.1/../../../arm-none-eabi/lib/thumb/v6-m/nofp/libg.a(lib_a-reallocr.o)
                              /usr/lib/gcc/arm-none-eabi/10.3.1/../../../arm-none-eabi/lib/thumb/v6-m/nofp/libg.a(lib_a-realloc.o) (_realloc_r)
/usr/lib/gcc/arm-none-eabi/10.3.1/../../../arm-none-eabi/lib/thumb/v6-m/nofp/libg.a(lib_a-sbrkr.o)
                              /usr/lib/gcc/arm-none-eabi/10.3.1/../../../arm-none-eabi/lib/thumb/v6-m/nofp/libg.a(lib_a-mallocr.o) (_sbrk_r)
/usr/lib/gcc/arm-none-eabi/10.3.1/../../../arm-none-eabi/lib/thumb/v6-m/nofp/libg.a(lib_a-strlen-stub.o)
                              CMakeFiles/ps_2_freertos.dir/home/yasuno/Developments/RP2040/pico-sdk/src/rp2_common/pico_stdio/stdio.c.o (strlen)
/usr/lib/gcc/arm-none-eabi/10.3.1/../../../arm-none-eabi/lib/thumb/v6-m/nofp/libg.a(lib_a-tzcalc_limits.o)
                              /usr/lib/gcc/arm-none-eabi/10.3.1/../../../arm-none-eabi/lib/thumb/v6-m/nofp/libg.a(lib_a-lcltime_r.o) (__tzcalc_limits)
/usr/lib/gcc/arm-none-eabi/10.3.1/../../../arm-none-eabi/lib/thumb/v6-m/nofp/libg.a(lib_a-tzlock.o)
                              /usr/lib/gcc/arm-none-eabi/10.3.1/../../../arm-none-eabi/lib/thumb/v6-m/nofp/libg.a(lib_a-lcltime_r.o) (__tz_lock)
[...]
Memory Configuration

Name             Origin             Length             Attributes
FLASH            0x0000000010000000 0x0000000000200000 xr
RAM              0x0000000020000000 0x0000000000040000 xrw
SCRATCH_X        0x0000000020040000 0x0000000000001000 xrw
SCRATCH_Y        0x0000000020041000 0x0000000000001000 xrw
*default*        0x0000000000000000 0xffffffffffffffff

Linker script and memory map

LOAD /usr/lib/gcc/arm-none-eabi/10.3.1/thumb/v6-m/nofp/crti.o
LOAD /usr/lib/gcc/arm-none-eabi/10.3.1/thumb/v6-m/nofp/crtbegin.o
LOAD /usr/lib/gcc/arm-none-eabi/10.3.1/../../../arm-none-eabi/lib/thumb/v6-m/nofp/crt0.o

.flash_begin    0x0000000010000000        0x0
                0x0000000010000000                __flash_binary_start = .

.boot2          0x0000000010000000      0x100
                0x0000000010000000                __boot2_start__ = .
 *(.boot2)
 .boot2         0x0000000010000000      0x100 pico-sdk/src/rp2040/boot_stage2/CMakeFiles/bs2_default_library.dir/bs2_default_padded_checksummed.S.o
                0x0000000010000100                __boot2_end__ = .
                0x0000000000000001                ASSERT (((__boot2_end__ - __boot2_start__) == 0x100), ERROR: Pico second stage bootloader must be 256 bytes in size)

.text           0x0000000010000100     0x751c
                0x0000000010000100                __logical_binary_start = .
 *(.vectors)
 .vectors       0x0000000010000100       0xd4 CMakeFiles/ps_2_freertos.dir/home/yasuno/Developments/RP2040/pico-sdk/src/rp2_common/pico_crt0/crt0.S.o
                0x0000000010000100                __vectors
                0x0000000010000100                __VECTOR_TABLE
                0x00000000100001c0                isr_invalid
                0x00000000100001c0                __default_isrs_start
                0x00000000100001c2                isr_nmi
                0x00000000100001c4                isr_hardfault
                0x00000000100001c6                isr_svcall
                0x00000000100001c8                isr_pendsv
                0x00000000100001ca                isr_systick
                0x00000000100001cc                isr_irq30
                0x00000000100001cc                __unhandled_user_irq
                0x00000000100001cc                isr_irq13
                0x00000000100001cc                isr_irq27
                0x00000000100001cc                isr_irq31
                0x00000000100001cc                isr_irq5
                0x00000000100001cc                isr_irq11
                0x00000000100001cc                isr_irq23
                0x00000000100001cc                isr_irq18
                0x00000000100001cc                isr_irq28
                0x00000000100001cc                isr_irq19
                0x00000000100001cc                isr_irq0
                0x00000000100001cc                isr_irq6
                0x00000000100001cc                isr_irq22
                0x00000000100001cc                isr_irq17
                0x00000000100001cc                isr_irq14
                0x00000000100001cc                isr_irq2
                0x00000000100001cc                isr_irq10
                0x00000000100001cc                isr_irq8
                0x00000000100001cc                isr_irq24
                0x00000000100001cc                isr_irq1
                0x00000000100001cc                isr_irq7
                0x00000000100001cc                isr_irq21
                0x00000000100001cc                isr_irq20
                0x00000000100001cc                isr_irq15
                0x00000000100001cc                isr_irq25
                0x00000000100001cc                isr_irq4
                0x00000000100001cc                isr_irq16
                0x00000000100001cc                isr_irq29
                0x00000000100001cc                isr_irq26
                0x00000000100001cc                __default_isrs_end
                0x00000000100001cc                isr_irq3
                0x00000000100001cc                isr_irq12
                0x00000000100001cc                isr_irq9
                0x00000000100001d2                unhandled_user_irq_num_in_r0
 *(.binary_info_header)
 .binary_info_header
                0x00000000100001d4       0x14 CMakeFiles/ps_2_freertos.dir/home/yasuno/Developments/RP2040/pico-sdk/src/rp2_common/pico_crt0/crt0.S.o
                0x00000000100001e8                __binary_info_header_end = .
 *(.embedded_block)
                0x00000000100001e8                __embedded_block_end = .
 *(.reset)
 .reset         0x00000000100001e8       0x9c CMakeFiles/ps_2_freertos.dir/home/yasuno/Developments/RP2040/pico-sdk/src/rp2_common/pico_crt0/crt0.S.o
                0x00000000100001e8                _entry_point
 *(.init)
 .init          0x0000000010000284        0x4 /usr/lib/gcc/arm-none-eabi/10.3.1/thumb/v6-m/nofp/crti.o
                0x0000000010000284                _init
 *(EXCLUDE_FILE(*libm.a: *libc.a:*lib_a-mem*.o *libgcc.a:) .text*)
 .text          0x0000000010000288       0x98 /usr/lib/gcc/arm-none-eabi/10.3.1/thumb/v6-m/nofp/crtbegin.o
 .text.main_task
                0x0000000010000320       0x88 CMakeFiles/ps_2_freertos.dir/ps_2_freertos.c.o
                0x0000000010000320                main_task
 .text.hostside_task
                0x00000000100003a8       0x2c CMakeFiles/ps_2_freertos.dir/ps_2_freertos.c.o
                0x00000000100003a8                hostside_task
 .text.buffer_task
                0x00000000100003d4       0x48 CMakeFiles/ps_2_freertos.dir/ps_2_freertos.c.o
                0x00000000100003d4                buffer_task
 .text.vLaunch  0x000000001000041c       0x34 CMakeFiles/ps_2_freertos.dir/ps_2_freertos.c.o
                0x000000001000041c                vLaunch
 .text.startup.main
                0x0000000010000450       0x28 CMakeFiles/ps_2_freertos.dir/ps_2_freertos.c.o
                0x0000000010000450                main
 .text.on_spi_rx
                0x0000000010000478       0xbc CMakeFiles/ps_2_freertos.dir/spi_slave.c.o
 .text.SPI_Init
                0x0000000010000534       0x90 CMakeFiles/ps_2_freertos.dir/spi_slave.c.o
                0x0000000010000534                SPI_Init
 .text.Buffer_Init
                0x00000000100005c4       0x20 CMakeFiles/ps_2_freertos.dir/buffer.c.o
                0x00000000100005c4                Buffer_Init
 .text.Buffer_Write1Byte
                0x00000000100005e4       0x38 CMakeFiles/ps_2_freertos.dir/buffer.c.o
                0x00000000100005e4                Buffer_Write1Byte
 .text.Buffer_Read1Byte
                0x000000001000061c       0x38 CMakeFiles/ps_2_freertos.dir/buffer.c.o
                0x000000001000061c                Buffer_Read1Byte
 .text.panic    0x0000000010000654       0x30 CMakeFiles/ps_2_freertos.dir/home/yasuno/Developments/RP2040/pico-sdk/src/rp2_common/pico_platform_panic/panic.c.o
                0x0000000010000654                panic
 .text.panic_unsupported
                0x0000000010000684        0xc CMakeFiles/ps_2_freertos.dir/home/yasuno/Developments/RP2040/pico-sdk/src/rp2_common/pico_platform_panic/panic.c.o
                0x0000000010000684                panic_unsupported
 .text.pvPortMalloc
                0x0000000010000690      0x114 CMakeFiles/ps_2_freertos.dir/home/yasuno/Developments/FreeRTOS-LTS/FreeRTOS/FreeRTOS-Kernel/portable/MemMang/heap_4.c.o
                0x0000000010000690                pvPortMalloc
 .text.vPortFree
                0x00000000100007a4       0x8c CMakeFiles/ps_2_freertos.dir/home/yasuno/Developments/FreeRTOS-LTS/FreeRTOS/FreeRTOS-Kernel/portable/MemMang/heap_4.c.o
                0x00000000100007a4                vPortFree
 .text.vPortSVCHandler
                0x0000000010000830        0x4 CMakeFiles/ps_2_freertos.dir/home/yasuno/Developments/FreeRTOS-LTS/FreeRTOS/FreeRTOS-Kernel/portable/ThirdParty/GCC/RP2040/port.c.o
                0x0000000010000830                vPortSVCHandler
 *fill*         0x0000000010000834        0xc 
 .text.vPortStartFirstTask
                0x0000000010000840       0x38 CMakeFiles/ps_2_freertos.dir/home/yasuno/Developments/FreeRTOS-LTS/FreeRTOS/FreeRTOS-Kernel/portable/ThirdParty/GCC/RP2040/port.c.o
 .text.prvFIFOInterruptHandler
                0x0000000010000878       0x2c CMakeFiles/ps_2_freertos.dir/home/yasuno/Developments/FreeRTOS-LTS/FreeRTOS/FreeRTOS-Kernel/portable/ThirdParty/GCC/RP2040/port.c.o
 *fill*         0x00000000100008a4        0xc 
 .text.xPortPendSVHandler
                0x00000000100008b0       0x78 CMakeFiles/ps_2_freertos.dir/home/yasuno/Developments/FreeRTOS-LTS/FreeRTOS/FreeRTOS-Kernel/portable/ThirdParty/GCC/RP2040/port.c.o
                0x00000000100008b0                xPortPendSVHandler
 .text.xPortSysTickHandler
                0x0000000010000928       0x24 CMakeFiles/ps_2_freertos.dir/home/yasuno/Developments/FreeRTOS-LTS/FreeRTOS/FreeRTOS-Kernel/portable/ThirdParty/GCC/RP2040/port.c.o
                0x0000000010000928                xPortSysTickHandler
 .text.prvTaskExitError
                0x000000001000094c        0x8 CMakeFiles/ps_2_freertos.dir/home/yasuno/Developments/FreeRTOS-LTS/FreeRTOS/FreeRTOS-Kernel/portable/ThirdParty/GCC/RP2040/port.c.o
 .text.pxPortInitialiseStack
                0x0000000010000954       0x20 CMakeFiles/ps_2_freertos.dir/home/yasuno/Developments/FreeRTOS-LTS/FreeRTOS/FreeRTOS-Kernel/portable/ThirdParty/GCC/RP2040/port.c.o
                0x0000000010000954                pxPortInitialiseStack
 .text.vPortYield
                0x0000000010000974       0x18 CMakeFiles/ps_2_freertos.dir/home/yasuno/Developments/FreeRTOS-LTS/FreeRTOS/FreeRTOS-Kernel/portable/ThirdParty/GCC/RP2040/port.c.o
                0x0000000010000974                vPortYield
 .text.vPortEnableInterrupts
                0x000000001000098c       0x30 CMakeFiles/ps_2_freertos.dir/home/yasuno/Developments/FreeRTOS-LTS/FreeRTOS/FreeRTOS-Kernel/portable/ThirdParty/GCC/RP2040/port.c.o
                0x000000001000098c                vPortEnableInterrupts
 .text.ulSetInterruptMaskFromISR
                0x00000000100009bc        0x8 CMakeFiles/ps_2_freertos.dir/home/yasuno/Developments/FreeRTOS-LTS/FreeRTOS/FreeRTOS-Kernel/portable/ThirdParty/GCC/RP2040/port.c.o
                0x00000000100009bc                ulSetInterruptMaskFromISR
 .text.vClearInterruptMaskFromISR
                0x00000000100009c4        0x8 CMakeFiles/ps_2_freertos.dir/home/yasuno/Developments/FreeRTOS-LTS/FreeRTOS/FreeRTOS-Kernel/portable/ThirdParty/GCC/RP2040/port.c.o
                0x00000000100009c4                vClearInterruptMaskFromISR
 .text.vYieldCore
                0x00000000100009cc        0xc CMakeFiles/ps_2_freertos.dir/home/yasuno/Developments/FreeRTOS-LTS/FreeRTOS/FreeRTOS-Kernel/portable/ThirdParty/GCC/RP2040/port.c.o
                0x00000000100009cc                vYieldCore
 .text.vPortSetupTimerInterrupt
                0x00000000100009d8       0x34 CMakeFiles/ps_2_freertos.dir/home/yasuno/Developments/FreeRTOS-LTS/FreeRTOS/FreeRTOS-Kernel/portable/ThirdParty/GCC/RP2040/port.c.o
                0x00000000100009d8                vPortSetupTimerInterrupt
 .text.xPortStartSchedulerOnCore.isra.0
                0x0000000010000a0c       0xa4 CMakeFiles/ps_2_freertos.dir/home/yasuno/Developments/FreeRTOS-LTS/FreeRTOS/FreeRTOS-Kernel/portable/ThirdParty/GCC/RP2040/port.c.o
 .text.prvDisableInterruptsAndPortStartSchedulerOnCore
                0x0000000010000ab0        0x8 CMakeFiles/ps_2_freertos.dir/home/yasuno/Developments/FreeRTOS-LTS/FreeRTOS/FreeRTOS-Kernel/portable/ThirdParty/GCC/RP2040/port.c.o
 .text.xPortStartScheduler
                0x0000000010000ab8       0x28 CMakeFiles/ps_2_freertos.dir/home/yasuno/Developments/FreeRTOS-LTS/FreeRTOS/FreeRTOS-Kernel/portable/ThirdParty/GCC/RP2040/port.c.o
                0x0000000010000ab8                xPortStartScheduler
 .text.ulPortLockGetCurrentOwnerId
                0x0000000010000ae0       0x30 CMakeFiles/ps_2_freertos.dir/home/yasuno/Developments/FreeRTOS-LTS/FreeRTOS/FreeRTOS-Kernel/portable/ThirdParty/GCC/RP2040/port.c.o
                0x0000000010000ae0                ulPortLockGetCurrentOwnerId
 .text.vPortLockInternalSpinUnlockWithNotify
                0x0000000010000b10       0x84 CMakeFiles/ps_2_freertos.dir/home/yasuno/Developments/FreeRTOS-LTS/FreeRTOS/FreeRTOS-Kernel/portable/ThirdParty/GCC/RP2040/port.c.o
                0x0000000010000b10                vPortLockInternalSpinUnlockWithNotify
 .text.xPortLockInternalSpinUnlockWithBestEffortWaitOrTimeout
                0x0000000010000b94       0xec CMakeFiles/ps_2_freertos.dir/home/yasuno/Developments/FreeRTOS-LTS/FreeRTOS/FreeRTOS-Kernel/portable/ThirdParty/GCC/RP2040/port.c.o
                0x0000000010000b94                xPortLockInternalSpinUnlockWithBestEffortWaitOrTimeout
 .text.startup.prvRuntimeInitializer
                0x0000000010000c80       0x10 CMakeFiles/ps_2_freertos.dir/home/yasuno/Developments/FreeRTOS-LTS/FreeRTOS/FreeRTOS-Kernel/portable/ThirdParty/GCC/RP2040/port.c.o
 .text.vEventGroupSetBitsCallback
                0x0000000010000c90       0x8c CMakeFiles/ps_2_freertos.dir/home/yasuno/Developments/FreeRTOS-LTS/FreeRTOS/FreeRTOS-Kernel/event_groups.c.o
                0x0000000010000c90                vEventGroupSetBitsCallback
 .text.xEventGroupCreate
                0x0000000010000d1c       0x18 CMakeFiles/ps_2_freertos.dir/home/yasuno/Developments/FreeRTOS-LTS/FreeRTOS/FreeRTOS-Kernel/event_groups.c.o
                0x0000000010000d1c                xEventGroupCreate
 .text.xEventGroupWaitBits
                0x0000000010000d34       0xb8 CMakeFiles/ps_2_freertos.dir/home/yasuno/Developments/FreeRTOS-LTS/FreeRTOS/FreeRTOS-Kernel/event_groups.c.o
                0x0000000010000d34                xEventGroupWaitBits
 .text.xEventGroupSetBits
                0x0000000010000dec       0x90 CMakeFiles/ps_2_freertos.dir/home/yasuno/Developments/FreeRTOS-LTS/FreeRTOS/FreeRTOS-Kernel/event_groups.c.o
                0x0000000010000dec                xEventGroupSetBits
 .text.xEventGroupSetBitsFromISR
                0x0000000010000e7c       0x14 CMakeFiles/ps_2_freertos.dir/home/yasuno/Developments/FreeRTOS-LTS/FreeRTOS/FreeRTOS-Kernel/event_groups.c.o
                0x0000000010000e7c                xEventGroupSetBitsFromISR
 .text.vListInitialise
                0x0000000010000e90       0x18 CMakeFiles/ps_2_freertos.dir/home/yasuno/Developments/FreeRTOS-LTS/FreeRTOS/FreeRTOS-Kernel/list.c.o
                0x0000000010000e90                vListInitialise
 .text.vListInitialiseItem
                0x0000000010000ea8        0x8 CMakeFiles/ps_2_freertos.dir/home/yasuno/Developments/FreeRTOS-LTS/FreeRTOS/FreeRTOS-Kernel/list.c.o
                0x0000000010000ea8                vListInitialiseItem
 .text.vListInsertEnd
                0x0000000010000eb0       0x18 CMakeFiles/ps_2_freertos.dir/home/yasuno/Developments/FreeRTOS-LTS/FreeRTOS/FreeRTOS-Kernel/list.c.o
                0x0000000010000eb0                vListInsertEnd
 .text.vListInsert
                0x0000000010000ec8       0x30 CMakeFiles/ps_2_freertos.dir/home/yasuno/Developments/FreeRTOS-LTS/FreeRTOS/FreeRTOS-Kernel/list.c.o
                0x0000000010000ec8                vListInsert
 .text.uxListRemove
                0x0000000010000ef8       0x20 CMakeFiles/ps_2_freertos.dir/home/yasuno/Developments/FreeRTOS-LTS/FreeRTOS/FreeRTOS-Kernel/list.c.o
                0x0000000010000ef8                uxListRemove
 .text.prvUnlockQueue
                0x0000000010000f18      0x148 CMakeFiles/ps_2_freertos.dir/home/yasuno/Developments/FreeRTOS-LTS/FreeRTOS/FreeRTOS-Kernel/queue.c.o
 .text.prvNotifyQueueSetContainer
                0x0000000010001060       0x9c CMakeFiles/ps_2_freertos.dir/home/yasuno/Developments/FreeRTOS-LTS/FreeRTOS/FreeRTOS-Kernel/queue.c.o
 .text.xQueueGenericCreate
                0x00000000100010fc       0xa0 CMakeFiles/ps_2_freertos.dir/home/yasuno/Developments/FreeRTOS-LTS/FreeRTOS/FreeRTOS-Kernel/queue.c.o
                0x00000000100010fc                xQueueGenericCreate
 .text.xQueueGenericSendFromISR
                0x000000001000119c      0x138 CMakeFiles/ps_2_freertos.dir/home/yasuno/Developments/FreeRTOS-LTS/FreeRTOS/FreeRTOS-Kernel/queue.c.o
                0x000000001000119c                xQueueGenericSendFromISR
 .text.xQueueReceive
                0x00000000100012d4      0x11c CMakeFiles/ps_2_freertos.dir/home/yasuno/Developments/FreeRTOS-LTS/FreeRTOS/FreeRTOS-Kernel/queue.c.o
                0x00000000100012d4                xQueueReceive
 .text.vQueueAddToRegistry
                0x00000000100013f0       0xec CMakeFiles/ps_2_freertos.dir/home/yasuno/Developments/FreeRTOS-LTS/FreeRTOS/FreeRTOS-Kernel/queue.c.o
                0x00000000100013f0                vQueueAddToRegistry
 .text.vQueueWaitForMessageRestricted
                0x00000000100014dc       0x48 CMakeFiles/ps_2_freertos.dir/home/yasuno/Developments/FreeRTOS-LTS/FreeRTOS/FreeRTOS-Kernel/queue.c.o
                0x00000000100014dc                vQueueWaitForMessageRestricted
 .text.prvPassiveIdleTask
                0x0000000010001524       0x20 CMakeFiles/ps_2_freertos.dir/home/yasuno/Developments/FreeRTOS-LTS/FreeRTOS/FreeRTOS-Kernel/tasks.c.o
 .text.prvYieldForTask
                0x0000000010001544       0xc0 CMakeFiles/ps_2_freertos.dir/home/yasuno/Developments/FreeRTOS-LTS/FreeRTOS/FreeRTOS-Kernel/tasks.c.o
 .text.prvAddCurrentTaskToDelayedList
                0x0000000010001604      0x144 CMakeFiles/ps_2_freertos.dir/home/yasuno/Developments/FreeRTOS-LTS/FreeRTOS/FreeRTOS-Kernel/tasks.c.o
 .text.vTaskExitCritical.part.0
                0x0000000010001748       0x94 CMakeFiles/ps_2_freertos.dir/home/yasuno/Developments/FreeRTOS-LTS/FreeRTOS/FreeRTOS-Kernel/tasks.c.o
 .text.prvCheckForRunStateChange
                0x00000000100017dc      0x154 CMakeFiles/ps_2_freertos.dir/home/yasuno/Developments/FreeRTOS-LTS/FreeRTOS/FreeRTOS-Kernel/tasks.c.o
 .text.vTaskSuspendAll.part.0
                0x0000000010001930       0xd8 CMakeFiles/ps_2_freertos.dir/home/yasuno/Developments/FreeRTOS-LTS/FreeRTOS/FreeRTOS-Kernel/tasks.c.o
 .text.prvCheckTasksWaitingTermination
                0x0000000010001a08      0x168 CMakeFiles/ps_2_freertos.dir/home/yasuno/Developments/FreeRTOS-LTS/FreeRTOS/FreeRTOS-Kernel/tasks.c.o
 .text.prvIdleTask
                0x0000000010001b70       0x1c CMakeFiles/ps_2_freertos.dir/home/yasuno/Developments/FreeRTOS-LTS/FreeRTOS/FreeRTOS-Kernel/tasks.c.o
 .text.vTaskCoreAffinitySet
                0x0000000010001b8c      0x184 CMakeFiles/ps_2_freertos.dir/home/yasuno/Developments/FreeRTOS-LTS/FreeRTOS/FreeRTOS-Kernel/tasks.c.o
                0x0000000010001b8c                vTaskCoreAffinitySet
 .text.vTaskSuspendAll
                0x0000000010001d10       0xdc CMakeFiles/ps_2_freertos.dir/home/yasuno/Developments/FreeRTOS-LTS/FreeRTOS/FreeRTOS-Kernel/tasks.c.o
                0x0000000010001d10                vTaskSuspendAll
 .text.xTaskGetTickCount
                0x0000000010001dec        0xc CMakeFiles/ps_2_freertos.dir/home/yasuno/Developments/FreeRTOS-LTS/FreeRTOS/FreeRTOS-Kernel/tasks.c.o
                0x0000000010001dec                xTaskGetTickCount
 .text.uxTaskGetNumberOfTasks
                0x0000000010001df8        0xc CMakeFiles/ps_2_freertos.dir/home/yasuno/Developments/FreeRTOS-LTS/FreeRTOS/FreeRTOS-Kernel/tasks.c.o
                0x0000000010001df8                uxTaskGetNumberOfTasks
 .text.xTaskIncrementTick
                0x0000000010001e04      0x260 CMakeFiles/ps_2_freertos.dir/home/yasuno/Developments/FreeRTOS-LTS/FreeRTOS/FreeRTOS-Kernel/tasks.c.o
                0x0000000010001e04                xTaskIncrementTick
 .text.vTaskSwitchContext
                0x0000000010002064      0x30c CMakeFiles/ps_2_freertos.dir/home/yasuno/Developments/FreeRTOS-LTS/FreeRTOS/FreeRTOS-Kernel/tasks.c.o
                0x0000000010002064                vTaskSwitchContext
 .text.vTaskPlaceOnEventList
                0x0000000010002370      0x148 CMakeFiles/ps_2_freertos.dir/home/yasuno/Developments/FreeRTOS-LTS/FreeRTOS/FreeRTOS-Kernel/tasks.c.o
                0x0000000010002370                vTaskPlaceOnEventList
 .text.vTaskPlaceOnUnorderedEventList
                0x00000000100024b8       0x9c CMakeFiles/ps_2_freertos.dir/home/yasuno/Developments/FreeRTOS-LTS/FreeRTOS/FreeRTOS-Kernel/tasks.c.o
                0x00000000100024b8                vTaskPlaceOnUnorderedEventList
 .text.vTaskPlaceOnEventListRestricted
                0x0000000010002554       0x8c CMakeFiles/ps_2_freertos.dir/home/yasuno/Developments/FreeRTOS-LTS/FreeRTOS/FreeRTOS-Kernel/tasks.c.o
                0x0000000010002554                vTaskPlaceOnEventListRestricted
 .text.xTaskRemoveFromEventList
                0x00000000100025e0       0xd4 CMakeFiles/ps_2_freertos.dir/home/yasuno/Developments/FreeRTOS-LTS/FreeRTOS/FreeRTOS-Kernel/tasks.c.o
                0x00000000100025e0                xTaskRemoveFromEventList
 .text.vTaskInternalSetTimeOutState
                0x00000000100026b4       0x18 CMakeFiles/ps_2_freertos.dir/home/yasuno/Developments/FreeRTOS-LTS/FreeRTOS/FreeRTOS-Kernel/tasks.c.o
                0x00000000100026b4                vTaskInternalSetTimeOutState
 .text.xTaskCheckForTimeOut
                0x00000000100026cc      0x194 CMakeFiles/ps_2_freertos.dir/home/yasuno/Developments/FreeRTOS-LTS/FreeRTOS/FreeRTOS-Kernel/tasks.c.o
                0x00000000100026cc                xTaskCheckForTimeOut
 .text.vTaskMissedYield
                0x0000000010002860       0x14 CMakeFiles/ps_2_freertos.dir/home/yasuno/Developments/FreeRTOS-LTS/FreeRTOS/FreeRTOS-Kernel/tasks.c.o
                0x0000000010002860                vTaskMissedYield
 .text.xTaskGetCurrentTaskHandle
                0x0000000010002874       0x1c CMakeFiles/ps_2_freertos.dir/home/yasuno/Developments/FreeRTOS-LTS/FreeRTOS/FreeRTOS-Kernel/tasks.c.o
                0x0000000010002874                xTaskGetCurrentTaskHandle
 .text.xTaskPriorityDisinherit
                0x0000000010002890       0xb4 CMakeFiles/ps_2_freertos.dir/home/yasuno/Developments/FreeRTOS-LTS/FreeRTOS/FreeRTOS-Kernel/tasks.c.o
                0x0000000010002890                xTaskPriorityDisinherit
 .text.vTaskYieldWithinAPI
                0x0000000010002944       0x28 CMakeFiles/ps_2_freertos.dir/home/yasuno/Developments/FreeRTOS-LTS/FreeRTOS/FreeRTOS-Kernel/tasks.c.o
                0x0000000010002944                vTaskYieldWithinAPI
 .text.vTaskEnterCritical
                0x000000001000296c       0xd8 CMakeFiles/ps_2_freertos.dir/home/yasuno/Developments/FreeRTOS-LTS/FreeRTOS/FreeRTOS-Kernel/tasks.c.o
                0x000000001000296c                vTaskEnterCritical
 .text.prvAddNewTaskToReadyList
                0x0000000010002a44       0xf4 CMakeFiles/ps_2_freertos.dir/home/yasuno/Developments/FreeRTOS-LTS/FreeRTOS/FreeRTOS-Kernel/tasks.c.o
 .text.xTaskCreate
                0x0000000010002b38      0x194 CMakeFiles/ps_2_freertos.dir/home/yasuno/Developments/FreeRTOS-LTS/FreeRTOS/FreeRTOS-Kernel/tasks.c.o
                0x0000000010002b38                xTaskCreate
 .text.xTaskCreateAffinitySet
                0x0000000010002ccc      0x194 CMakeFiles/ps_2_freertos.dir/home/yasuno/Developments/FreeRTOS-LTS/FreeRTOS/FreeRTOS-Kernel/tasks.c.o
                0x0000000010002ccc                xTaskCreateAffinitySet
 .text.vTaskStartScheduler
                0x0000000010002e60      0x14c CMakeFiles/ps_2_freertos.dir/home/yasuno/Developments/FreeRTOS-LTS/FreeRTOS/FreeRTOS-Kernel/tasks.c.o
                0x0000000010002e60                vTaskStartScheduler
 .text.xTaskResumeAll.part.0
                0x0000000010002fac      0x16c CMakeFiles/ps_2_freertos.dir/home/yasuno/Developments/FreeRTOS-LTS/FreeRTOS/FreeRTOS-Kernel/tasks.c.o
 .text.xTaskResumeAll
                0x0000000010003118       0x18 CMakeFiles/ps_2_freertos.dir/home/yasuno/Developments/FreeRTOS-LTS/FreeRTOS/FreeRTOS-Kernel/tasks.c.o
                0x0000000010003118                xTaskResumeAll
 .text.vTaskDelay
                0x0000000010003130       0x64 CMakeFiles/ps_2_freertos.dir/home/yasuno/Developments/FreeRTOS-LTS/FreeRTOS/FreeRTOS-Kernel/tasks.c.o
                0x0000000010003130                vTaskDelay
 .text.vTaskRemoveFromUnorderedEventList
                0x0000000010003194       0x9c CMakeFiles/ps_2_freertos.dir/home/yasuno/Developments/FreeRTOS-LTS/FreeRTOS/FreeRTOS-Kernel/tasks.c.o
                0x0000000010003194                vTaskRemoveFromUnorderedEventList
 .text.vTaskEnterCriticalFromISR
                0x0000000010003230       0x84 CMakeFiles/ps_2_freertos.dir/home/yasuno/Developments/FreeRTOS-LTS/FreeRTOS/FreeRTOS-Kernel/tasks.c.o
                0x0000000010003230                vTaskEnterCriticalFromISR
 .text.vTaskExitCritical
                0x00000000100032b4       0xa0 CMakeFiles/ps_2_freertos.dir/home/yasuno/Developments/FreeRTOS-LTS/FreeRTOS/FreeRTOS-Kernel/tasks.c.o
                0x00000000100032b4                vTaskExitCritical
 .text.vTaskExitCriticalFromISR
                0x0000000010003354       0x64 CMakeFiles/ps_2_freertos.dir/home/yasuno/Developments/FreeRTOS-LTS/FreeRTOS/FreeRTOS-Kernel/tasks.c.o
                0x0000000010003354                vTaskExitCriticalFromISR
 .text.uxTaskResetEventItemValue
                0x00000000100033b8       0x48 CMakeFiles/ps_2_freertos.dir/home/yasuno/Developments/FreeRTOS-LTS/FreeRTOS/FreeRTOS-Kernel/tasks.c.o
                0x00000000100033b8                uxTaskResetEventItemValue
 .text.prvTimerTask
                0x0000000010003400      0x368 CMakeFiles/ps_2_freertos.dir/home/yasuno/Developments/FreeRTOS-LTS/FreeRTOS/FreeRTOS-Kernel/timers.c.o
 .text.xTimerCreateTimerTask
                0x0000000010003768       0x90 CMakeFiles/ps_2_freertos.dir/home/yasuno/Developments/FreeRTOS-LTS/FreeRTOS/FreeRTOS-Kernel/timers.c.o
                0x0000000010003768                xTimerCreateTimerTask
 .text.xTimerPendFunctionCallFromISR
                0x00000000100037f8       0x28 CMakeFiles/ps_2_freertos.dir/home/yasuno/Developments/FreeRTOS-LTS/FreeRTOS/FreeRTOS-Kernel/timers.c.o
                0x00000000100037f8                xTimerPendFunctionCallFromISR
 .text.clock_configure_int_divider
                0x0000000010003820       0xf4 CMakeFiles/ps_2_freertos.dir/home/yasuno/Developments/RP2040/pico-sdk/src/rp2_common/hardware_clocks/clocks.c.o
                0x0000000010003820                clock_configure_int_divider
 .text.clock_configure_undivided
                0x0000000010003914       0xe8 CMakeFiles/ps_2_freertos.dir/home/yasuno/Developments/RP2040/pico-sdk/src/rp2_common/hardware_clocks/clocks.c.o
                0x0000000010003914                clock_configure_undivided
 .text.clock_get_hz
                0x00000000100039fc        0xc CMakeFiles/ps_2_freertos.dir/home/yasuno/Developments/RP2040/pico-sdk/src/rp2_common/hardware_clocks/clocks.c.o
                0x00000000100039fc                clock_get_hz
 .text.hw_claim_or_assert
                0x0000000010003a08       0x44 CMakeFiles/ps_2_freertos.dir/home/yasuno/Developments/RP2040/pico-sdk/src/common/hardware_claim/claim.c.o
                0x0000000010003a08                hw_claim_or_assert
 .text.next_striped_spin_lock_num
                0x0000000010003a4c       0x18 CMakeFiles/ps_2_freertos.dir/home/yasuno/Developments/RP2040/pico-sdk/src/rp2_common/hardware_sync/sync.c.o
                0x0000000010003a4c                next_striped_spin_lock_num
 .text.spin_lock_claim
                0x0000000010003a64       0x18 CMakeFiles/ps_2_freertos.dir/home/yasuno/Developments/RP2040/pico-sdk/src/rp2_common/hardware_sync/sync.c.o
                0x0000000010003a64                spin_lock_claim
 .text.spin_locks_reset
                0x0000000010003a7c       0x1c CMakeFiles/ps_2_freertos.dir/home/yasuno/Developments/RP2040/pico-sdk/src/rp2_common/hardware_sync_spin_lock/sync_spin_lock.c.o
                0x0000000010003a7c                spin_locks_reset
 .text.gpio_set_function
                0x0000000010003a98       0x34 CMakeFiles/ps_2_freertos.dir/home/yasuno/Developments/RP2040/pico-sdk/src/rp2_common/hardware_gpio/gpio.c.o
                0x0000000010003a98                gpio_set_function
 .text.runtime_init_per_core_irq_priorities
                0x0000000010003acc       0x24 CMakeFiles/ps_2_freertos.dir/home/yasuno/Developments/RP2040/pico-sdk/src/rp2_common/hardware_irq/irq.c.o
                0x0000000010003acc                runtime_init_per_core_irq_priorities
 .text.irq_set_enabled
                0x0000000010003af0       0x24 CMakeFiles/ps_2_freertos.dir/home/yasuno/Developments/RP2040/pico-sdk/src/rp2_common/hardware_irq/irq.c.o
                0x0000000010003af0                irq_set_enabled
 .text.irq_is_enabled
                0x0000000010003b14       0x18 CMakeFiles/ps_2_freertos.dir/home/yasuno/Developments/RP2040/pico-sdk/src/rp2_common/hardware_irq/irq.c.o
                0x0000000010003b14                irq_is_enabled
 .text.irq_set_exclusive_handler
                0x0000000010003b2c       0x54 CMakeFiles/ps_2_freertos.dir/home/yasuno/Developments/RP2040/pico-sdk/src/rp2_common/hardware_irq/irq.c.o
                0x0000000010003b2c                irq_set_exclusive_handler
 .text.irq_remove_handler
                0x0000000010003b80      0x1c4 CMakeFiles/ps_2_freertos.dir/home/yasuno/Developments/RP2040/pico-sdk/src/rp2_common/hardware_irq/irq.c.o
                0x0000000010003b80                irq_remove_handler
 .text.irq_set_priority
                0x0000000010003d44       0x28 CMakeFiles/ps_2_freertos.dir/home/yasuno/Developments/RP2040/pico-sdk/src/rp2_common/hardware_irq/irq.c.o
                0x0000000010003d44                irq_set_priority
 .text.irq_add_tail_to_free_list
                0x0000000010003d6c       0xb4 CMakeFiles/ps_2_freertos.dir/home/yasuno/Developments/RP2040/pico-sdk/src/rp2_common/hardware_irq/irq.c.o
                0x0000000010003d6c                irq_add_tail_to_free_list
 .text.lock_init
                0x0000000010003e20       0x10 CMakeFiles/ps_2_freertos.dir/home/yasuno/Developments/RP2040/pico-sdk/src/common/pico_sync/lock_core.c.o
                0x0000000010003e20                lock_init
 .text.runtime_init_mutex
                0x0000000010003e30       0x68 CMakeFiles/ps_2_freertos.dir/home/yasuno/Developments/RP2040/pico-sdk/src/common/pico_sync/mutex.c.o
                0x0000000010003e30                runtime_init_mutex
 .text.alarm_pool_irq_handler
                0x0000000010003e98      0x308 CMakeFiles/ps_2_freertos.dir/home/yasuno/Developments/RP2040/pico-sdk/src/common/pico_time/time.c.o
 .text.sleep_until_callback
                0x00000000100041a0       0x24 CMakeFiles/ps_2_freertos.dir/home/yasuno/Developments/RP2040/pico-sdk/src/common/pico_time/time.c.o
 .text.runtime_init_default_alarm_pool
                0x00000000100041c4       0xdc CMakeFiles/ps_2_freertos.dir/home/yasuno/Developments/RP2040/pico-sdk/src/common/pico_time/time.c.o
                0x00000000100041c4                runtime_init_default_alarm_pool
 .text.alarm_pool_add_alarm_at_force_in_context
                0x00000000100042a0       0xb0 CMakeFiles/ps_2_freertos.dir/home/yasuno/Developments/RP2040/pico-sdk/src/common/pico_time/time.c.o
                0x00000000100042a0                alarm_pool_add_alarm_at_force_in_context
 .text.alarm_pool_cancel_alarm
                0x0000000010004350       0x7c CMakeFiles/ps_2_freertos.dir/home/yasuno/Developments/RP2040/pico-sdk/src/common/pico_time/time.c.o
                0x0000000010004350                alarm_pool_cancel_alarm
 .text.best_effort_wfe_or_timeout
                0x00000000100043cc       0xe0 CMakeFiles/ps_2_freertos.dir/home/yasuno/Developments/RP2040/pico-sdk/src/common/pico_time/time.c.o
                0x00000000100043cc                best_effort_wfe_or_timeout
 .text.timer_hardware_alarm_claim
                0x00000000100044ac       0x14 CMakeFiles/ps_2_freertos.dir/home/yasuno/Developments/RP2040/pico-sdk/src/rp2_common/hardware_timer/timer.c.o
                0x00000000100044ac                timer_hardware_alarm_claim
 .text.timer_time_us_64
                0x00000000100044c0       0x10 CMakeFiles/ps_2_freertos.dir/home/yasuno/Developments/RP2040/pico-sdk/src/rp2_common/hardware_timer/timer.c.o
                0x00000000100044c0                timer_time_us_64
 .text.time_us_64
                0x00000000100044d0       0x14 CMakeFiles/ps_2_freertos.dir/home/yasuno/Developments/RP2040/pico-sdk/src/rp2_common/hardware_timer/timer.c.o
                0x00000000100044d0                time_us_64
 .text.busy_wait_us
                0x00000000100044e4       0x54 CMakeFiles/ps_2_freertos.dir/home/yasuno/Developments/RP2040/pico-sdk/src/rp2_common/hardware_timer/timer.c.o
                0x00000000100044e4                busy_wait_us
 .text.pll_init
                0x0000000010004538       0xa0 CMakeFiles/ps_2_freertos.dir/home/yasuno/Developments/RP2040/pico-sdk/src/rp2_common/hardware_pll/pll.c.o
                0x0000000010004538                pll_init
 .text.tick_start
                0x00000000100045d8       0x10 CMakeFiles/ps_2_freertos.dir/home/yasuno/Developments/RP2040/pico-sdk/src/rp2_common/hardware_ticks/ticks.c.o
                0x00000000100045d8                tick_start
 .text.rom_func_lookup
                0x00000000100045e8       0x10 CMakeFiles/ps_2_freertos.dir/home/yasuno/Developments/RP2040/pico-sdk/src/rp2_common/pico_bootrom/bootrom.c.o
                0x00000000100045e8                rom_func_lookup
 .text.rom_data_lookup
                0x00000000100045f8       0x10 CMakeFiles/ps_2_freertos.dir/home/yasuno/Developments/RP2040/pico-sdk/src/rp2_common/pico_bootrom/bootrom.c.o
                0x00000000100045f8                rom_data_lookup
 .text.rom_funcs_lookup
                0x0000000010004608       0x44 CMakeFiles/ps_2_freertos.dir/home/yasuno/Developments/RP2040/pico-sdk/src/rp2_common/pico_bootrom/bootrom.c.o
                0x0000000010004608                rom_funcs_lookup
 .text.xosc_init
                0x000000001000464c       0x28 CMakeFiles/ps_2_freertos.dir/home/yasuno/Developments/RP2040/pico-sdk/src/rp2_common/hardware_xosc/xosc.c.o
                0x000000001000464c                xosc_init
 .text.exception_set_exclusive_handler
                0x0000000010004674       0x48 CMakeFiles/ps_2_freertos.dir/home/yasuno/Developments/RP2040/pico-sdk/src/rp2_common/hardware_exception/exception.c.o
                0x0000000010004674                exception_set_exclusive_handler
 .text.core1_trampoline
                0x00000000100046bc        0x4 CMakeFiles/ps_2_freertos.dir/home/yasuno/Developments/RP2040/pico-sdk/src/rp2_common/pico_multicore/multicore.c.o
 .text.core1_wrapper
                0x00000000100046c0        0xc CMakeFiles/ps_2_freertos.dir/home/yasuno/Developments/RP2040/pico-sdk/src/rp2_common/pico_multicore/multicore.c.o
                0x00000000100046c0                core1_wrapper
 .text.multicore_launch_core1_raw
                0x00000000100046cc       0x84 CMakeFiles/ps_2_freertos.dir/home/yasuno/Developments/RP2040/pico-sdk/src/rp2_common/pico_multicore/multicore.c.o
                0x00000000100046cc                multicore_launch_core1_raw
 .text.multicore_launch_core1
                0x0000000010004750       0x4c CMakeFiles/ps_2_freertos.dir/home/yasuno/Developments/RP2040/pico-sdk/src/rp2_common/pico_multicore/multicore.c.o
                0x0000000010004750                multicore_launch_core1
 .text.uart_init
                0x000000001000479c      0x11c CMakeFiles/ps_2_freertos.dir/home/yasuno/Developments/RP2040/pico-sdk/src/rp2_common/hardware_uart/uart.c.o
                0x000000001000479c                uart_init
 .text.first_per_core_initializer
                0x00000000100048b8        0x4 CMakeFiles/ps_2_freertos.dir/home/yasuno/Developments/RP2040/pico-sdk/src/rp2_common/pico_runtime/runtime.c.o
 .text.hard_assertion_failure
                0x00000000100048bc        0xc CMakeFiles/ps_2_freertos.dir/home/yasuno/Developments/RP2040/pico-sdk/src/rp2_common/pico_runtime/runtime.c.o
                0x00000000100048bc                hard_assertion_failure
 .text.runtime_run_initializers
                0x00000000100048c8       0x28 CMakeFiles/ps_2_freertos.dir/home/yasuno/Developments/RP2040/pico-sdk/src/rp2_common/pico_runtime/runtime.c.o
                0x00000000100048c8                runtime_run_initializers
 .text.runtime_run_per_core_initializers
                0x00000000100048f0       0x28 CMakeFiles/ps_2_freertos.dir/home/yasuno/Developments/RP2040/pico-sdk/src/rp2_common/pico_runtime/runtime.c.o
                0x00000000100048f0                runtime_run_per_core_initializers
 .text.runtime_init_early_resets
                0x0000000010004918       0x2c CMakeFiles/ps_2_freertos.dir/home/yasuno/Developments/RP2040/pico-sdk/src/rp2_common/pico_runtime_init/runtime_init.c.o
                0x0000000010004918                runtime_init_early_resets
 .text.runtime_init_usb_power_down
                0x0000000010004944       0x1c CMakeFiles/ps_2_freertos.dir/home/yasuno/Developments/RP2040/pico-sdk/src/rp2_common/pico_runtime_init/runtime_init.c.o
                0x0000000010004944                runtime_init_usb_power_down
 .text.runtime_init_post_clock_resets
                0x0000000010004960       0x20 CMakeFiles/ps_2_freertos.dir/home/yasuno/Developments/RP2040/pico-sdk/src/rp2_common/pico_runtime_init/runtime_init.c.o
                0x0000000010004960                runtime_init_post_clock_resets
 .text.runtime_init_rp2040_gpio_ie_disable
                0x0000000010004980       0x14 CMakeFiles/ps_2_freertos.dir/home/yasuno/Developments/RP2040/pico-sdk/src/rp2_common/pico_runtime_init/runtime_init.c.o
                0x0000000010004980                runtime_init_rp2040_gpio_ie_disable
 .text.runtime_init_spin_locks_reset
                0x0000000010004994        0x8 CMakeFiles/ps_2_freertos.dir/home/yasuno/Developments/RP2040/pico-sdk/src/rp2_common/pico_runtime_init/runtime_init.c.o
                0x0000000010004994                runtime_init_spin_locks_reset
 .text.runtime_init_install_ram_vector_table
                0x000000001000499c       0x1c CMakeFiles/ps_2_freertos.dir/home/yasuno/Developments/RP2040/pico-sdk/src/rp2_common/pico_runtime_init/runtime_init.c.o
                0x000000001000499c                runtime_init_install_ram_vector_table
 .text.runtime_init_clocks
                0x00000000100049b8       0xd8 CMakeFiles/ps_2_freertos.dir/home/yasuno/Developments/RP2040/pico-sdk/src/rp2_common/pico_runtime_init/runtime_init_clocks.c.o
                0x00000000100049b8                runtime_init_clocks
 .text          0x0000000010004a90       0x10 CMakeFiles/ps_2_freertos.dir/home/yasuno/Developments/RP2040/pico-sdk/src/rp2_common/pico_bit_ops/bit_ops_aeabi.S.o
 .text.__wrap___aeabi_idiv
                0x0000000010004aa0       0x50 CMakeFiles/ps_2_freertos.dir/home/yasuno/Developments/RP2040/pico-sdk/src/rp2_common/pico_divider/divider_hardware.S.o
                0x0000000010004aa0                __wrap___aeabi_idivmod
                0x0000000010004aa0                divmod_s32s32
                0x0000000010004aa0                div_s32s32
                0x0000000010004aa0                __wrap___aeabi_idiv
                0x0000000010004aa8                divmod_s32s32_unsafe
                0x0000000010004ad4                divmod_s32s32_savestate
 .text.__wrap___aeabi_uidiv
                0x0000000010004af0       0x4c CMakeFiles/ps_2_freertos.dir/home/yasuno/Developments/RP2040/pico-sdk/src/rp2_common/pico_divider/divider_hardware.S.o
                0x0000000010004af0                __wrap___aeabi_uidiv
                0x0000000010004af0                __wrap___aeabi_uidivmod
                0x0000000010004af0                div_u32u32
                0x0000000010004af0                divmod_u32u32
                0x0000000010004af8                divmod_u32u32_unsafe
                0x0000000010004b20                divmod_u32u32_savestate
 .text.__wrap___aeabi_ldiv
                0x0000000010004b3c      0x424 CMakeFiles/ps_2_freertos.dir/home/yasuno/Developments/RP2040/pico-sdk/src/rp2_common/pico_divider/divider_hardware.S.o
                0x0000000010004b3c                div_s64s64
                0x0000000010004b3c                divmod_s64s64
                0x0000000010004b3c                __wrap___aeabi_ldivmod
                0x0000000010004b6c                div_u64u64
                0x0000000010004b6c                divmod_u64u64
                0x0000000010004b6c                __wrap___aeabi_uldivmod
                0x0000000010004b7c                divmod_u64u64_savestate
                0x0000000010004b9c                divmod_s64s64_unsafe
                0x0000000010004c24                divmod_u64u64_unsafe
 .text.__wrap___aeabi_darithmetic
                0x0000000010004f60       0x80 CMakeFiles/ps_2_freertos.dir/home/yasuno/Developments/RP2040/pico-sdk/src/rp2_common/pico_double/double_aeabi_rp2040.S.o
                0x0000000010004f60                __wrap___aeabi_drsub
                0x0000000010004f66                __wrap___aeabi_dsub
                0x0000000010004f78                __wrap___aeabi_dadd
                0x0000000010004f8a                __wrap___aeabi_ddiv
                0x0000000010004fc6                __wrap___aeabi_dmul
 .text.__wrap___aeabi_cdcmple
                0x0000000010004fe0       0x6c CMakeFiles/ps_2_freertos.dir/home/yasuno/Developments/RP2040/pico-sdk/src/rp2_common/pico_double/double_aeabi_rp2040.S.o
                0x0000000010004fe0                __wrap___aeabi_cdrcmple
                0x0000000010004ff0                __wrap___aeabi_cdcmple
                0x0000000010004ff0                __wrap___aeabi_cdcmpeq
 .text.__wrap___aeabi_dcmplt
                0x000000001000504c        0xc CMakeFiles/ps_2_freertos.dir/home/yasuno/Developments/RP2040/pico-sdk/src/rp2_common/pico_double/double_aeabi_rp2040.S.o
                0x000000001000504c                __wrap___aeabi_dcmplt
 .text.__wrap___aeabi_dcmple
                0x0000000010005058       0x10 CMakeFiles/ps_2_freertos.dir/home/yasuno/Developments/RP2040/pico-sdk/src/rp2_common/pico_double/double_aeabi_rp2040.S.o
                0x0000000010005058                __wrap___aeabi_dcmple
 .text.__wrap___aeabi_dcmpge
                0x0000000010005068       0x10 CMakeFiles/ps_2_freertos.dir/home/yasuno/Developments/RP2040/pico-sdk/src/rp2_common/pico_double/double_aeabi_rp2040.S.o
                0x0000000010005068                __wrap___aeabi_dcmpge
 .text.__wrap___aeabi_dcmpgt
                0x0000000010005078        0xa CMakeFiles/ps_2_freertos.dir/home/yasuno/Developments/RP2040/pico-sdk/src/rp2_common/pico_double/double_aeabi_rp2040.S.o
                0x0000000010005078                __wrap___aeabi_dcmpgt
 .text.__wrap___aeabi_dcmpun
                0x0000000010005082       0x18 CMakeFiles/ps_2_freertos.dir/home/yasuno/Developments/RP2040/pico-sdk/src/rp2_common/pico_double/double_aeabi_rp2040.S.o
                0x0000000010005082                __wrap___aeabi_dcmpun
 *fill*         0x000000001000509a        0x2 
 .text.__wrap___aeabi_i2d
                0x000000001000509c       0x38 CMakeFiles/ps_2_freertos.dir/home/yasuno/Developments/RP2040/pico-sdk/src/rp2_common/pico_double/double_aeabi_rp2040.S.o
                0x000000001000509c                __wrap___aeabi_ui2d
                0x00000000100050a4                __wrap___aeabi_i2d
 .text.__wrap___aeabi_d2iz
                0x00000000100050d4       0x48 CMakeFiles/ps_2_freertos.dir/home/yasuno/Developments/RP2040/pico-sdk/src/rp2_common/pico_double/double_aeabi_rp2040.S.o
                0x00000000100050d4                __wrap___aeabi_d2iz
                0x00000000100050d4                double2int_z
 .text.__wrap___aeabi_d2uiz
                0x000000001000511c       0x18 CMakeFiles/ps_2_freertos.dir/home/yasuno/Developments/RP2040/pico-sdk/src/rp2_common/pico_double/double_aeabi_rp2040.S.o
                0x000000001000511c                double2uint
                0x000000001000511c                __wrap___aeabi_d2uiz
 .text.__aeabi_double_init
                0x0000000010005134       0xa0 CMakeFiles/ps_2_freertos.dir/home/yasuno/Developments/RP2040/pico-sdk/src/rp2_common/pico_double/double_init_rom_rp2040.c.o
                0x0000000010005134                __aeabi_double_init
 .text.double_table_shim_on_use_helper
                0x00000000100051d4       0x2c CMakeFiles/ps_2_freertos.dir/home/yasuno/Developments/RP2040/pico-sdk/src/rp2_common/pico_double/double_v1_rom_shim_rp2040.S.o
                0x00000000100051d4                double_table_shim_on_use_helper
 .text.__wrap___aeabi_dsub
                0x0000000010005200       0x10 CMakeFiles/ps_2_freertos.dir/home/yasuno/Developments/RP2040/pico-sdk/src/rp2_common/pico_double/double_v1_rom_shim_rp2040.S.o
                0x0000000010005200                drsub_shim
                0x0000000010005206                dsub_shim
 .text.dadd_shim
                0x0000000010005210      0x15c CMakeFiles/ps_2_freertos.dir/home/yasuno/Developments/RP2040/pico-sdk/src/rp2_common/pico_double/double_v1_rom_shim_rp2040.S.o
                0x0000000010005210                dadd_shim
 .text.dmul_shim
                0x000000001000536c      0x15c CMakeFiles/ps_2_freertos.dir/home/yasuno/Developments/RP2040/pico-sdk/src/rp2_common/pico_double/double_v1_rom_shim_rp2040.S.o
                0x000000001000536c                dmul_shim
 .text.ddiv_shim
                0x00000000100054c8      0x1b0 CMakeFiles/ps_2_freertos.dir/home/yasuno/Developments/RP2040/pico-sdk/src/rp2_common/pico_double/double_v1_rom_shim_rp2040.S.o
                0x00000000100054c8                ddiv_shim
 .text.double2uint_shim
                0x0000000010005678        0xe CMakeFiles/ps_2_freertos.dir/home/yasuno/Developments/RP2040/pico-sdk/src/rp2_common/pico_double/double_v1_rom_shim_rp2040.S.o
                0x0000000010005678                double2uint_shim
                0x000000001000567a                double2ufix_shim
 *fill*         0x0000000010005686        0x2 
 .text.double2uint64_shim
                0x0000000010005688       0x70 CMakeFiles/ps_2_freertos.dir/home/yasuno/Developments/RP2040/pico-sdk/src/rp2_common/pico_double/double_v1_rom_shim_rp2040.S.o
                0x0000000010005688                double2uint64_shim
                0x000000001000568a                double2ufix64_shim
                0x00000000100056aa                d2fix_a
 .text.dunpacks
                0x00000000100056f8       0x3c CMakeFiles/ps_2_freertos.dir/home/yasuno/Developments/RP2040/pico-sdk/src/rp2_common/pico_double/double_v1_rom_shim_rp2040.S.o
                0x00000000100056f8                dunpacks
 .text.__aeabi_float_init
                0x0000000010005734       0x64 CMakeFiles/ps_2_freertos.dir/home/yasuno/Developments/RP2040/pico-sdk/src/rp2_common/pico_float/float_init_rom_rp2040.c.o
                0x0000000010005734                __aeabi_float_init
 .text.float_table_shim_on_use_helper
                0x0000000010005798       0x2c CMakeFiles/ps_2_freertos.dir/home/yasuno/Developments/RP2040/pico-sdk/src/rp2_common/pico_float/float_v1_rom_shim_rp2040.S.o
                0x0000000010005798                float_table_shim_on_use_helper
 .text          0x00000000100057c4       0x10 CMakeFiles/ps_2_freertos.dir/home/yasuno/Developments/RP2040/pico-sdk/src/rp2_common/pico_mem_ops/mem_ops_aeabi.S.o
                0x00000000100057c4                __aeabi_mem_init
 .text.memset   0x00000000100057d4        0xc CMakeFiles/ps_2_freertos.dir/home/yasuno/Developments/RP2040/pico-sdk/src/rp2_common/pico_mem_ops/mem_ops_aeabi.S.o
                0x00000000100057d4                __wrap_memset
 .text.memcpy   0x00000000100057e0        0xc CMakeFiles/ps_2_freertos.dir/home/yasuno/Developments/RP2040/pico-sdk/src/rp2_common/pico_mem_ops/mem_ops_aeabi.S.o
                0x00000000100057e0                __wrap___aeabi_memcpy
                0x00000000100057e0                __wrap_memcpy
 .text._out_null
                0x00000000100057ec        0x4 CMakeFiles/ps_2_freertos.dir/home/yasuno/Developments/RP2040/pico-sdk/src/rp2_common/pico_printf/printf.c.o
 .text._out_rev
                0x00000000100057f0       0x9c CMakeFiles/ps_2_freertos.dir/home/yasuno/Developments/RP2040/pico-sdk/src/rp2_common/pico_printf/printf.c.o
 .text._ntoa_format
                0x000000001000588c      0x1cc CMakeFiles/ps_2_freertos.dir/home/yasuno/Developments/RP2040/pico-sdk/src/rp2_common/pico_printf/printf.c.o
 .text._out_char
                0x0000000010005a58       0x10 CMakeFiles/ps_2_freertos.dir/home/yasuno/Developments/RP2040/pico-sdk/src/rp2_common/pico_printf/printf.c.o
 .text._out_fct
                0x0000000010005a68       0x10 CMakeFiles/ps_2_freertos.dir/home/yasuno/Developments/RP2040/pico-sdk/src/rp2_common/pico_printf/printf.c.o
 .text._etoa    0x0000000010005a78      0x44c CMakeFiles/ps_2_freertos.dir/home/yasuno/Developments/RP2040/pico-sdk/src/rp2_common/pico_printf/printf.c.o
 .text._ftoa    0x0000000010005ec4      0x398 CMakeFiles/ps_2_freertos.dir/home/yasuno/Developments/RP2040/pico-sdk/src/rp2_common/pico_printf/printf.c.o
 .text._vsnprintf
                0x000000001000625c      0xb04 CMakeFiles/ps_2_freertos.dir/home/yasuno/Developments/RP2040/pico-sdk/src/rp2_common/pico_printf/printf.c.o
 .text.vfctprintf
                0x0000000010006d60       0x20 CMakeFiles/ps_2_freertos.dir/home/yasuno/Developments/RP2040/pico-sdk/src/rp2_common/pico_printf/printf.c.o
                0x0000000010006d60                vfctprintf
 .text.weak_raw_vprintf
                0x0000000010006d80       0x30 CMakeFiles/ps_2_freertos.dir/home/yasuno/Developments/RP2040/pico-sdk/src/rp2_common/pico_printf/printf.c.o
                0x0000000010006d80                weak_raw_vprintf
 .text._exit    0x0000000010006db0        0x4 CMakeFiles/ps_2_freertos.dir/home/yasuno/Developments/RP2040/pico-sdk/src/rp2_common/pico_clib_interface/newlib_interface.c.o
                0x0000000010006db0                _exit
 .text.exit     0x0000000010006db4        0x8 CMakeFiles/ps_2_freertos.dir/home/yasuno/Developments/RP2040/pico-sdk/src/rp2_common/pico_clib_interface/newlib_interface.c.o
                0x0000000010006db4                exit
 .text.runtime_init
                0x0000000010006dbc       0x2c CMakeFiles/ps_2_freertos.dir/home/yasuno/Developments/RP2040/pico-sdk/src/rp2_common/pico_clib_interface/newlib_interface.c.o
                0x0000000010006dbc                runtime_init
 .text.stdio_out_chars_no_crlf
                0x0000000010006de8       0x10 CMakeFiles/ps_2_freertos.dir/home/yasuno/Developments/RP2040/pico-sdk/src/rp2_common/pico_stdio/stdio.c.o
 .text.stdio_out_chars_crlf
                0x0000000010006df8       0xb4 CMakeFiles/ps_2_freertos.dir/home/yasuno/Developments/RP2040/pico-sdk/src/rp2_common/pico_stdio/stdio.c.o
 .text.stdio_buffered_printer
                0x0000000010006eac       0x64 CMakeFiles/ps_2_freertos.dir/home/yasuno/Developments/RP2040/pico-sdk/src/rp2_common/pico_stdio/stdio.c.o
 .text.stdio_put_string
                0x0000000010006f10      0x100 CMakeFiles/ps_2_freertos.dir/home/yasuno/Developments/RP2040/pico-sdk/src/rp2_common/pico_stdio/stdio.c.o
                0x0000000010006f10                stdio_put_string
 .text.stdio_set_driver_enabled
                0x0000000010007010       0x30 CMakeFiles/ps_2_freertos.dir/home/yasuno/Developments/RP2040/pico-sdk/src/rp2_common/pico_stdio/stdio.c.o
                0x0000000010007010                stdio_set_driver_enabled
 .text.stdio_init_all
                0x0000000010007040        0xc CMakeFiles/ps_2_freertos.dir/home/yasuno/Developments/RP2040/pico-sdk/src/rp2_common/pico_stdio/stdio.c.o
                0x0000000010007040                stdio_init_all
 .text.__wrap_putchar
                0x000000001000704c       0x98 CMakeFiles/ps_2_freertos.dir/home/yasuno/Developments/RP2040/pico-sdk/src/rp2_common/pico_stdio/stdio.c.o
                0x000000001000704c                stdio_putchar
                0x000000001000704c                __wrap_putchar
 .text.__wrap_puts
                0x00000000100070e4       0x3c CMakeFiles/ps_2_freertos.dir/home/yasuno/Developments/RP2040/pico-sdk/src/rp2_common/pico_stdio/stdio.c.o
                0x00000000100070e4                __wrap_puts
                0x00000000100070e4                stdio_puts
 .text.__wrap_vprintf
                0x0000000010007120       0xd8 CMakeFiles/ps_2_freertos.dir/home/yasuno/Developments/RP2040/pico-sdk/src/rp2_common/pico_stdio/stdio.c.o
                0x0000000010007120                __wrap_vprintf
                0x0000000010007120                stdio_vprintf
 .text.__wrap_printf
                0x00000000100071f8       0x18 CMakeFiles/ps_2_freertos.dir/home/yasuno/Developments/RP2040/pico-sdk/src/rp2_common/pico_stdio/stdio.c.o
                0x00000000100071f8                stdio_printf
                0x00000000100071f8                __wrap_printf
 .text.stdio_uart_out_chars
                0x0000000010007210       0x4c CMakeFiles/ps_2_freertos.dir/home/yasuno/Developments/RP2040/pico-sdk/src/rp2_common/pico_stdio_uart/stdio_uart.c.o
 .text.stdio_uart_in_chars
                0x000000001000725c       0x84 CMakeFiles/ps_2_freertos.dir/home/yasuno/Developments/RP2040/pico-sdk/src/rp2_common/pico_stdio_uart/stdio_uart.c.o
                0x000000001000725c                stdio_uart_in_chars
 .text.on_uart_rx
                0x00000000100072e0       0x28 CMakeFiles/ps_2_freertos.dir/home/yasuno/Developments/RP2040/pico-sdk/src/rp2_common/pico_stdio_uart/stdio_uart.c.o
 .text.stdio_uart_out_flush
                0x0000000010007308       0x14 CMakeFiles/ps_2_freertos.dir/home/yasuno/Developments/RP2040/pico-sdk/src/rp2_common/pico_stdio_uart/stdio_uart.c.o
 .text.stdio_uart_set_chars_available_callback
                0x000000001000731c       0x88 CMakeFiles/ps_2_freertos.dir/home/yasuno/Developments/RP2040/pico-sdk/src/rp2_common/pico_stdio_uart/stdio_uart.c.o
 .text.stdio_uart_init
                0x00000000100073a4       0x50 CMakeFiles/ps_2_freertos.dir/home/yasuno/Developments/RP2040/pico-sdk/src/rp2_common/pico_stdio_uart/stdio_uart.c.o
                0x00000000100073a4                stdio_uart_init
 .text.spi_init
                0x00000000100073f4      0x134 CMakeFiles/ps_2_freertos.dir/home/yasuno/Developments/RP2040/pico-sdk/src/rp2_common/hardware_spi/spi.c.o
                0x00000000100073f4                spi_init
 .text          0x0000000010007528       0x5c /usr/lib/gcc/arm-none-eabi/10.3.1/../../../arm-none-eabi/lib/thumb/v6-m/nofp/libg.a(lib_a-strlen-stub.o)
                0x0000000010007528                strlen
 *(.fini)
 .fini          0x0000000010007584        0x4 /usr/lib/gcc/arm-none-eabi/10.3.1/thumb/v6-m/nofp/crti.o
                0x0000000010007584                _fini
 .fini.__stub   0x0000000010007588       0x50 linker stubs
 *crtbegin.o(.ctors)
 *crtbegin?.o(.ctors)
 *(EXCLUDE_FILE(*crtend.o *crtend?.o) .ctors)
 *(SORT_BY_NAME(.ctors.*))
 *(.ctors)
 *crtbegin.o(.dtors)
 *crtbegin?.o(.dtors)
 *(EXCLUDE_FILE(*crtend.o *crtend?.o) .dtors)
 *(SORT_BY_NAME(.dtors.*))
 *(.dtors)
                0x00000000100075d8                . = ALIGN (0x4)
                0x00000000100075d8                PROVIDE (__preinit_array_start = .)
 *(SORT_BY_NAME(.preinit_array.*))
 .preinit_array.00100
                0x00000000100075d8        0x4 CMakeFiles/ps_2_freertos.dir/home/yasuno/Developments/RP2040/pico-sdk/src/rp2_common/pico_runtime_init/runtime_init.c.o
                0x00000000100075d8                __pre_init_runtime_init_early_resets
 .preinit_array.00101
                0x00000000100075dc        0x4 CMakeFiles/ps_2_freertos.dir/home/yasuno/Developments/RP2040/pico-sdk/src/rp2_common/pico_runtime_init/runtime_init.c.o
                0x00000000100075dc                __pre_init_runtime_init_usb_power_down
 .preinit_array.00275
                0x00000000100075e0        0x4 CMakeFiles/ps_2_freertos.dir/home/yasuno/Developments/RP2040/pico-sdk/src/rp2_common/pico_bit_ops/bit_ops_aeabi.S.o
 .preinit_array.00300
                0x00000000100075e4        0x4 CMakeFiles/ps_2_freertos.dir/home/yasuno/Developments/RP2040/pico-sdk/src/rp2_common/pico_mem_ops/mem_ops_aeabi.S.o
 .preinit_array.00350
                0x00000000100075e8        0x4 CMakeFiles/ps_2_freertos.dir/home/yasuno/Developments/RP2040/pico-sdk/src/rp2_common/pico_double/double_aeabi_rp2040.S.o
 .preinit_array.00350
                0x00000000100075ec        0x4 CMakeFiles/ps_2_freertos.dir/home/yasuno/Developments/RP2040/pico-sdk/src/rp2_common/pico_float/float_aeabi_rp2040.S.o
 .preinit_array.00500
                0x00000000100075f0        0x4 CMakeFiles/ps_2_freertos.dir/home/yasuno/Developments/RP2040/pico-sdk/src/rp2_common/pico_runtime_init/runtime_init.c.o
                0x00000000100075f0                __pre_init_runtime_init_clocks
 .preinit_array.00600
                0x00000000100075f4        0x4 CMakeFiles/ps_2_freertos.dir/home/yasuno/Developments/RP2040/pico-sdk/src/rp2_common/pico_runtime_init/runtime_init.c.o
                0x00000000100075f4                __pre_init_runtime_init_post_clock_resets
 .preinit_array.00700
                0x00000000100075f8        0x4 CMakeFiles/ps_2_freertos.dir/home/yasuno/Developments/RP2040/pico-sdk/src/rp2_common/pico_runtime_init/runtime_init.c.o
                0x00000000100075f8                __pre_init_runtime_init_rp2040_gpio_ie_disable
 .preinit_array.01000
                0x00000000100075fc        0x4 CMakeFiles/ps_2_freertos.dir/home/yasuno/Developments/RP2040/pico-sdk/src/rp2_common/pico_runtime_init/runtime_init.c.o
                0x00000000100075fc                __pre_init_runtime_init_spin_locks_reset
 .preinit_array.01100
                0x0000000010007600        0x4 CMakeFiles/ps_2_freertos.dir/home/yasuno/Developments/RP2040/pico-sdk/src/common/pico_sync/mutex.c.o
                0x0000000010007600                __pre_init_runtime_init_mutex
 .preinit_array.10080
                0x0000000010007604        0x4 CMakeFiles/ps_2_freertos.dir/home/yasuno/Developments/RP2040/pico-sdk/src/rp2_common/pico_runtime_init/runtime_init.c.o
                0x0000000010007604                __pre_init_runtime_init_install_ram_vector_table
 .preinit_array.11000
                0x0000000010007608        0x4 CMakeFiles/ps_2_freertos.dir/home/yasuno/Developments/RP2040/pico-sdk/src/common/pico_time/time.c.o
                0x0000000010007608                __pre_init_runtime_init_default_alarm_pool
 .preinit_array.YYYYY
                0x000000001000760c        0x4 CMakeFiles/ps_2_freertos.dir/home/yasuno/Developments/RP2040/pico-sdk/src/rp2_common/pico_runtime/runtime.c.o
                0x000000001000760c                __pre_init_first_per_core_initializer
 .preinit_array.ZZZZZ.01200
                0x0000000010007610        0x4 CMakeFiles/ps_2_freertos.dir/home/yasuno/Developments/RP2040/pico-sdk/src/rp2_common/hardware_irq/irq.c.o
                0x0000000010007610                __pre_init_runtime_init_per_core_irq_priorities
 *(.preinit_array)
                0x0000000010007614                PROVIDE (__preinit_array_end = .)
                0x0000000010007614                . = ALIGN (0x4)
                0x0000000010007614                PROVIDE (__init_array_start = .)
 *(SORT_BY_NAME(.init_array.*))
 *(.init_array)
 .init_array    0x0000000010007614        0x4 /usr/lib/gcc/arm-none-eabi/10.3.1/thumb/v6-m/nofp/crtbegin.o
 .init_array    0x0000000010007618        0x4 CMakeFiles/ps_2_freertos.dir/home/yasuno/Developments/FreeRTOS-LTS/FreeRTOS/FreeRTOS-Kernel/portable/ThirdParty/GCC/RP2040/port.c.o
                0x000000001000761c                PROVIDE (__init_array_end = .)
                0x000000001000761c                . = ALIGN (0x4)
                0x000000001000761c                PROVIDE (__fini_array_start = .)
 *(SORT_BY_NAME(.fini_array.*))
 *(.fini_array)
                0x000000001000761c                PROVIDE (__fini_array_end = .)
 *(.eh_frame*)
 .eh_frame      0x000000001000761c        0x0 /usr/lib/gcc/arm-none-eabi/10.3.1/thumb/v6-m/nofp/crtbegin.o
                0x000000001000761c                . = ALIGN (0x4)

.glue_7         0x000000001000761c        0x0
 .glue_7        0x000000001000761c        0x0 linker stubs

.glue_7t        0x000000001000761c        0x0
 .glue_7t       0x000000001000761c        0x0 linker stubs

.vfp11_veneer   0x000000001000761c        0x0
 .vfp11_veneer  0x000000001000761c        0x0 linker stubs

.v4_bx          0x000000001000761c        0x0
 .v4_bx         0x000000001000761c        0x0 linker stubs

.iplt           0x000000001000761c        0x0
 .iplt          0x000000001000761c        0x0 /usr/lib/gcc/arm-none-eabi/10.3.1/thumb/v6-m/nofp/crtbegin.o

.rodata         0x0000000010007620      0x4bc
 *(EXCLUDE_FILE(*libm.a: *libc.a:*lib_a-mem*.o *libgcc.a:) .rodata*)
 .rodata.main_task.str1.4
                0x0000000010007620       0x46 CMakeFiles/ps_2_freertos.dir/ps_2_freertos.c.o
 *fill*         0x0000000010007666        0x2 
 .rodata.hostside_task.str1.4
                0x0000000010007668       0x1d CMakeFiles/ps_2_freertos.dir/ps_2_freertos.c.o
 *fill*         0x0000000010007685        0x3 
 .rodata.buffer_task.str1.4
                0x0000000010007688       0x2a CMakeFiles/ps_2_freertos.dir/ps_2_freertos.c.o
 *fill*         0x00000000100076b2        0x2 
 .rodata.vLaunch.str1.4
                0x00000000100076b4        0xb CMakeFiles/ps_2_freertos.dir/ps_2_freertos.c.o
 *fill*         0x00000000100076bf        0x1 
 .rodata.main.str1.4
                0x00000000100076c0       0x2c CMakeFiles/ps_2_freertos.dir/ps_2_freertos.c.o
 .rodata.SPI_Init.str1.4
                0x00000000100076ec        0xf CMakeFiles/ps_2_freertos.dir/spi_slave.c.o
 *fill*         0x00000000100076fb        0x1 
 .rodata.__bi_103.0
                0x00000000100076fc        0x8 CMakeFiles/ps_2_freertos.dir/spi_slave.c.o
 .rodata.panic.str1.4
                0x0000000010007704       0x10 CMakeFiles/ps_2_freertos.dir/home/yasuno/Developments/RP2040/pico-sdk/src/rp2_common/pico_platform_panic/panic.c.o
                                         0x12 (size before relaxing)
 .rodata.panic_unsupported.str1.4
                0x0000000010007714        0xe CMakeFiles/ps_2_freertos.dir/home/yasuno/Developments/RP2040/pico-sdk/src/rp2_common/pico_platform_panic/panic.c.o
 *fill*         0x0000000010007722        0x2 
 .rodata.prvTimerTask
                0x0000000010007724       0x28 CMakeFiles/ps_2_freertos.dir/home/yasuno/Developments/FreeRTOS-LTS/FreeRTOS/FreeRTOS-Kernel/timers.c.o
 .rodata.xTimerCreateTimerTask.str1.4
                0x000000001000774c       0x10 CMakeFiles/ps_2_freertos.dir/home/yasuno/Developments/FreeRTOS-LTS/FreeRTOS/FreeRTOS-Kernel/timers.c.o
 .rodata.spin_lock_claim.str1.4
                0x000000001000775c       0x1f CMakeFiles/ps_2_freertos.dir/home/yasuno/Developments/RP2040/pico-sdk/src/rp2_common/hardware_sync/sync.c.o
 *fill*         0x000000001000777b        0x1 
 .rodata.timer_hardware_alarm_claim.str1.4
                0x000000001000777c       0x22 CMakeFiles/ps_2_freertos.dir/home/yasuno/Developments/RP2040/pico-sdk/src/rp2_common/hardware_timer/timer.c.o
 *fill*         0x000000001000779e        0x2 
 .rodata.hard_assertion_failure.str1.4
                0x00000000100077a0        0xc CMakeFiles/ps_2_freertos.dir/home/yasuno/Developments/RP2040/pico-sdk/src/rp2_common/pico_runtime/runtime.c.o
 .rodata.str1.4
                0x00000000100077ac       0x44 CMakeFiles/ps_2_freertos.dir/home/yasuno/Developments/RP2040/pico-sdk/src/rp2_common/pico_standard_binary_info/standard_binary_info.c.o
 .rodata.__bi_26
                0x00000000100077f0        0xc CMakeFiles/ps_2_freertos.dir/home/yasuno/Developments/RP2040/pico-sdk/src/rp2_common/pico_standard_binary_info/standard_binary_info.c.o
 .rodata.__bi_34
                0x00000000100077fc        0xc CMakeFiles/ps_2_freertos.dir/home/yasuno/Developments/RP2040/pico-sdk/src/rp2_common/pico_standard_binary_info/standard_binary_info.c.o
 .rodata.__bi_42
                0x0000000010007808        0xc CMakeFiles/ps_2_freertos.dir/home/yasuno/Developments/RP2040/pico-sdk/src/rp2_common/pico_standard_binary_info/standard_binary_info.c.o
 .rodata.__bi_48
                0x0000000010007814        0xc CMakeFiles/ps_2_freertos.dir/home/yasuno/Developments/RP2040/pico-sdk/src/rp2_common/pico_standard_binary_info/standard_binary_info.c.o
 .rodata.__bi_54
                0x0000000010007820        0xc CMakeFiles/ps_2_freertos.dir/home/yasuno/Developments/RP2040/pico-sdk/src/rp2_common/pico_standard_binary_info/standard_binary_info.c.o
 .rodata.__bi_78
                0x000000001000782c        0xc CMakeFiles/ps_2_freertos.dir/home/yasuno/Developments/RP2040/pico-sdk/src/rp2_common/pico_standard_binary_info/standard_binary_info.c.o
 .rodata.__bi_84
                0x0000000010007838        0xc CMakeFiles/ps_2_freertos.dir/home/yasuno/Developments/RP2040/pico-sdk/src/rp2_common/pico_standard_binary_info/standard_binary_info.c.o
 .rodata._ftoa.str1.4
                0x0000000010007844       0x15 CMakeFiles/ps_2_freertos.dir/home/yasuno/Developments/RP2040/pico-sdk/src/rp2_common/pico_printf/printf.c.o
 *fill*         0x0000000010007859        0x3 
 .rodata._vsnprintf
                0x000000001000785c      0x1e0 CMakeFiles/ps_2_freertos.dir/home/yasuno/Developments/RP2040/pico-sdk/src/rp2_common/pico_printf/printf.c.o
 *fill*         0x0000000010007a3c        0x4 
 .rodata.pow10.0
                0x0000000010007a40       0x50 CMakeFiles/ps_2_freertos.dir/home/yasuno/Developments/RP2040/pico-sdk/src/rp2_common/pico_printf/printf.c.o
 .rodata.crlf_str.0
                0x0000000010007a90        0x2 CMakeFiles/ps_2_freertos.dir/home/yasuno/Developments/RP2040/pico-sdk/src/rp2_common/pico_stdio/stdio.c.o
 *fill*         0x0000000010007a92        0x2 
 .rodata.str1.4
                0x0000000010007a94       0x2c CMakeFiles/ps_2_freertos.dir/home/yasuno/Developments/RP2040/pico-sdk/src/rp2_common/pico_stdio_uart/stdio_uart.c.o
 .rodata.__bi_45.4
                0x0000000010007ac0        0xc CMakeFiles/ps_2_freertos.dir/home/yasuno/Developments/RP2040/pico-sdk/src/rp2_common/pico_stdio_uart/stdio_uart.c.o
 .rodata.__bi_49.5
                0x0000000010007acc        0x8 CMakeFiles/ps_2_freertos.dir/home/yasuno/Developments/RP2040/pico-sdk/src/rp2_common/pico_stdio_uart/stdio_uart.c.o
 .rodata.__bi_50.6
                0x0000000010007ad4        0x8 CMakeFiles/ps_2_freertos.dir/home/yasuno/Developments/RP2040/pico-sdk/src/rp2_common/pico_stdio_uart/stdio_uart.c.o
                0x0000000010007adc                . = ALIGN (0x4)
 *(SORT_BY_ALIGNMENT(SORT_BY_NAME(.flashdata*)))
                0x0000000010007adc                . = ALIGN (0x4)

.ARM.extab
 *(.ARM.extab* .gnu.linkonce.armextab.*)
                0x0000000010007adc                __exidx_start = .

.ARM.exidx
 *(.ARM.exidx* .gnu.linkonce.armexidx.*)
                0x0000000010007adc                __exidx_end = .
                0x0000000010007adc                . = ALIGN (0x4)
                0x0000000010007adc                __binary_info_start = .

.binary_info    0x0000000010007adc       0x2c
 *(.binary_info.keep.*)
 .binary_info.keep.__bi_ptr103
                0x0000000010007adc        0x4 CMakeFiles/ps_2_freertos.dir/spi_slave.c.o
 .binary_info.keep.__bi_ptr26
                0x0000000010007ae0        0x4 CMakeFiles/ps_2_freertos.dir/home/yasuno/Developments/RP2040/pico-sdk/src/rp2_common/pico_standard_binary_info/standard_binary_info.c.o
 .binary_info.keep.__bi_ptr34
                0x0000000010007ae4        0x4 CMakeFiles/ps_2_freertos.dir/home/yasuno/Developments/RP2040/pico-sdk/src/rp2_common/pico_standard_binary_info/standard_binary_info.c.o
 .binary_info.keep.__bi_ptr42
                0x0000000010007ae8        0x4 CMakeFiles/ps_2_freertos.dir/home/yasuno/Developments/RP2040/pico-sdk/src/rp2_common/pico_standard_binary_info/standard_binary_info.c.o
 .binary_info.keep.__bi_ptr48
                0x0000000010007aec        0x4 CMakeFiles/ps_2_freertos.dir/home/yasuno/Developments/RP2040/pico-sdk/src/rp2_common/pico_standard_binary_info/standard_binary_info.c.o
 .binary_info.keep.__bi_ptr54
                0x0000000010007af0        0x4 CMakeFiles/ps_2_freertos.dir/home/yasuno/Developments/RP2040/pico-sdk/src/rp2_common/pico_standard_binary_info/standard_binary_info.c.o
 .binary_info.keep.__bi_ptr78
                0x0000000010007af4        0x4 CMakeFiles/ps_2_freertos.dir/home/yasuno/Developments/RP2040/pico-sdk/src/rp2_common/pico_standard_binary_info/standard_binary_info.c.o
 .binary_info.keep.__bi_ptr84
                0x0000000010007af8        0x4 CMakeFiles/ps_2_freertos.dir/home/yasuno/Developments/RP2040/pico-sdk/src/rp2_common/pico_standard_binary_info/standard_binary_info.c.o
 *(.binary_info.*)
 .binary_info.__bi_ptr45
                0x0000000010007afc        0x4 CMakeFiles/ps_2_freertos.dir/home/yasuno/Developments/RP2040/pico-sdk/src/rp2_common/pico_stdio_uart/stdio_uart.c.o
 .binary_info.__bi_ptr49
                0x0000000010007b00        0x4 CMakeFiles/ps_2_freertos.dir/home/yasuno/Developments/RP2040/pico-sdk/src/rp2_common/pico_stdio_uart/stdio_uart.c.o
 .binary_info.__bi_ptr50
                0x0000000010007b04        0x4 CMakeFiles/ps_2_freertos.dir/home/yasuno/Developments/RP2040/pico-sdk/src/rp2_common/pico_stdio_uart/stdio_uart.c.o
                0x0000000010007b08                __binary_info_end = .

.rel.dyn        0x0000000010007b08        0x0
 .rel.iplt      0x0000000010007b08        0x0 /usr/lib/gcc/arm-none-eabi/10.3.1/thumb/v6-m/nofp/crtbegin.o
                0x0000000010007b08                . = ALIGN (0x4)

.ram_vector_table
                0x0000000020000000       0xc0
 *(.ram_vector_table)
 .ram_vector_table
                0x0000000020000000       0xc0 CMakeFiles/ps_2_freertos.dir/home/yasuno/Developments/RP2040/pico-sdk/src/rp2_common/pico_runtime_init/runtime_init.c.o
                0x0000000020000000                ram_vector_table

.uninitialized_data
                0x00000000200000c0        0x0
                0x00000000200000c0                . = ALIGN (0x4)
 *(.uninitialized_data*)

.data           0x00000000200000c0      0x228 load address 0x0000000010007b08
                0x00000000200000c0                __data_start__ = .
 *(vtable)
 *(.time_critical*)
 .time_critical.mutex_try_enter_block_until
                0x00000000200000c0       0x9c CMakeFiles/ps_2_freertos.dir/home/yasuno/Developments/RP2040/pico-sdk/src/common/pico_sync/mutex.c.o
                0x00000000200000c0                mutex_try_enter_block_until
 .time_critical.mutex_exit
                0x000000002000015c       0x20 CMakeFiles/ps_2_freertos.dir/home/yasuno/Developments/RP2040/pico-sdk/src/common/pico_sync/mutex.c.o
                0x000000002000015c                mutex_exit
 .time_critical.spi_read16_blocking
                0x000000002000017c       0x74 CMakeFiles/ps_2_freertos.dir/home/yasuno/Developments/RP2040/pico-sdk/src/rp2_common/hardware_spi/spi.c.o
                0x000000002000017c                spi_read16_blocking
 *(.text*)
 .text          0x00000000200001f0        0x4 /usr/lib/gcc/arm-none-eabi/10.3.1/thumb/v6-m/nofp/libgcc.a(_dvmd_tls.o)
                0x00000000200001f0                __aeabi_ldiv0
                0x00000000200001f0                __aeabi_idiv0
 *fill*         0x00000000200001f4        0x4 
 .text.__stub   0x00000000200001f8       0x30 linker stubs
                0x0000000020000228                . = ALIGN (0x4)
 *(.rodata*)
                0x0000000020000228                . = ALIGN (0x4)
 *(.data*)
 .data.last_core_id.0
                0x0000000020000228        0x4 CMakeFiles/ps_2_freertos.dir/ps_2_freertos.c.o
 .data.last_core_id.1
                0x000000002000022c        0x4 CMakeFiles/ps_2_freertos.dir/ps_2_freertos.c.o
 .data.last_core_id.2
                0x0000000020000230        0x4 CMakeFiles/ps_2_freertos.dir/ps_2_freertos.c.o
 .data.ucPrimaryCoreNum
                0x0000000020000234        0x1 CMakeFiles/ps_2_freertos.dir/home/yasuno/Developments/FreeRTOS-LTS/FreeRTOS/FreeRTOS-Kernel/portable/ThirdParty/GCC/RP2040/port.c.o
 *fill*         0x0000000020000235        0x3 
 .data.uxTopUsedPriority
                0x0000000020000238        0x4 CMakeFiles/ps_2_freertos.dir/home/yasuno/Developments/FreeRTOS-LTS/FreeRTOS/FreeRTOS-Kernel/tasks.c.o
 .data.striped_spin_lock_num
                0x000000002000023c        0x1 CMakeFiles/ps_2_freertos.dir/home/yasuno/Developments/RP2040/pico-sdk/src/rp2_common/hardware_sync/sync.c.o
 *fill*         0x000000002000023d        0x3 
 .data          0x0000000020000240       0x48 CMakeFiles/ps_2_freertos.dir/home/yasuno/Developments/RP2040/pico-sdk/src/rp2_common/hardware_irq/irq_handler_chain.S.o
                0x0000000020000240                irq_handler_chain_slots
                0x0000000020000270                irq_handler_chain_first_slot
                0x000000002000027a                irq_handler_chain_remove_tail
 .data.default_alarm_pool
                0x0000000020000288       0x18 CMakeFiles/ps_2_freertos.dir/home/yasuno/Developments/RP2040/pico-sdk/src/common/pico_time/time.c.o
 *fill*         0x00000000200002a0        0x0 
 .data.aeabi_bits_funcs
                0x00000000200002a0       0x10 CMakeFiles/ps_2_freertos.dir/home/yasuno/Developments/RP2040/pico-sdk/src/rp2_common/pico_bit_ops/bit_ops_aeabi.S.o
                0x00000000200002a0                aeabi_bits_funcs
                0x00000000200002b0                aeabi_bits_funcs_end
 .data.aeabi_mem_funcs
                0x00000000200002b0       0x10 CMakeFiles/ps_2_freertos.dir/home/yasuno/Developments/RP2040/pico-sdk/src/rp2_common/pico_mem_ops/mem_ops_aeabi.S.o
                0x00000000200002b0                aeabi_mem_funcs
                0x00000000200002c0                aeabi_mem_funcs_end
 .data.stdio_uart
                0x00000000200002c0       0x18 CMakeFiles/ps_2_freertos.dir/home/yasuno/Developments/RP2040/pico-sdk/src/rp2_common/pico_stdio_uart/stdio_uart.c.o
                0x00000000200002c0                stdio_uart
                0x00000000200002d8                . = ALIGN (0x4)
 *(.after_data.*)
                0x00000000200002d8                . = ALIGN (0x4)
                0x00000000200002d8                PROVIDE (__mutex_array_start = .)
 *(SORT_BY_NAME(.mutex_array.*))
 *(.mutex_array)
 .mutex_array   0x00000000200002d8        0x8 CMakeFiles/ps_2_freertos.dir/home/yasuno/Developments/RP2040/pico-sdk/src/rp2_common/pico_malloc/malloc.c.o
 .mutex_array   0x00000000200002e0        0x8 CMakeFiles/ps_2_freertos.dir/home/yasuno/Developments/RP2040/pico-sdk/src/rp2_common/pico_stdio/stdio.c.o
                0x00000000200002e8                PROVIDE (__mutex_array_end = .)
                0x00000000200002e8                . = ALIGN (0x4)
 *(.jcr)
                0x00000000200002e8                . = ALIGN (0x4)

.tm_clone_table
                0x00000000200002e8        0x0 load address 0x0000000010007d30
 .tm_clone_table
                0x00000000200002e8        0x0 /usr/lib/gcc/arm-none-eabi/10.3.1/thumb/v6-m/nofp/crtbegin.o
 .tm_clone_table
                0x00000000200002e8        0x0 /usr/lib/gcc/arm-none-eabi/10.3.1/thumb/v6-m/nofp/crtend.o

.igot.plt       0x00000000200002e8        0x0 load address 0x0000000010007d30
 .igot.plt      0x00000000200002e8        0x0 /usr/lib/gcc/arm-none-eabi/10.3.1/thumb/v6-m/nofp/crtbegin.o

.tdata          0x00000000200002e8        0x0 load address 0x0000000010007d30
                0x00000000200002e8                . = ALIGN (0x4)
 *(.tdata .tdata.* .gnu.linkonce.td.*)
                0x00000000200002e8                __tdata_end = .
                0x00000000200002e8                PROVIDE (__data_end__ = .)
                0x0000000010007b08                __etext = LOADADDR (.data)

.tbss           0x00000000200002e8        0x0 load address 0x0000000010007d30
                0x00000000200002e8                . = ALIGN (0x4)
                0x00000000200002e8                __bss_start__ = .
                0x00000000200002e8                __tls_base = .
 *(.tbss .tbss.* .gnu.linkonce.tb.*)
 *(.tcommon)
                0x00000000200002e8                __tls_end = .

.bss            0x00000000200002e8    0x20830 load address 0x0000000010007d30
                0x00000000200002e8                . = ALIGN (0x4)
                0x00000000200002e8                __tbss_end = .
 *(SORT_BY_ALIGNMENT(SORT_BY_NAME(.bss*)))
 .bss.default_alarm_pool_entries
                0x00000000200002e8      0x180 CMakeFiles/ps_2_freertos.dir/home/yasuno/Developments/RP2040/pico-sdk/src/common/pico_time/time.c.o
 .bss.sd_table  0x0000000020000468      0x100 CMakeFiles/ps_2_freertos.dir/home/yasuno/Developments/RP2040/pico-sdk/src/rp2_common/pico_double/double_init_rom_rp2040.c.o
                0x0000000020000468                sd_table
 .bss.sf_table  0x0000000020000568      0x100 CMakeFiles/ps_2_freertos.dir/home/yasuno/Developments/RP2040/pico-sdk/src/rp2_common/pico_float/float_init_rom_rp2040.c.o
                0x0000000020000568                sf_table
 .bss.xQueueRegistry
                0x0000000020000668       0x40 CMakeFiles/ps_2_freertos.dir/home/yasuno/Developments/FreeRTOS-LTS/FreeRTOS/FreeRTOS-Kernel/queue.c.o
                0x0000000020000668                xQueueRegistry
 .bss           0x00000000200006a8       0x1c /usr/lib/gcc/arm-none-eabi/10.3.1/thumb/v6-m/nofp/crtbegin.o
 .bss.Buffer    0x00000000200006c4       0x40 CMakeFiles/ps_2_freertos.dir/buffer.c.o
                0x00000000200006c4                Buffer
 .bss.chars_available_callback
                0x0000000020000704        0x4 CMakeFiles/ps_2_freertos.dir/home/yasuno/Developments/RP2040/pico-sdk/src/rp2_common/pico_stdio_uart/stdio_uart.c.o
 .bss.chars_available_param
                0x0000000020000708        0x4 CMakeFiles/ps_2_freertos.dir/home/yasuno/Developments/RP2040/pico-sdk/src/rp2_common/pico_stdio_uart/stdio_uart.c.o
 .bss.claimed   0x000000002000070c        0x4 CMakeFiles/ps_2_freertos.dir/home/yasuno/Developments/RP2040/pico-sdk/src/rp2_common/hardware_sync/sync.c.o
 .bss.claimed   0x0000000020000710        0x1 CMakeFiles/ps_2_freertos.dir/home/yasuno/Developments/RP2040/pico-sdk/src/rp2_common/hardware_timer/timer.c.o
 *fill*         0x0000000020000711        0x3 
 .bss.configured_freq
                0x0000000020000714       0x28 CMakeFiles/ps_2_freertos.dir/home/yasuno/Developments/RP2040/pico-sdk/src/rp2_common/hardware_clocks/clocks.c.o
 .bss.drivers   0x000000002000073c        0x4 CMakeFiles/ps_2_freertos.dir/home/yasuno/Developments/RP2040/pico-sdk/src/rp2_common/pico_stdio/stdio.c.o
 .bss.filter    0x0000000020000740        0x4 CMakeFiles/ps_2_freertos.dir/home/yasuno/Developments/RP2040/pico-sdk/src/rp2_common/pico_stdio/stdio.c.o
 .bss.lazy_vsnprintf
                0x0000000020000744        0x4 CMakeFiles/ps_2_freertos.dir/home/yasuno/Developments/RP2040/pico-sdk/src/rp2_common/pico_printf/printf.c.o
 .bss.pools     0x0000000020000748       0x10 CMakeFiles/ps_2_freertos.dir/home/yasuno/Developments/RP2040/pico-sdk/src/common/pico_time/time.c.o
 .bss.pxCurrentTCBs
                0x0000000020000758        0x8 CMakeFiles/ps_2_freertos.dir/home/yasuno/Developments/FreeRTOS-LTS/FreeRTOS/FreeRTOS-Kernel/tasks.c.o
                0x0000000020000758                pxCurrentTCBs
 .bss.pxCurrentTimerList
                0x0000000020000760        0x4 CMakeFiles/ps_2_freertos.dir/home/yasuno/Developments/FreeRTOS-LTS/FreeRTOS/FreeRTOS-Kernel/timers.c.o
 .bss.pxDelayedTaskList
                0x0000000020000764        0x4 CMakeFiles/ps_2_freertos.dir/home/yasuno/Developments/FreeRTOS-LTS/FreeRTOS/FreeRTOS-Kernel/tasks.c.o
 .bss.pxEnd     0x0000000020000768        0x4 CMakeFiles/ps_2_freertos.dir/home/yasuno/Developments/FreeRTOS-LTS/FreeRTOS/FreeRTOS-Kernel/portable/MemMang/heap_4.c.o
 .bss.pxOverflowDelayedTaskList
                0x000000002000076c        0x4 CMakeFiles/ps_2_freertos.dir/home/yasuno/Developments/FreeRTOS-LTS/FreeRTOS/FreeRTOS-Kernel/tasks.c.o
 .bss.pxOverflowTimerList
                0x0000000020000770        0x4 CMakeFiles/ps_2_freertos.dir/home/yasuno/Developments/FreeRTOS-LTS/FreeRTOS/FreeRTOS-Kernel/timers.c.o
 .bss.pxReadyTasksLists
                0x0000000020000774      0x280 CMakeFiles/ps_2_freertos.dir/home/yasuno/Developments/FreeRTOS-LTS/FreeRTOS/FreeRTOS-Kernel/tasks.c.o
 .bss.pxYieldSpinLock
                0x00000000200009f4        0x8 CMakeFiles/ps_2_freertos.dir/home/yasuno/Developments/FreeRTOS-LTS/FreeRTOS/FreeRTOS-Kernel/portable/ThirdParty/GCC/RP2040/port.c.o
 .bss.sf_clz_func
                0x00000000200009fc        0x4 CMakeFiles/ps_2_freertos.dir/home/yasuno/Developments/RP2040/pico-sdk/src/rp2_common/pico_double/double_init_rom_rp2040.c.o
                0x00000000200009fc                sf_clz_func
 .bss.sleep_notifier
                0x0000000020000a00        0x4 CMakeFiles/ps_2_freertos.dir/home/yasuno/Developments/RP2040/pico-sdk/src/common/pico_time/time.c.o
 .bss.uart_char_to_line_feed
                0x0000000020000a04        0x4 CMakeFiles/ps_2_freertos.dir/home/yasuno/Developments/RP2040/pico-sdk/src/rp2_common/hardware_uart/uart.c.o
                0x0000000020000a04                uart_char_to_line_feed
 .bss.uart_instance
                0x0000000020000a08        0x4 CMakeFiles/ps_2_freertos.dir/home/yasuno/Developments/RP2040/pico-sdk/src/rp2_common/pico_stdio_uart/stdio_uart.c.o
 .bss.ucHeap    0x0000000020000a0c    0x20000 CMakeFiles/ps_2_freertos.dir/home/yasuno/Developments/FreeRTOS-LTS/FreeRTOS/FreeRTOS-Kernel/portable/MemMang/heap_4.c.o
 .bss.ucOwnedByCore.1
                0x0000000020020a0c        0x2 CMakeFiles/ps_2_freertos.dir/home/yasuno/Developments/FreeRTOS-LTS/FreeRTOS/FreeRTOS-Kernel/tasks.c.o
 *fill*         0x0000000020020a0e        0x2 
 .bss.ucRecursionCountByLock.0
                0x0000000020020a10        0x2 CMakeFiles/ps_2_freertos.dir/home/yasuno/Developments/FreeRTOS-LTS/FreeRTOS/FreeRTOS-Kernel/tasks.c.o
 *fill*         0x0000000020020a12        0x2 
 .bss.ulYieldSpinLockSaveValue
                0x0000000020020a14        0x8 CMakeFiles/ps_2_freertos.dir/home/yasuno/Developments/FreeRTOS-LTS/FreeRTOS/FreeRTOS-Kernel/portable/ThirdParty/GCC/RP2040/port.c.o
 .bss.uxCriticalNestings
                0x0000000020020a1c        0x8 CMakeFiles/ps_2_freertos.dir/home/yasuno/Developments/FreeRTOS-LTS/FreeRTOS/FreeRTOS-Kernel/portable/ThirdParty/GCC/RP2040/port.c.o
                0x0000000020020a1c                uxCriticalNestings
 .bss.uxCurrentNumberOfTasks
                0x0000000020020a24        0x4 CMakeFiles/ps_2_freertos.dir/home/yasuno/Developments/FreeRTOS-LTS/FreeRTOS/FreeRTOS-Kernel/tasks.c.o
 .bss.uxDeletedTasksWaitingCleanUp
                0x0000000020020a28        0x4 CMakeFiles/ps_2_freertos.dir/home/yasuno/Developments/FreeRTOS-LTS/FreeRTOS/FreeRTOS-Kernel/tasks.c.o
 .bss.uxSchedulerSuspended
                0x0000000020020a2c        0x4 CMakeFiles/ps_2_freertos.dir/home/yasuno/Developments/FreeRTOS-LTS/FreeRTOS/FreeRTOS-Kernel/tasks.c.o
 .bss.uxTaskNumber
                0x0000000020020a30        0x4 CMakeFiles/ps_2_freertos.dir/home/yasuno/Developments/FreeRTOS-LTS/FreeRTOS/FreeRTOS-Kernel/tasks.c.o
 .bss.uxTopReadyPriority
                0x0000000020020a34        0x4 CMakeFiles/ps_2_freertos.dir/home/yasuno/Developments/FreeRTOS-LTS/FreeRTOS/FreeRTOS-Kernel/tasks.c.o
 .bss.xActiveTimerList1
                0x0000000020020a38       0x14 CMakeFiles/ps_2_freertos.dir/home/yasuno/Developments/FreeRTOS-LTS/FreeRTOS/FreeRTOS-Kernel/timers.c.o
 .bss.xActiveTimerList2
                0x0000000020020a4c       0x14 CMakeFiles/ps_2_freertos.dir/home/yasuno/Developments/FreeRTOS-LTS/FreeRTOS/FreeRTOS-Kernel/timers.c.o
 .bss.xDelayedTaskList1
                0x0000000020020a60       0x14 CMakeFiles/ps_2_freertos.dir/home/yasuno/Developments/FreeRTOS-LTS/FreeRTOS/FreeRTOS-Kernel/tasks.c.o
 .bss.xDelayedTaskList2
                0x0000000020020a74       0x14 CMakeFiles/ps_2_freertos.dir/home/yasuno/Developments/FreeRTOS-LTS/FreeRTOS/FreeRTOS-Kernel/tasks.c.o
 .bss.xEventGroup
                0x0000000020020a88        0x4 CMakeFiles/ps_2_freertos.dir/home/yasuno/Developments/FreeRTOS-LTS/FreeRTOS/FreeRTOS-Kernel/portable/ThirdParty/GCC/RP2040/port.c.o
 .bss.xFreeBytesRemaining
                0x0000000020020a8c        0x4 CMakeFiles/ps_2_freertos.dir/home/yasuno/Developments/FreeRTOS-LTS/FreeRTOS/FreeRTOS-Kernel/portable/MemMang/heap_4.c.o
 .bss.xIdleTaskHandles
                0x0000000020020a90        0x8 CMakeFiles/ps_2_freertos.dir/home/yasuno/Developments/FreeRTOS-LTS/FreeRTOS/FreeRTOS-Kernel/tasks.c.o
 .bss.xLastTime.0
                0x0000000020020a98        0x4 CMakeFiles/ps_2_freertos.dir/home/yasuno/Developments/FreeRTOS-LTS/FreeRTOS/FreeRTOS-Kernel/timers.c.o
 .bss.xMinimumEverFreeBytesRemaining
                0x0000000020020a9c        0x4 CMakeFiles/ps_2_freertos.dir/home/yasuno/Developments/FreeRTOS-LTS/FreeRTOS/FreeRTOS-Kernel/portable/MemMang/heap_4.c.o
 .bss.xNextTaskUnblockTime
                0x0000000020020aa0        0x4 CMakeFiles/ps_2_freertos.dir/home/yasuno/Developments/FreeRTOS-LTS/FreeRTOS/FreeRTOS-Kernel/tasks.c.o
 .bss.xNumOfOverflows
                0x0000000020020aa4        0x4 CMakeFiles/ps_2_freertos.dir/home/yasuno/Developments/FreeRTOS-LTS/FreeRTOS/FreeRTOS-Kernel/tasks.c.o
 .bss.xNumberOfSuccessfulAllocations
                0x0000000020020aa8        0x4 CMakeFiles/ps_2_freertos.dir/home/yasuno/Developments/FreeRTOS-LTS/FreeRTOS/FreeRTOS-Kernel/portable/MemMang/heap_4.c.o
 .bss.xNumberOfSuccessfulFrees
                0x0000000020020aac        0x4 CMakeFiles/ps_2_freertos.dir/home/yasuno/Developments/FreeRTOS-LTS/FreeRTOS/FreeRTOS-Kernel/portable/MemMang/heap_4.c.o
 .bss.xPendedTicks
                0x0000000020020ab0        0x4 CMakeFiles/ps_2_freertos.dir/home/yasuno/Developments/FreeRTOS-LTS/FreeRTOS/FreeRTOS-Kernel/tasks.c.o
 .bss.xPendingReadyList
                0x0000000020020ab4       0x14 CMakeFiles/ps_2_freertos.dir/home/yasuno/Developments/FreeRTOS-LTS/FreeRTOS/FreeRTOS-Kernel/tasks.c.o
 .bss.xSchedulerRunning
                0x0000000020020ac8        0x4 CMakeFiles/ps_2_freertos.dir/home/yasuno/Developments/FreeRTOS-LTS/FreeRTOS/FreeRTOS-Kernel/tasks.c.o
 .bss.xStart    0x0000000020020acc        0x8 CMakeFiles/ps_2_freertos.dir/home/yasuno/Developments/FreeRTOS-LTS/FreeRTOS/FreeRTOS-Kernel/portable/MemMang/heap_4.c.o
 .bss.xSuspendedTaskList
                0x0000000020020ad4       0x14 CMakeFiles/ps_2_freertos.dir/home/yasuno/Developments/FreeRTOS-LTS/FreeRTOS/FreeRTOS-Kernel/tasks.c.o
 .bss.xTasksWaitingTermination
                0x0000000020020ae8       0x14 CMakeFiles/ps_2_freertos.dir/home/yasuno/Developments/FreeRTOS-LTS/FreeRTOS/FreeRTOS-Kernel/tasks.c.o
 .bss.xTickCount
                0x0000000020020afc        0x4 CMakeFiles/ps_2_freertos.dir/home/yasuno/Developments/FreeRTOS-LTS/FreeRTOS/FreeRTOS-Kernel/tasks.c.o
 .bss.xTimerQueue
                0x0000000020020b00        0x4 CMakeFiles/ps_2_freertos.dir/home/yasuno/Developments/FreeRTOS-LTS/FreeRTOS/FreeRTOS-Kernel/timers.c.o
 .bss.xTimerTaskHandle
                0x0000000020020b04        0x4 CMakeFiles/ps_2_freertos.dir/home/yasuno/Developments/FreeRTOS-LTS/FreeRTOS/FreeRTOS-Kernel/timers.c.o
 .bss.xYieldPendings
                0x0000000020020b08        0x8 CMakeFiles/ps_2_freertos.dir/home/yasuno/Developments/FreeRTOS-LTS/FreeRTOS/FreeRTOS-Kernel/tasks.c.o
 .bss.Buffer_ReadPtr
                0x0000000020020b10        0x2 CMakeFiles/ps_2_freertos.dir/buffer.c.o
                0x0000000020020b10                Buffer_ReadPtr
 .bss.Buffer_WritePtr
                0x0000000020020b12        0x2 CMakeFiles/ps_2_freertos.dir/buffer.c.o
                0x0000000020020b12                Buffer_WritePtr
 .bss.Buffer_WriteReady
                0x0000000020020b14        0x1 CMakeFiles/ps_2_freertos.dir/buffer.c.o
                0x0000000020020b14                Buffer_WriteReady
 .bss.irq_handler_chain_free_slot_head
                0x0000000020020b15        0x1 CMakeFiles/ps_2_freertos.dir/home/yasuno/Developments/RP2040/pico-sdk/src/rp2_common/hardware_irq/irq.c.o
 *(COMMON)
                0x0000000020020b18                . = ALIGN (0x4)
 *fill*         0x0000000020020b16        0x2 
                0x0000000020020b18                __bss_end__ = .

.heap           0x0000000020020b18      0x800 load address 0x0000000010007d30
                0x0000000020020b18                __end__ = .
                0x0000000020020b18                end = __end__
 *(.heap*)
 .heap          0x0000000020020b18      0x800 CMakeFiles/ps_2_freertos.dir/home/yasuno/Developments/RP2040/pico-sdk/src/rp2_common/pico_crt0/crt0.S.o
                0x0000000020040000                __HeapLimit = (ORIGIN (RAM) + LENGTH (RAM))

.scratch_x      0x0000000020040000        0x0 load address 0x0000000010007d30
                0x0000000020040000                __scratch_x_start__ = .
 *(.scratch_x.*)
                0x0000000020040000                . = ALIGN (0x4)
                0x0000000020040000                __scratch_x_end__ = .
                0x0000000010007d30                __scratch_x_source__ = LOADADDR (.scratch_x)

.scratch_y      0x0000000020041000        0x0 load address 0x0000000010007d30
                0x0000000020041000                __scratch_y_start__ = .
 *(.scratch_y.*)
                0x0000000020041000                . = ALIGN (0x4)
                0x0000000020041000                __scratch_y_end__ = .
                0x0000000010007d30                __scratch_y_source__ = LOADADDR (.scratch_y)

.stack1_dummy   0x0000000020040000      0x800
 *(.stack1*)
 .stack1        0x0000000020040000      0x800 CMakeFiles/ps_2_freertos.dir/home/yasuno/Developments/RP2040/pico-sdk/src/rp2_common/pico_multicore/multicore.c.o

.stack_dummy    0x0000000020041000      0x800
 *(.stack*)
 .stack         0x0000000020041000      0x800 CMakeFiles/ps_2_freertos.dir/home/yasuno/Developments/RP2040/pico-sdk/src/rp2_common/pico_crt0/crt0.S.o

.flash_end      0x0000000010007d30        0x0
 *(.embedded_end_block*)
                0x0000000010007d30                PROVIDE (__flash_binary_end = .)
                0x0000000020040000                __StackLimit = (ORIGIN (RAM) + LENGTH (RAM))
                0x0000000020041000                __StackOneTop = (ORIGIN (SCRATCH_X) + LENGTH (SCRATCH_X))
                0x0000000020042000                __StackTop = (ORIGIN (SCRATCH_Y) + LENGTH (SCRATCH_Y))
                0x0000000020040800                __StackOneBottom = (__StackOneTop - SIZEOF (.stack1_dummy))
                0x0000000020041800                __StackBottom = (__StackTop - SIZEOF (.stack_dummy))
                0x0000000020042000                PROVIDE (__stack = __StackTop)
                [!provide]                        PROVIDE (__heap_start = __end__)
                [!provide]                        PROVIDE (__heap_end = __HeapLimit)
                [!provide]                        PROVIDE (__tls_align = MAX (ALIGNOF (.tdata), ALIGNOF (.tbss)))
                [!provide]                        PROVIDE (__tls_size_align = (((__tls_size + __tls_align) - 0x1) & ~ ((__tls_align - 0x1))))
                [!provide]                        PROVIDE (__arm32_tls_tcb_offset = MAX (0x8, __tls_align))
                [!provide]                        PROVIDE (_end = __end__)
                [!provide]                        PROVIDE (__llvm_libc_heap_limit = __HeapLimit)
                0x0000000000000001                ASSERT ((__StackLimit >= __HeapLimit), region RAM overflowed)
                0x0000000000000001                ASSERT (((__binary_info_header_end - __logical_binary_start) <= 0x100), Binary info must be in first 256 bytes of the binary)
LOAD CMakeFiles/ps_2_freertos.dir/ps_2_freertos.c.o
LOAD CMakeFiles/ps_2_freertos.dir/spi_slave.c.o
LOAD CMakeFiles/ps_2_freertos.dir/buffer.c.o
LOAD CMakeFiles/ps_2_freertos.dir/hostside.c.o
LOAD CMakeFiles/ps_2_freertos.dir/home/yasuno/Developments/RP2040/pico-sdk/src/rp2_common/pico_async_context/async_context_freertos.c.o
LOAD CMakeFiles/ps_2_freertos.dir/home/yasuno/Developments/RP2040/pico-sdk/src/rp2_common/pico_async_context/async_context_base.c.o
LOAD CMakeFiles/ps_2_freertos.dir/home/yasuno/Developments/RP2040/pico-sdk/src/rp2040/pico_platform/platform.c.o
LOAD CMakeFiles/ps_2_freertos.dir/home/yasuno/Developments/RP2040/pico-sdk/src/rp2_common/pico_platform_panic/panic.c.o
LOAD CMakeFiles/ps_2_freertos.dir/home/yasuno/Developments/FreeRTOS-LTS/FreeRTOS/FreeRTOS-Kernel/portable/MemMang/heap_4.c.o
LOAD CMakeFiles/ps_2_freertos.dir/home/yasuno/Developments/FreeRTOS-LTS/FreeRTOS/FreeRTOS-Kernel/portable/ThirdParty/GCC/RP2040/port.c.o
LOAD CMakeFiles/ps_2_freertos.dir/home/yasuno/Developments/FreeRTOS-LTS/FreeRTOS/FreeRTOS-Kernel/croutine.c.o
LOAD CMakeFiles/ps_2_freertos.dir/home/yasuno/Developments/FreeRTOS-LTS/FreeRTOS/FreeRTOS-Kernel/event_groups.c.o
LOAD CMakeFiles/ps_2_freertos.dir/home/yasuno/Developments/FreeRTOS-LTS/FreeRTOS/FreeRTOS-Kernel/list.c.o
LOAD CMakeFiles/ps_2_freertos.dir/home/yasuno/Developments/FreeRTOS-LTS/FreeRTOS/FreeRTOS-Kernel/queue.c.o
LOAD CMakeFiles/ps_2_freertos.dir/home/yasuno/Developments/FreeRTOS-LTS/FreeRTOS/FreeRTOS-Kernel/stream_buffer.c.o
LOAD CMakeFiles/ps_2_freertos.dir/home/yasuno/Developments/FreeRTOS-LTS/FreeRTOS/FreeRTOS-Kernel/tasks.c.o
LOAD CMakeFiles/ps_2_freertos.dir/home/yasuno/Developments/FreeRTOS-LTS/FreeRTOS/FreeRTOS-Kernel/timers.c.o
LOAD CMakeFiles/ps_2_freertos.dir/home/yasuno/Developments/RP2040/pico-sdk/src/rp2_common/hardware_clocks/clocks.c.o
LOAD CMakeFiles/ps_2_freertos.dir/home/yasuno/Developments/RP2040/pico-sdk/src/common/hardware_claim/claim.c.o
LOAD CMakeFiles/ps_2_freertos.dir/home/yasuno/Developments/RP2040/pico-sdk/src/rp2_common/hardware_sync/sync.c.o
LOAD CMakeFiles/ps_2_freertos.dir/home/yasuno/Developments/RP2040/pico-sdk/src/rp2_common/hardware_sync_spin_lock/sync_spin_lock.c.o
LOAD CMakeFiles/ps_2_freertos.dir/home/yasuno/Developments/RP2040/pico-sdk/src/rp2_common/hardware_gpio/gpio.c.o
LOAD CMakeFiles/ps_2_freertos.dir/home/yasuno/Developments/RP2040/pico-sdk/src/rp2_common/hardware_irq/irq.c.o
LOAD CMakeFiles/ps_2_freertos.dir/home/yasuno/Developments/RP2040/pico-sdk/src/rp2_common/hardware_irq/irq_handler_chain.S.o