Archive member included to satisfy reference by file (symbol)

/usr/lib/gcc/arm-none-eabi/10.3.1/thumb/v6-m/nofp/libgcc.a(_dvmd_tls.o)
                              CMakeFiles/ps_2_freertos.dir/home/yasuno/Developments/RP2040/pico-sdk/src/rp2_common/pico_divider/divider_hardware.S.o (__aeabi_idiv0)
/usr/lib/gcc/arm-none-eabi/10.3.1/../../../arm-none-eabi/lib/thumb/v6-m/nofp/libg.a(lib_a-atexit.o)
                              /usr/lib/gcc/arm-none-eabi/10.3.1/../../../arm-none-eabi/lib/thumb/v6-m/nofp/crt0.o (atexit)
/usr/lib/gcc/arm-none-eabi/10.3.1/../../../arm-none-eabi/lib/thumb/v6-m/nofp/libg.a(lib_a-calloc.o)
                              CMakeFiles/ps_2_freertos.dir/home/yasuno/Developments/RP2040/pico-sdk/src/rp2_common/pico_malloc/malloc.c.o (calloc)
/usr/lib/gcc/arm-none-eabi/10.3.1/../../../arm-none-eabi/lib/thumb/v6-m/nofp/libg.a(lib_a-callocr.o)
                              /usr/lib/gcc/arm-none-eabi/10.3.1/../../../arm-none-eabi/lib/thumb/v6-m/nofp/libg.a(lib_a-calloc.o) (_calloc_r)
/usr/lib/gcc/arm-none-eabi/10.3.1/../../../arm-none-eabi/lib/thumb/v6-m/nofp/libg.a(lib_a-fini.o)
                              /usr/lib/gcc/arm-none-eabi/10.3.1/../../../arm-none-eabi/lib/thumb/v6-m/nofp/crt0.o (__libc_fini_array)
/usr/lib/gcc/arm-none-eabi/10.3.1/../../../arm-none-eabi/lib/thumb/v6-m/nofp/libg.a(lib_a-impure.o)
                              /usr/lib/gcc/arm-none-eabi/10.3.1/../../../arm-none-eabi/lib/thumb/v6-m/nofp/libg.a(lib_a-calloc.o) (_impure_ptr)
/usr/lib/gcc/arm-none-eabi/10.3.1/../../../arm-none-eabi/lib/thumb/v6-m/nofp/libg.a(lib_a-init.o)
                              /usr/lib/gcc/arm-none-eabi/10.3.1/../../../arm-none-eabi/lib/thumb/v6-m/nofp/crt0.o (__libc_init_array)
/usr/lib/gcc/arm-none-eabi/10.3.1/../../../arm-none-eabi/lib/thumb/v6-m/nofp/libg.a(lib_a-lcltime_r.o)
                              CMakeFiles/ps_2_freertos.dir/home/yasuno/Developments/RP2040/pico-sdk/src/common/pico_util/datetime.c.o (localtime_r)
/usr/lib/gcc/arm-none-eabi/10.3.1/../../../arm-none-eabi/lib/thumb/v6-m/nofp/libg.a(lib_a-malloc.o)
                              CMakeFiles/ps_2_freertos.dir/home/yasuno/Developments/RP2040/pico-sdk/src/rp2_common/pico_malloc/malloc.c.o (malloc)
/usr/lib/gcc/arm-none-eabi/10.3.1/../../../arm-none-eabi/lib/thumb/v6-m/nofp/libg.a(lib_a-mallocr.o)
                              /usr/lib/gcc/arm-none-eabi/10.3.1/../../../arm-none-eabi/lib/thumb/v6-m/nofp/libg.a(lib_a-callocr.o) (_malloc_r)
/usr/lib/gcc/arm-none-eabi/10.3.1/../../../arm-none-eabi/lib/thumb/v6-m/nofp/libg.a(lib_a-memcmp.o)
                              CMakeFiles/ps_2_freertos.dir/home/yasuno/Developments/RP2040/pico-sdk/src/rp2_common/pico_atomic/atomic.c.o (memcmp)
/usr/lib/gcc/arm-none-eabi/10.3.1/../../../arm-none-eabi/lib/thumb/v6-m/nofp/libg.a(lib_a-mktime.o)
                              CMakeFiles/ps_2_freertos.dir/home/yasuno/Developments/RP2040/pico-sdk/src/common/pico_util/datetime.c.o (mktime)
/usr/lib/gcc/arm-none-eabi/10.3.1/../../../arm-none-eabi/lib/thumb/v6-m/nofp/libg.a(lib_a-mlock.o)
                              /usr/lib/gcc/arm-none-eabi/10.3.1/../../../arm-none-eabi/lib/thumb/v6-m/nofp/libg.a(lib_a-mallocr.o) (__malloc_lock)
/usr/lib/gcc/arm-none-eabi/10.3.1/../../../arm-none-eabi/lib/thumb/v6-m/nofp/libg.a(lib_a-month_lengths.o)
                              /usr/lib/gcc/arm-none-eabi/10.3.1/../../../arm-none-eabi/lib/thumb/v6-m/nofp/libg.a(lib_a-lcltime_r.o) (__month_lengths)
/usr/lib/gcc/arm-none-eabi/10.3.1/../../../arm-none-eabi/lib/thumb/v6-m/nofp/libg.a(lib_a-realloc.o)
                              CMakeFiles/ps_2_freertos.dir/home/yasuno/Developments/RP2040/pico-sdk/src/rp2_common/pico_malloc/malloc.c.o (realloc)
/usr/lib/gcc/arm-none-eabi/10.3.1/../../../arm-none-eabi/lib/thumb/v6-m/nofp/libg.a(lib_a-reallocr.o)
                              /usr/lib/gcc/arm-none-eabi/10.3.1/../../../arm-none-eabi/lib/thumb/v6-m/nofp/libg.a(lib_a-realloc.o) (_realloc_r)
/usr/lib/gcc/arm-none-eabi/10.3.1/../../../arm-none-eabi/lib/thumb/v6-m/nofp/libg.a(lib_a-sbrkr.o)
                              /usr/lib/gcc/arm-none-eabi/10.3.1/../../../arm-none-eabi/lib/thumb/v6-m/nofp/libg.a(lib_a-mallocr.o) (_sbrk_r)
/usr/lib/gcc/arm-none-eabi/10.3.1/../../../arm-none-eabi/lib/thumb/v6-m/nofp/libg.a(lib_a-strlen-stub.o)
                              CMakeFiles/ps_2_freertos.dir/home/yasuno/Developments/RP2040/pico-sdk/src/rp2_common/pico_stdio/stdio.c.o (strlen)
/usr/lib/gcc/arm-none-eabi/10.3.1/../../../arm-none-eabi/lib/thumb/v6-m/nofp/libg.a(lib_a-tzcalc_limits.o)
                              /usr/lib/gcc/arm-none-eabi/10.3.1/../../../arm-none-eabi/lib/thumb/v6-m/nofp/libg.a(lib_a-lcltime_r.o) (__tzcalc_limits)
/usr/lib/gcc/arm-none-eabi/10.3.1/../../../arm-none-eabi/lib/thumb/v6-m/nofp/libg.a(lib_a-tzlock.o)
                              /usr/lib/gcc/arm-none-eabi/10.3.1/../../../arm-none-eabi/lib/thumb/v6-m/nofp/libg.a(lib_a-lcltime_r.o) (__tz_lock)
[...]
Memory Configuration

Name             Origin             Length             Attributes
FLASH            0x0000000010000000 0x0000000000200000 xr
RAM              0x0000000020000000 0x0000000000040000 xrw
SCRATCH_X        0x0000000020040000 0x0000000000001000 xrw
SCRATCH_Y        0x0000000020041000 0x0000000000001000 xrw
*default*        0x0000000000000000 0xffffffffffffffff

Linker script and memory map

LOAD /usr/lib/gcc/arm-none-eabi/10.3.1/thumb/v6-m/nofp/crti.o
LOAD /usr/lib/gcc/arm-none-eabi/10.3.1/thumb/v6-m/nofp/crtbegin.o
LOAD /usr/lib/gcc/arm-none-eabi/10.3.1/../../../arm-none-eabi/lib/thumb/v6-m/nofp/crt0.o

.flash_begin    0x0000000010000000        0x0
                0x0000000010000000                __flash_binary_start = .

.boot2          0x0000000010000000      0x100
                0x0000000010000000                __boot2_start__ = .
 *(.boot2)
 .boot2         0x0000000010000000      0x100 pico-sdk/src/rp2040/boot_stage2/CMakeFiles/bs2_default_library.dir/bs2_default_padded_checksummed.S.o
                0x0000000010000100                __boot2_end__ = .
                0x0000000000000001                ASSERT (((__boot2_end__ - __boot2_start__) == 0x100), ERROR: Pico second stage bootloader must be 256 bytes in size)

.text           0x0000000010000100     0x8e5c
                0x0000000010000100                __logical_binary_start = .
 *(.vectors)
 .vectors       0x0000000010000100       0xd4 CMakeFiles/ps_2_freertos.dir/home/yasuno/Developments/RP2040/pico-sdk/src/rp2_common/pico_crt0/crt0.S.o
                0x0000000010000100                __vectors
                0x0000000010000100                __VECTOR_TABLE
                0x00000000100001c0                isr_invalid
                0x00000000100001c0                __default_isrs_start
                0x00000000100001c2                isr_nmi
                0x00000000100001c4                isr_hardfault
                0x00000000100001c6                isr_svcall
                0x00000000100001c8                isr_pendsv
                0x00000000100001ca                isr_systick
                0x00000000100001cc                isr_irq30
                0x00000000100001cc                __unhandled_user_irq
                0x00000000100001cc                isr_irq13
                0x00000000100001cc                isr_irq27
                0x00000000100001cc                isr_irq31
                0x00000000100001cc                isr_irq5
                0x00000000100001cc                isr_irq11
                0x00000000100001cc                isr_irq23
                0x00000000100001cc                isr_irq18
                0x00000000100001cc                isr_irq28
                0x00000000100001cc                isr_irq19
                0x00000000100001cc                isr_irq0
                0x00000000100001cc                isr_irq6
                0x00000000100001cc                isr_irq22
                0x00000000100001cc                isr_irq17
                0x00000000100001cc                isr_irq14
                0x00000000100001cc                isr_irq2
                0x00000000100001cc                isr_irq10
                0x00000000100001cc                isr_irq8
                0x00000000100001cc                isr_irq24
                0x00000000100001cc                isr_irq1
                0x00000000100001cc                isr_irq7
                0x00000000100001cc                isr_irq21
                0x00000000100001cc                isr_irq20
                0x00000000100001cc                isr_irq15
                0x00000000100001cc                isr_irq25
                0x00000000100001cc                isr_irq4
                0x00000000100001cc                isr_irq16
                0x00000000100001cc                isr_irq29
                0x00000000100001cc                isr_irq26
                0x00000000100001cc                __default_isrs_end
                0x00000000100001cc                isr_irq3
                0x00000000100001cc                isr_irq12
                0x00000000100001cc                isr_irq9
                0x00000000100001d2                unhandled_user_irq_num_in_r0
 *(.binary_info_header)
 .binary_info_header
                0x00000000100001d4       0x14 CMakeFiles/ps_2_freertos.dir/home/yasuno/Developments/RP2040/pico-sdk/src/rp2_common/pico_crt0/crt0.S.o
                0x00000000100001e8                __binary_info_header_end = .
 *(.embedded_block)
                0x00000000100001e8                __embedded_block_end = .
 *(.reset)
 .reset         0x00000000100001e8       0x9c CMakeFiles/ps_2_freertos.dir/home/yasuno/Developments/RP2040/pico-sdk/src/rp2_common/pico_crt0/crt0.S.o
                0x00000000100001e8                _entry_point
 *(.init)
 .init          0x0000000010000284        0x4 /usr/lib/gcc/arm-none-eabi/10.3.1/thumb/v6-m/nofp/crti.o
                0x0000000010000284                _init
 *(EXCLUDE_FILE(*libm.a: *libc.a:*lib_a-mem*.o *libgcc.a:) .text*)
 .text          0x0000000010000288       0x98 /usr/lib/gcc/arm-none-eabi/10.3.1/thumb/v6-m/nofp/crtbegin.o
 .text.blink_task
                0x0000000010000320       0x58 CMakeFiles/ps_2_freertos.dir/ps_2_freertos.c.o
                0x0000000010000320                blink_task
 .text.main_task
                0x0000000010000378       0xbc CMakeFiles/ps_2_freertos.dir/ps_2_freertos.c.o
                0x0000000010000378                main_task
 .text.async_do_work
                0x0000000010000434       0x6c CMakeFiles/ps_2_freertos.dir/ps_2_freertos.c.o
 .text.vLaunch  0x00000000100004a0       0x34 CMakeFiles/ps_2_freertos.dir/ps_2_freertos.c.o
                0x00000000100004a0                vLaunch
 .text.startup.main
                0x00000000100004d4       0x24 CMakeFiles/ps_2_freertos.dir/ps_2_freertos.c.o
                0x00000000100004d4                main
 .text.spi_main
                0x00000000100004f8      0x158 CMakeFiles/ps_2_freertos.dir/spi_slave.c.o
                0x00000000100004f8                spi_main
 .text.end_task_func
                0x0000000010000650        0xc CMakeFiles/ps_2_freertos.dir/home/yasuno/Developments/RP2040/pico-sdk/src/rp2_common/pico_async_context/async_context_freertos.c.o
 .text.async_context_freertos_lock_check
                0x000000001000065c        0x4 CMakeFiles/ps_2_freertos.dir/home/yasuno/Developments/RP2040/pico-sdk/src/rp2_common/pico_async_context/async_context_freertos.c.o
 .text.async_context_freertos_acquire_lock_blocking
                0x0000000010000660       0x18 CMakeFiles/ps_2_freertos.dir/home/yasuno/Developments/RP2040/pico-sdk/src/rp2_common/pico_async_context/async_context_freertos.c.o
 .text.handle_sync_func_call
                0x0000000010000678       0x1c CMakeFiles/ps_2_freertos.dir/home/yasuno/Developments/RP2040/pico-sdk/src/rp2_common/pico_async_context/async_context_freertos.c.o
 .text.async_context_freertos_wait_until
                0x0000000010000694       0x60 CMakeFiles/ps_2_freertos.dir/home/yasuno/Developments/RP2040/pico-sdk/src/rp2_common/pico_async_context/async_context_freertos.c.o
 .text.async_context_freertos_deinit
                0x00000000100006f4       0x50 CMakeFiles/ps_2_freertos.dir/home/yasuno/Developments/RP2040/pico-sdk/src/rp2_common/pico_async_context/async_context_freertos.c.o
                0x00000000100006f4                async_context_freertos_deinit
 .text.async_context_freertos_execute_sync
                0x0000000010000744       0x74 CMakeFiles/ps_2_freertos.dir/home/yasuno/Developments/RP2040/pico-sdk/src/rp2_common/pico_async_context/async_context_freertos.c.o
                0x0000000010000744                async_context_freertos_execute_sync
 .text.async_context_freertos_wait_for_work_until
                0x00000000100007b8       0x90 CMakeFiles/ps_2_freertos.dir/home/yasuno/Developments/RP2040/pico-sdk/src/rp2_common/pico_async_context/async_context_freertos.c.o
 .text.process_under_lock
                0x0000000010000848       0x94 CMakeFiles/ps_2_freertos.dir/home/yasuno/Developments/RP2040/pico-sdk/src/rp2_common/pico_async_context/async_context_freertos.c.o
 .text.async_context_freertos_release_lock
                0x00000000100008dc       0x84 CMakeFiles/ps_2_freertos.dir/home/yasuno/Developments/RP2040/pico-sdk/src/rp2_common/pico_async_context/async_context_freertos.c.o
 .text.async_context_freertos_set_work_pending
                0x0000000010000960       0x54 CMakeFiles/ps_2_freertos.dir/home/yasuno/Developments/RP2040/pico-sdk/src/rp2_common/pico_async_context/async_context_freertos.c.o
 .text.timer_handler
                0x00000000100009b4       0x54 CMakeFiles/ps_2_freertos.dir/home/yasuno/Developments/RP2040/pico-sdk/src/rp2_common/pico_async_context/async_context_freertos.c.o
 .text.async_context_task
                0x0000000010000a08       0xc4 CMakeFiles/ps_2_freertos.dir/home/yasuno/Developments/RP2040/pico-sdk/src/rp2_common/pico_async_context/async_context_freertos.c.o
 .text.async_context_freertos_remove_at_time_worker
                0x0000000010000acc       0xa4 CMakeFiles/ps_2_freertos.dir/home/yasuno/Developments/RP2040/pico-sdk/src/rp2_common/pico_async_context/async_context_freertos.c.o
 .text.async_context_freertos_add_when_pending_worker
                0x0000000010000b70       0xa4 CMakeFiles/ps_2_freertos.dir/home/yasuno/Developments/RP2040/pico-sdk/src/rp2_common/pico_async_context/async_context_freertos.c.o
 .text.async_context_freertos_remove_when_pending_worker
                0x0000000010000c14       0xa4 CMakeFiles/ps_2_freertos.dir/home/yasuno/Developments/RP2040/pico-sdk/src/rp2_common/pico_async_context/async_context_freertos.c.o
 .text.async_context_freertos_add_at_time_worker
                0x0000000010000cb8       0xa4 CMakeFiles/ps_2_freertos.dir/home/yasuno/Developments/RP2040/pico-sdk/src/rp2_common/pico_async_context/async_context_freertos.c.o
 .text.async_context_freertos_init
                0x0000000010000d5c       0xb0 CMakeFiles/ps_2_freertos.dir/home/yasuno/Developments/RP2040/pico-sdk/src/rp2_common/pico_async_context/async_context_freertos.c.o
                0x0000000010000d5c                async_context_freertos_init
 .text.async_context_base_add_at_time_worker
                0x0000000010000e0c       0x28 CMakeFiles/ps_2_freertos.dir/home/yasuno/Developments/RP2040/pico-sdk/src/rp2_common/pico_async_context/async_context_base.c.o
                0x0000000010000e0c                async_context_base_add_at_time_worker
 .text.async_context_base_remove_at_time_worker
                0x0000000010000e34       0x28 CMakeFiles/ps_2_freertos.dir/home/yasuno/Developments/RP2040/pico-sdk/src/rp2_common/pico_async_context/async_context_base.c.o
                0x0000000010000e34                async_context_base_remove_at_time_worker
 .text.async_context_base_add_when_pending_worker
                0x0000000010000e5c       0x24 CMakeFiles/ps_2_freertos.dir/home/yasuno/Developments/RP2040/pico-sdk/src/rp2_common/pico_async_context/async_context_base.c.o
                0x0000000010000e5c                async_context_base_add_when_pending_worker
 .text.async_context_base_remove_when_pending_worker
                0x0000000010000e80       0x28 CMakeFiles/ps_2_freertos.dir/home/yasuno/Developments/RP2040/pico-sdk/src/rp2_common/pico_async_context/async_context_base.c.o
                0x0000000010000e80                async_context_base_remove_when_pending_worker
 .text.async_context_base_execute_once
                0x0000000010000ea8       0xe8 CMakeFiles/ps_2_freertos.dir/home/yasuno/Developments/RP2040/pico-sdk/src/rp2_common/pico_async_context/async_context_base.c.o
                0x0000000010000ea8                async_context_base_execute_once
 .text.panic    0x0000000010000f90       0x30 CMakeFiles/ps_2_freertos.dir/home/yasuno/Developments/RP2040/pico-sdk/src/rp2_common/pico_platform_panic/panic.c.o
                0x0000000010000f90                panic
 .text.panic_unsupported
                0x0000000010000fc0        0xc CMakeFiles/ps_2_freertos.dir/home/yasuno/Developments/RP2040/pico-sdk/src/rp2_common/pico_platform_panic/panic.c.o
                0x0000000010000fc0                panic_unsupported
 .text.pvPortMalloc
                0x0000000010000fcc      0x114 CMakeFiles/ps_2_freertos.dir/home/yasuno/Developments/FreeRTOS-LTS/FreeRTOS/FreeRTOS-Kernel/portable/MemMang/heap_4.c.o
                0x0000000010000fcc                pvPortMalloc
 .text.vPortFree
                0x00000000100010e0       0x8c CMakeFiles/ps_2_freertos.dir/home/yasuno/Developments/FreeRTOS-LTS/FreeRTOS/FreeRTOS-Kernel/portable/MemMang/heap_4.c.o
                0x00000000100010e0                vPortFree
 .text.vPortSVCHandler
                0x000000001000116c        0x4 CMakeFiles/ps_2_freertos.dir/home/yasuno/Developments/FreeRTOS-LTS/FreeRTOS/FreeRTOS-Kernel/portable/ThirdParty/GCC/RP2040/port.c.o
                0x000000001000116c                vPortSVCHandler
 .text.vPortStartFirstTask
                0x0000000010001170       0x38 CMakeFiles/ps_2_freertos.dir/home/yasuno/Developments/FreeRTOS-LTS/FreeRTOS/FreeRTOS-Kernel/portable/ThirdParty/GCC/RP2040/port.c.o
 .text.prvFIFOInterruptHandler
                0x00000000100011a8       0x2c CMakeFiles/ps_2_freertos.dir/home/yasuno/Developments/FreeRTOS-LTS/FreeRTOS/FreeRTOS-Kernel/portable/ThirdParty/GCC/RP2040/port.c.o
 *fill*         0x00000000100011d4        0xc 
 .text.xPortPendSVHandler
                0x00000000100011e0       0x78 CMakeFiles/ps_2_freertos.dir/home/yasuno/Developments/FreeRTOS-LTS/FreeRTOS/FreeRTOS-Kernel/portable/ThirdParty/GCC/RP2040/port.c.o
                0x00000000100011e0                xPortPendSVHandler
 .text.xPortSysTickHandler
                0x0000000010001258       0x24 CMakeFiles/ps_2_freertos.dir/home/yasuno/Developments/FreeRTOS-LTS/FreeRTOS/FreeRTOS-Kernel/portable/ThirdParty/GCC/RP2040/port.c.o
                0x0000000010001258                xPortSysTickHandler
 .text.prvTaskExitError
                0x000000001000127c        0x8 CMakeFiles/ps_2_freertos.dir/home/yasuno/Developments/FreeRTOS-LTS/FreeRTOS/FreeRTOS-Kernel/portable/ThirdParty/GCC/RP2040/port.c.o
 .text.pxPortInitialiseStack
                0x0000000010001284       0x20 CMakeFiles/ps_2_freertos.dir/home/yasuno/Developments/FreeRTOS-LTS/FreeRTOS/FreeRTOS-Kernel/portable/ThirdParty/GCC/RP2040/port.c.o
                0x0000000010001284                pxPortInitialiseStack
 .text.vPortYield
                0x00000000100012a4       0x18 CMakeFiles/ps_2_freertos.dir/home/yasuno/Developments/FreeRTOS-LTS/FreeRTOS/FreeRTOS-Kernel/portable/ThirdParty/GCC/RP2040/port.c.o
                0x00000000100012a4                vPortYield
 .text.vPortEnableInterrupts
                0x00000000100012bc       0x30 CMakeFiles/ps_2_freertos.dir/home/yasuno/Developments/FreeRTOS-LTS/FreeRTOS/FreeRTOS-Kernel/portable/ThirdParty/GCC/RP2040/port.c.o
                0x00000000100012bc                vPortEnableInterrupts
 .text.ulSetInterruptMaskFromISR
                0x00000000100012ec        0x8 CMakeFiles/ps_2_freertos.dir/home/yasuno/Developments/FreeRTOS-LTS/FreeRTOS/FreeRTOS-Kernel/portable/ThirdParty/GCC/RP2040/port.c.o
                0x00000000100012ec                ulSetInterruptMaskFromISR
 .text.vClearInterruptMaskFromISR
                0x00000000100012f4        0x8 CMakeFiles/ps_2_freertos.dir/home/yasuno/Developments/FreeRTOS-LTS/FreeRTOS/FreeRTOS-Kernel/portable/ThirdParty/GCC/RP2040/port.c.o
                0x00000000100012f4                vClearInterruptMaskFromISR
 .text.vYieldCore
                0x00000000100012fc        0xc CMakeFiles/ps_2_freertos.dir/home/yasuno/Developments/FreeRTOS-LTS/FreeRTOS/FreeRTOS-Kernel/portable/ThirdParty/GCC/RP2040/port.c.o
                0x00000000100012fc                vYieldCore
 .text.vPortSetupTimerInterrupt
                0x0000000010001308       0x34 CMakeFiles/ps_2_freertos.dir/home/yasuno/Developments/FreeRTOS-LTS/FreeRTOS/FreeRTOS-Kernel/portable/ThirdParty/GCC/RP2040/port.c.o
                0x0000000010001308                vPortSetupTimerInterrupt
 .text.xPortStartSchedulerOnCore.isra.0
                0x000000001000133c       0xa4 CMakeFiles/ps_2_freertos.dir/home/yasuno/Developments/FreeRTOS-LTS/FreeRTOS/FreeRTOS-Kernel/portable/ThirdParty/GCC/RP2040/port.c.o
 .text.prvDisableInterruptsAndPortStartSchedulerOnCore
                0x00000000100013e0        0x8 CMakeFiles/ps_2_freertos.dir/home/yasuno/Developments/FreeRTOS-LTS/FreeRTOS/FreeRTOS-Kernel/portable/ThirdParty/GCC/RP2040/port.c.o
 .text.xPortStartScheduler
                0x00000000100013e8       0x28 CMakeFiles/ps_2_freertos.dir/home/yasuno/Developments/FreeRTOS-LTS/FreeRTOS/FreeRTOS-Kernel/portable/ThirdParty/GCC/RP2040/port.c.o
                0x00000000100013e8                xPortStartScheduler
 .text.ulPortLockGetCurrentOwnerId
                0x0000000010001410       0x30 CMakeFiles/ps_2_freertos.dir/home/yasuno/Developments/FreeRTOS-LTS/FreeRTOS/FreeRTOS-Kernel/portable/ThirdParty/GCC/RP2040/port.c.o
                0x0000000010001410                ulPortLockGetCurrentOwnerId
 .text.vPortLockInternalSpinUnlockWithNotify
                0x0000000010001440       0x84 CMakeFiles/ps_2_freertos.dir/home/yasuno/Developments/FreeRTOS-LTS/FreeRTOS/FreeRTOS-Kernel/portable/ThirdParty/GCC/RP2040/port.c.o
                0x0000000010001440                vPortLockInternalSpinUnlockWithNotify
 .text.xPortLockInternalSpinUnlockWithBestEffortWaitOrTimeout
                0x00000000100014c4       0xec CMakeFiles/ps_2_freertos.dir/home/yasuno/Developments/FreeRTOS-LTS/FreeRTOS/FreeRTOS-Kernel/portable/ThirdParty/GCC/RP2040/port.c.o
                0x00000000100014c4                xPortLockInternalSpinUnlockWithBestEffortWaitOrTimeout
 .text.startup.prvRuntimeInitializer
                0x00000000100015b0       0x10 CMakeFiles/ps_2_freertos.dir/home/yasuno/Developments/FreeRTOS-LTS/FreeRTOS/FreeRTOS-Kernel/portable/ThirdParty/GCC/RP2040/port.c.o
 .text.vEventGroupSetBitsCallback
                0x00000000100015c0       0x8c CMakeFiles/ps_2_freertos.dir/home/yasuno/Developments/FreeRTOS-LTS/FreeRTOS/FreeRTOS-Kernel/event_groups.c.o
                0x00000000100015c0                vEventGroupSetBitsCallback
 .text.xEventGroupCreate
                0x000000001000164c       0x18 CMakeFiles/ps_2_freertos.dir/home/yasuno/Developments/FreeRTOS-LTS/FreeRTOS/FreeRTOS-Kernel/event_groups.c.o
                0x000000001000164c                xEventGroupCreate
 .text.xEventGroupWaitBits
                0x0000000010001664       0xb8 CMakeFiles/ps_2_freertos.dir/home/yasuno/Developments/FreeRTOS-LTS/FreeRTOS/FreeRTOS-Kernel/event_groups.c.o
                0x0000000010001664                xEventGroupWaitBits
 .text.xEventGroupSetBits
                0x000000001000171c       0x90 CMakeFiles/ps_2_freertos.dir/home/yasuno/Developments/FreeRTOS-LTS/FreeRTOS/FreeRTOS-Kernel/event_groups.c.o
                0x000000001000171c                xEventGroupSetBits
 .text.xEventGroupSetBitsFromISR
                0x00000000100017ac       0x14 CMakeFiles/ps_2_freertos.dir/home/yasuno/Developments/FreeRTOS-LTS/FreeRTOS/FreeRTOS-Kernel/event_groups.c.o
                0x00000000100017ac                xEventGroupSetBitsFromISR
 .text.vListInitialise
                0x00000000100017c0       0x18 CMakeFiles/ps_2_freertos.dir/home/yasuno/Developments/FreeRTOS-LTS/FreeRTOS/FreeRTOS-Kernel/list.c.o
                0x00000000100017c0                vListInitialise
 .text.vListInitialiseItem
                0x00000000100017d8        0x8 CMakeFiles/ps_2_freertos.dir/home/yasuno/Developments/FreeRTOS-LTS/FreeRTOS/FreeRTOS-Kernel/list.c.o
                0x00000000100017d8                vListInitialiseItem
 .text.vListInsertEnd
                0x00000000100017e0       0x18 CMakeFiles/ps_2_freertos.dir/home/yasuno/Developments/FreeRTOS-LTS/FreeRTOS/FreeRTOS-Kernel/list.c.o
                0x00000000100017e0                vListInsertEnd
 .text.vListInsert
                0x00000000100017f8       0x30 CMakeFiles/ps_2_freertos.dir/home/yasuno/Developments/FreeRTOS-LTS/FreeRTOS/FreeRTOS-Kernel/list.c.o
                0x00000000100017f8                vListInsert
 .text.uxListRemove
                0x0000000010001828       0x20 CMakeFiles/ps_2_freertos.dir/home/yasuno/Developments/FreeRTOS-LTS/FreeRTOS/FreeRTOS-Kernel/list.c.o
                0x0000000010001828                uxListRemove
 .text.prvUnlockQueue
                0x0000000010001848      0x148 CMakeFiles/ps_2_freertos.dir/home/yasuno/Developments/FreeRTOS-LTS/FreeRTOS/FreeRTOS-Kernel/queue.c.o
 .text.prvNotifyQueueSetContainer
                0x0000000010001990       0x9c CMakeFiles/ps_2_freertos.dir/home/yasuno/Developments/FreeRTOS-LTS/FreeRTOS/FreeRTOS-Kernel/queue.c.o
 .text.xQueueGenericCreate
                0x0000000010001a2c       0xa0 CMakeFiles/ps_2_freertos.dir/home/yasuno/Developments/FreeRTOS-LTS/FreeRTOS/FreeRTOS-Kernel/queue.c.o
                0x0000000010001a2c                xQueueGenericCreate
 .text.xQueueGetMutexHolder
                0x0000000010001acc       0x1c CMakeFiles/ps_2_freertos.dir/home/yasuno/Developments/FreeRTOS-LTS/FreeRTOS/FreeRTOS-Kernel/queue.c.o
                0x0000000010001acc                xQueueGetMutexHolder
 .text.xQueueGenericSend
                0x0000000010001ae8      0x1cc CMakeFiles/ps_2_freertos.dir/home/yasuno/Developments/FreeRTOS-LTS/FreeRTOS/FreeRTOS-Kernel/queue.c.o
                0x0000000010001ae8                xQueueGenericSend
 .text.xQueueCreateMutex
                0x0000000010001cb4       0x6c CMakeFiles/ps_2_freertos.dir/home/yasuno/Developments/FreeRTOS-LTS/FreeRTOS/FreeRTOS-Kernel/queue.c.o
                0x0000000010001cb4                xQueueCreateMutex
 .text.xQueueGiveMutexRecursive
                0x0000000010001d20       0x2c CMakeFiles/ps_2_freertos.dir/home/yasuno/Developments/FreeRTOS-LTS/FreeRTOS/FreeRTOS-Kernel/queue.c.o
                0x0000000010001d20                xQueueGiveMutexRecursive
 .text.xQueueGenericSendFromISR
                0x0000000010001d4c      0x138 CMakeFiles/ps_2_freertos.dir/home/yasuno/Developments/FreeRTOS-LTS/FreeRTOS/FreeRTOS-Kernel/queue.c.o
                0x0000000010001d4c                xQueueGenericSendFromISR
 .text.xQueueGiveFromISR
                0x0000000010001e84       0x7c CMakeFiles/ps_2_freertos.dir/home/yasuno/Developments/FreeRTOS-LTS/FreeRTOS/FreeRTOS-Kernel/queue.c.o
                0x0000000010001e84                xQueueGiveFromISR
 .text.xQueueReceive
                0x0000000010001f00      0x11c CMakeFiles/ps_2_freertos.dir/home/yasuno/Developments/FreeRTOS-LTS/FreeRTOS/FreeRTOS-Kernel/queue.c.o
                0x0000000010001f00                xQueueReceive
 .text.xQueueSemaphoreTake
                0x000000001000201c      0x150 CMakeFiles/ps_2_freertos.dir/home/yasuno/Developments/FreeRTOS-LTS/FreeRTOS/FreeRTOS-Kernel/queue.c.o
                0x000000001000201c                xQueueSemaphoreTake
 .text.xQueueTakeMutexRecursive
                0x000000001000216c       0x30 CMakeFiles/ps_2_freertos.dir/home/yasuno/Developments/FreeRTOS-LTS/FreeRTOS/FreeRTOS-Kernel/queue.c.o
                0x000000001000216c                xQueueTakeMutexRecursive
 .text.vQueueDelete
                0x000000001000219c       0x6c CMakeFiles/ps_2_freertos.dir/home/yasuno/Developments/FreeRTOS-LTS/FreeRTOS/FreeRTOS-Kernel/queue.c.o
                0x000000001000219c                vQueueDelete
 .text.vQueueAddToRegistry
                0x0000000010002208       0xec CMakeFiles/ps_2_freertos.dir/home/yasuno/Developments/FreeRTOS-LTS/FreeRTOS/FreeRTOS-Kernel/queue.c.o
                0x0000000010002208                vQueueAddToRegistry
 .text.vQueueWaitForMessageRestricted
                0x00000000100022f4       0x48 CMakeFiles/ps_2_freertos.dir/home/yasuno/Developments/FreeRTOS-LTS/FreeRTOS/FreeRTOS-Kernel/queue.c.o
                0x00000000100022f4                vQueueWaitForMessageRestricted
 .text.prvPassiveIdleTask
                0x000000001000233c       0x20 CMakeFiles/ps_2_freertos.dir/home/yasuno/Developments/FreeRTOS-LTS/FreeRTOS/FreeRTOS-Kernel/tasks.c.o
 .text.prvYieldForTask
                0x000000001000235c       0xc0 CMakeFiles/ps_2_freertos.dir/home/yasuno/Developments/FreeRTOS-LTS/FreeRTOS/FreeRTOS-Kernel/tasks.c.o
 .text.prvAddCurrentTaskToDelayedList
                0x000000001000241c      0x144 CMakeFiles/ps_2_freertos.dir/home/yasuno/Developments/FreeRTOS-LTS/FreeRTOS/FreeRTOS-Kernel/tasks.c.o
 .text.vTaskExitCritical.part.0
                0x0000000010002560       0x94 CMakeFiles/ps_2_freertos.dir/home/yasuno/Developments/FreeRTOS-LTS/FreeRTOS/FreeRTOS-Kernel/tasks.c.o
 .text.prvCheckForRunStateChange
                0x00000000100025f4      0x154 CMakeFiles/ps_2_freertos.dir/home/yasuno/Developments/FreeRTOS-LTS/FreeRTOS/FreeRTOS-Kernel/tasks.c.o
 .text.vTaskSuspendAll.part.0
                0x0000000010002748       0xd8 CMakeFiles/ps_2_freertos.dir/home/yasuno/Developments/FreeRTOS-LTS/FreeRTOS/FreeRTOS-Kernel/tasks.c.o
 .text.vTaskEnterCriticalFromISR.part.0
                0x0000000010002820       0x74 CMakeFiles/ps_2_freertos.dir/home/yasuno/Developments/FreeRTOS-LTS/FreeRTOS/FreeRTOS-Kernel/tasks.c.o
 .text.prvCheckTasksWaitingTermination
                0x0000000010002894      0x168 CMakeFiles/ps_2_freertos.dir/home/yasuno/Developments/FreeRTOS-LTS/FreeRTOS/FreeRTOS-Kernel/tasks.c.o
 .text.prvIdleTask
                0x00000000100029fc       0x1c CMakeFiles/ps_2_freertos.dir/home/yasuno/Developments/FreeRTOS-LTS/FreeRTOS/FreeRTOS-Kernel/tasks.c.o
 .text.vTaskCoreAffinitySet
                0x0000000010002a18      0x184 CMakeFiles/ps_2_freertos.dir/home/yasuno/Developments/FreeRTOS-LTS/FreeRTOS/FreeRTOS-Kernel/tasks.c.o
                0x0000000010002a18                vTaskCoreAffinitySet
 .text.vTaskSuspendAll
                0x0000000010002b9c       0xdc CMakeFiles/ps_2_freertos.dir/home/yasuno/Developments/FreeRTOS-LTS/FreeRTOS/FreeRTOS-Kernel/tasks.c.o
                0x0000000010002b9c                vTaskSuspendAll
 .text.xTaskGetTickCount
                0x0000000010002c78        0xc CMakeFiles/ps_2_freertos.dir/home/yasuno/Developments/FreeRTOS-LTS/FreeRTOS/FreeRTOS-Kernel/tasks.c.o
                0x0000000010002c78                xTaskGetTickCount
 .text.uxTaskGetNumberOfTasks
                0x0000000010002c84        0xc CMakeFiles/ps_2_freertos.dir/home/yasuno/Developments/FreeRTOS-LTS/FreeRTOS/FreeRTOS-Kernel/tasks.c.o
                0x0000000010002c84                uxTaskGetNumberOfTasks
 .text.xTaskIncrementTick
                0x0000000010002c90      0x260 CMakeFiles/ps_2_freertos.dir/home/yasuno/Developments/FreeRTOS-LTS/FreeRTOS/FreeRTOS-Kernel/tasks.c.o
                0x0000000010002c90                xTaskIncrementTick
 .text.vTaskSwitchContext
                0x0000000010002ef0      0x30c CMakeFiles/ps_2_freertos.dir/home/yasuno/Developments/FreeRTOS-LTS/FreeRTOS/FreeRTOS-Kernel/tasks.c.o
                0x0000000010002ef0                vTaskSwitchContext
 .text.vTaskPlaceOnEventList
                0x00000000100031fc      0x148 CMakeFiles/ps_2_freertos.dir/home/yasuno/Developments/FreeRTOS-LTS/FreeRTOS/FreeRTOS-Kernel/tasks.c.o
                0x00000000100031fc                vTaskPlaceOnEventList
 .text.vTaskPlaceOnUnorderedEventList
                0x0000000010003344       0x9c CMakeFiles/ps_2_freertos.dir/home/yasuno/Developments/FreeRTOS-LTS/FreeRTOS/FreeRTOS-Kernel/tasks.c.o
                0x0000000010003344                vTaskPlaceOnUnorderedEventList
 .text.vTaskPlaceOnEventListRestricted
                0x00000000100033e0       0x8c CMakeFiles/ps_2_freertos.dir/home/yasuno/Developments/FreeRTOS-LTS/FreeRTOS/FreeRTOS-Kernel/tasks.c.o
                0x00000000100033e0                vTaskPlaceOnEventListRestricted
 .text.xTaskRemoveFromEventList
                0x000000001000346c       0xd4 CMakeFiles/ps_2_freertos.dir/home/yasuno/Developments/FreeRTOS-LTS/FreeRTOS/FreeRTOS-Kernel/tasks.c.o
                0x000000001000346c                xTaskRemoveFromEventList
 .text.vTaskInternalSetTimeOutState
                0x0000000010003540       0x18 CMakeFiles/ps_2_freertos.dir/home/yasuno/Developments/FreeRTOS-LTS/FreeRTOS/FreeRTOS-Kernel/tasks.c.o
                0x0000000010003540                vTaskInternalSetTimeOutState
 .text.xTaskCheckForTimeOut
                0x0000000010003558      0x194 CMakeFiles/ps_2_freertos.dir/home/yasuno/Developments/FreeRTOS-LTS/FreeRTOS/FreeRTOS-Kernel/tasks.c.o
                0x0000000010003558                xTaskCheckForTimeOut
 .text.vTaskMissedYield
                0x00000000100036ec       0x14 CMakeFiles/ps_2_freertos.dir/home/yasuno/Developments/FreeRTOS-LTS/FreeRTOS/FreeRTOS-Kernel/tasks.c.o
                0x00000000100036ec                vTaskMissedYield
 .text.xTaskGetCurrentTaskHandle
                0x0000000010003700       0x1c CMakeFiles/ps_2_freertos.dir/home/yasuno/Developments/FreeRTOS-LTS/FreeRTOS/FreeRTOS-Kernel/tasks.c.o
                0x0000000010003700                xTaskGetCurrentTaskHandle
 .text.xTaskGetSchedulerState
                0x000000001000371c       0xf8 CMakeFiles/ps_2_freertos.dir/home/yasuno/Developments/FreeRTOS-LTS/FreeRTOS/FreeRTOS-Kernel/tasks.c.o
                0x000000001000371c                xTaskGetSchedulerState
 .text.xTaskPriorityInherit
                0x0000000010003814      0x100 CMakeFiles/ps_2_freertos.dir/home/yasuno/Developments/FreeRTOS-LTS/FreeRTOS/FreeRTOS-Kernel/tasks.c.o
                0x0000000010003814                xTaskPriorityInherit
 .text.xTaskPriorityDisinherit
                0x0000000010003914       0xb4 CMakeFiles/ps_2_freertos.dir/home/yasuno/Developments/FreeRTOS-LTS/FreeRTOS/FreeRTOS-Kernel/tasks.c.o
                0x0000000010003914                xTaskPriorityDisinherit
 .text.vTaskPriorityDisinheritAfterTimeout
                0x00000000100039c8       0xcc CMakeFiles/ps_2_freertos.dir/home/yasuno/Developments/FreeRTOS-LTS/FreeRTOS/FreeRTOS-Kernel/tasks.c.o
                0x00000000100039c8                vTaskPriorityDisinheritAfterTimeout
 .text.vTaskYieldWithinAPI
                0x0000000010003a94       0x28 CMakeFiles/ps_2_freertos.dir/home/yasuno/Developments/FreeRTOS-LTS/FreeRTOS/FreeRTOS-Kernel/tasks.c.o
                0x0000000010003a94                vTaskYieldWithinAPI
 .text.vTaskEnterCritical
                0x0000000010003abc       0xd8 CMakeFiles/ps_2_freertos.dir/home/yasuno/Developments/FreeRTOS-LTS/FreeRTOS/FreeRTOS-Kernel/tasks.c.o
                0x0000000010003abc                vTaskEnterCritical
 .text.prvAddNewTaskToReadyList
                0x0000000010003b94       0xf4 CMakeFiles/ps_2_freertos.dir/home/yasuno/Developments/FreeRTOS-LTS/FreeRTOS/FreeRTOS-Kernel/tasks.c.o
 .text.xTaskCreate
                0x0000000010003c88      0x194 CMakeFiles/ps_2_freertos.dir/home/yasuno/Developments/FreeRTOS-LTS/FreeRTOS/FreeRTOS-Kernel/tasks.c.o
                0x0000000010003c88                xTaskCreate
 .text.xTaskCreateAffinitySet
                0x0000000010003e1c      0x194 CMakeFiles/ps_2_freertos.dir/home/yasuno/Developments/FreeRTOS-LTS/FreeRTOS/FreeRTOS-Kernel/tasks.c.o
                0x0000000010003e1c                xTaskCreateAffinitySet
 .text.vTaskStartScheduler
                0x0000000010003fb0      0x14c CMakeFiles/ps_2_freertos.dir/home/yasuno/Developments/FreeRTOS-LTS/FreeRTOS/FreeRTOS-Kernel/tasks.c.o
                0x0000000010003fb0                vTaskStartScheduler
 .text.vTaskDelete
                0x00000000100040fc      0x134 CMakeFiles/ps_2_freertos.dir/home/yasuno/Developments/FreeRTOS-LTS/FreeRTOS/FreeRTOS-Kernel/tasks.c.o
                0x00000000100040fc                vTaskDelete
 .text.xTaskResumeAll.part.0
                0x0000000010004230      0x16c CMakeFiles/ps_2_freertos.dir/home/yasuno/Developments/FreeRTOS-LTS/FreeRTOS/FreeRTOS-Kernel/tasks.c.o
 .text.xTaskResumeAll
                0x000000001000439c       0x18 CMakeFiles/ps_2_freertos.dir/home/yasuno/Developments/FreeRTOS-LTS/FreeRTOS/FreeRTOS-Kernel/tasks.c.o
                0x000000001000439c                xTaskResumeAll
 .text.vTaskDelay
                0x00000000100043b4       0x64 CMakeFiles/ps_2_freertos.dir/home/yasuno/Developments/FreeRTOS-LTS/FreeRTOS/FreeRTOS-Kernel/tasks.c.o
                0x00000000100043b4                vTaskDelay
 .text.vTaskRemoveFromUnorderedEventList
                0x0000000010004418       0x9c CMakeFiles/ps_2_freertos.dir/home/yasuno/Developments/FreeRTOS-LTS/FreeRTOS/FreeRTOS-Kernel/tasks.c.o
                0x0000000010004418                vTaskRemoveFromUnorderedEventList
 .text.vTaskEnterCriticalFromISR
                0x00000000100044b4       0x84 CMakeFiles/ps_2_freertos.dir/home/yasuno/Developments/FreeRTOS-LTS/FreeRTOS/FreeRTOS-Kernel/tasks.c.o
                0x00000000100044b4                vTaskEnterCriticalFromISR
 .text.vTaskExitCritical
                0x0000000010004538       0xa0 CMakeFiles/ps_2_freertos.dir/home/yasuno/Developments/FreeRTOS-LTS/FreeRTOS/FreeRTOS-Kernel/tasks.c.o
                0x0000000010004538                vTaskExitCritical
 .text.vTaskExitCriticalFromISR
                0x00000000100045d8       0x64 CMakeFiles/ps_2_freertos.dir/home/yasuno/Developments/FreeRTOS-LTS/FreeRTOS/FreeRTOS-Kernel/tasks.c.o
                0x00000000100045d8                vTaskExitCriticalFromISR
 .text.uxTaskResetEventItemValue
                0x000000001000463c       0x48 CMakeFiles/ps_2_freertos.dir/home/yasuno/Developments/FreeRTOS-LTS/FreeRTOS/FreeRTOS-Kernel/tasks.c.o
                0x000000001000463c                uxTaskResetEventItemValue
 .text.pvTaskIncrementMutexHeldCount
                0x0000000010004684       0x28 CMakeFiles/ps_2_freertos.dir/home/yasuno/Developments/FreeRTOS-LTS/FreeRTOS/FreeRTOS-Kernel/tasks.c.o
                0x0000000010004684                pvTaskIncrementMutexHeldCount
 .text.ulTaskGenericNotifyTake
                0x00000000100046ac      0x154 CMakeFiles/ps_2_freertos.dir/home/yasuno/Developments/FreeRTOS-LTS/FreeRTOS/FreeRTOS-Kernel/tasks.c.o
                0x00000000100046ac                ulTaskGenericNotifyTake
 .text.xTaskGenericNotify
                0x0000000010004800      0x1e8 CMakeFiles/ps_2_freertos.dir/home/yasuno/Developments/FreeRTOS-LTS/FreeRTOS/FreeRTOS-Kernel/tasks.c.o
                0x0000000010004800                xTaskGenericNotify
 .text.vTaskGenericNotifyGiveFromISR
                0x00000000100049e8      0x14c CMakeFiles/ps_2_freertos.dir/home/yasuno/Developments/FreeRTOS-LTS/FreeRTOS/FreeRTOS-Kernel/tasks.c.o
                0x00000000100049e8                vTaskGenericNotifyGiveFromISR
 .text.prvTimerTask
                0x0000000010004b34      0x368 CMakeFiles/ps_2_freertos.dir/home/yasuno/Developments/FreeRTOS-LTS/FreeRTOS/FreeRTOS-Kernel/timers.c.o
 .text.xTimerCreateTimerTask
                0x0000000010004e9c       0x90 CMakeFiles/ps_2_freertos.dir/home/yasuno/Developments/FreeRTOS-LTS/FreeRTOS/FreeRTOS-Kernel/timers.c.o
                0x0000000010004e9c                xTimerCreateTimerTask
 .text.xTimerCreate
                0x0000000010004f2c       0xb8 CMakeFiles/ps_2_freertos.dir/home/yasuno/Developments/FreeRTOS-LTS/FreeRTOS/FreeRTOS-Kernel/timers.c.o
                0x0000000010004f2c                xTimerCreate
 .text.xTimerGenericCommandFromTask
                0x0000000010004fe4       0x44 CMakeFiles/ps_2_freertos.dir/home/yasuno/Developments/FreeRTOS-LTS/FreeRTOS/FreeRTOS-Kernel/timers.c.o
                0x0000000010004fe4                xTimerGenericCommandFromTask
 .text.pvTimerGetTimerID
                0x0000000010005028       0x14 CMakeFiles/ps_2_freertos.dir/home/yasuno/Developments/FreeRTOS-LTS/FreeRTOS/FreeRTOS-Kernel/timers.c.o
                0x0000000010005028                pvTimerGetTimerID
 .text.xTimerPendFunctionCallFromISR
                0x000000001000503c       0x28 CMakeFiles/ps_2_freertos.dir/home/yasuno/Developments/FreeRTOS-LTS/FreeRTOS/FreeRTOS-Kernel/timers.c.o
                0x000000001000503c                xTimerPendFunctionCallFromISR
 .text.clock_configure_int_divider
                0x0000000010005064       0xf4 CMakeFiles/ps_2_freertos.dir/home/yasuno/Developments/RP2040/pico-sdk/src/rp2_common/hardware_clocks/clocks.c.o
                0x0000000010005064                clock_configure_int_divider
 .text.clock_configure_undivided
                0x0000000010005158       0xe8 CMakeFiles/ps_2_freertos.dir/home/yasuno/Developments/RP2040/pico-sdk/src/rp2_common/hardware_clocks/clocks.c.o
                0x0000000010005158                clock_configure_undivided
 .text.clock_get_hz
                0x0000000010005240        0xc CMakeFiles/ps_2_freertos.dir/home/yasuno/Developments/RP2040/pico-sdk/src/rp2_common/hardware_clocks/clocks.c.o
                0x0000000010005240                clock_get_hz
 .text.hw_claim_or_assert
                0x000000001000524c       0x44 CMakeFiles/ps_2_freertos.dir/home/yasuno/Developments/RP2040/pico-sdk/src/common/hardware_claim/claim.c.o
                0x000000001000524c                hw_claim_or_assert
 .text.next_striped_spin_lock_num
                0x0000000010005290       0x18 CMakeFiles/ps_2_freertos.dir/home/yasuno/Developments/RP2040/pico-sdk/src/rp2_common/hardware_sync/sync.c.o
                0x0000000010005290                next_striped_spin_lock_num
 .text.spin_lock_claim
                0x00000000100052a8       0x18 CMakeFiles/ps_2_freertos.dir/home/yasuno/Developments/RP2040/pico-sdk/src/rp2_common/hardware_sync/sync.c.o
                0x00000000100052a8                spin_lock_claim
 .text.spin_locks_reset
                0x00000000100052c0       0x1c CMakeFiles/ps_2_freertos.dir/home/yasuno/Developments/RP2040/pico-sdk/src/rp2_common/hardware_sync_spin_lock/sync_spin_lock.c.o
                0x00000000100052c0                spin_locks_reset
 .text.gpio_set_function
                0x00000000100052dc       0x34 CMakeFiles/ps_2_freertos.dir/home/yasuno/Developments/RP2040/pico-sdk/src/rp2_common/hardware_gpio/gpio.c.o
                0x00000000100052dc                gpio_set_function
 .text.gpio_init
                0x0000000010005310       0x40 CMakeFiles/ps_2_freertos.dir/home/yasuno/Developments/RP2040/pico-sdk/src/rp2_common/hardware_gpio/gpio.c.o
                0x0000000010005310                gpio_init
 .text.runtime_init_per_core_irq_priorities
                0x0000000010005350       0x24 CMakeFiles/ps_2_freertos.dir/home/yasuno/Developments/RP2040/pico-sdk/src/rp2_common/hardware_irq/irq.c.o
                0x0000000010005350                runtime_init_per_core_irq_priorities
 .text.irq_set_enabled
                0x0000000010005374       0x24 CMakeFiles/ps_2_freertos.dir/home/yasuno/Developments/RP2040/pico-sdk/src/rp2_common/hardware_irq/irq.c.o
                0x0000000010005374                irq_set_enabled
 .text.irq_is_enabled
                0x0000000010005398       0x18 CMakeFiles/ps_2_freertos.dir/home/yasuno/Developments/RP2040/pico-sdk/src/rp2_common/hardware_irq/irq.c.o
                0x0000000010005398                irq_is_enabled
 .text.irq_set_exclusive_handler
                0x00000000100053b0       0x54 CMakeFiles/ps_2_freertos.dir/home/yasuno/Developments/RP2040/pico-sdk/src/rp2_common/hardware_irq/irq.c.o
                0x00000000100053b0                irq_set_exclusive_handler
 .text.irq_remove_handler
                0x0000000010005404      0x1c4 CMakeFiles/ps_2_freertos.dir/home/yasuno/Developments/RP2040/pico-sdk/src/rp2_common/hardware_irq/irq.c.o
                0x0000000010005404                irq_remove_handler
 .text.irq_set_priority
                0x00000000100055c8       0x28 CMakeFiles/ps_2_freertos.dir/home/yasuno/Developments/RP2040/pico-sdk/src/rp2_common/hardware_irq/irq.c.o
                0x00000000100055c8                irq_set_priority
 .text.irq_add_tail_to_free_list
                0x00000000100055f0       0xb4 CMakeFiles/ps_2_freertos.dir/home/yasuno/Developments/RP2040/pico-sdk/src/rp2_common/hardware_irq/irq.c.o
                0x00000000100055f0                irq_add_tail_to_free_list
 .text.lock_init
                0x00000000100056a4       0x10 CMakeFiles/ps_2_freertos.dir/home/yasuno/Developments/RP2040/pico-sdk/src/common/pico_sync/lock_core.c.o
                0x00000000100056a4                lock_init
 .text.runtime_init_mutex
                0x00000000100056b4       0x68 CMakeFiles/ps_2_freertos.dir/home/yasuno/Developments/RP2040/pico-sdk/src/common/pico_sync/mutex.c.o
                0x00000000100056b4                runtime_init_mutex
 .text.alarm_pool_irq_handler
                0x000000001000571c      0x308 CMakeFiles/ps_2_freertos.dir/home/yasuno/Developments/RP2040/pico-sdk/src/common/pico_time/time.c.o
 .text.sleep_until_callback
                0x0000000010005a24       0x24 CMakeFiles/ps_2_freertos.dir/home/yasuno/Developments/RP2040/pico-sdk/src/common/pico_time/time.c.o
 .text.runtime_init_default_alarm_pool
                0x0000000010005a48       0xdc CMakeFiles/ps_2_freertos.dir/home/yasuno/Developments/RP2040/pico-sdk/src/common/pico_time/time.c.o
                0x0000000010005a48                runtime_init_default_alarm_pool
 .text.alarm_pool_add_alarm_at_force_in_context
                0x0000000010005b24       0xb0 CMakeFiles/ps_2_freertos.dir/home/yasuno/Developments/RP2040/pico-sdk/src/common/pico_time/time.c.o
                0x0000000010005b24                alarm_pool_add_alarm_at_force_in_context
 .text.alarm_pool_cancel_alarm
                0x0000000010005bd4       0x7c CMakeFiles/ps_2_freertos.dir/home/yasuno/Developments/RP2040/pico-sdk/src/common/pico_time/time.c.o
                0x0000000010005bd4                alarm_pool_cancel_alarm
 .text.best_effort_wfe_or_timeout
                0x0000000010005c50       0xe0 CMakeFiles/ps_2_freertos.dir/home/yasuno/Developments/RP2040/pico-sdk/src/common/pico_time/time.c.o
                0x0000000010005c50                best_effort_wfe_or_timeout
 .text.timer_hardware_alarm_claim
                0x0000000010005d30       0x14 CMakeFiles/ps_2_freertos.dir/home/yasuno/Developments/RP2040/pico-sdk/src/rp2_common/hardware_timer/timer.c.o
                0x0000000010005d30                timer_hardware_alarm_claim
 .text.timer_time_us_64
                0x0000000010005d44       0x10 CMakeFiles/ps_2_freertos.dir/home/yasuno/Developments/RP2040/pico-sdk/src/rp2_common/hardware_timer/timer.c.o
                0x0000000010005d44                timer_time_us_64
 .text.time_us_64
                0x0000000010005d54       0x14 CMakeFiles/ps_2_freertos.dir/home/yasuno/Developments/RP2040/pico-sdk/src/rp2_common/hardware_timer/timer.c.o
                0x0000000010005d54                time_us_64
 .text.busy_wait_us
                0x0000000010005d68       0x54 CMakeFiles/ps_2_freertos.dir/home/yasuno/Developments/RP2040/pico-sdk/src/rp2_common/hardware_timer/timer.c.o
                0x0000000010005d68                busy_wait_us
 .text.busy_wait_ms
                0x0000000010005dbc       0x88 CMakeFiles/ps_2_freertos.dir/home/yasuno/Developments/RP2040/pico-sdk/src/rp2_common/hardware_timer/timer.c.o
                0x0000000010005dbc                busy_wait_ms
 .text.pll_init
                0x0000000010005e44       0xa0 CMakeFiles/ps_2_freertos.dir/home/yasuno/Developments/RP2040/pico-sdk/src/rp2_common/hardware_pll/pll.c.o
                0x0000000010005e44                pll_init
 .text.tick_start
                0x0000000010005ee4       0x10 CMakeFiles/ps_2_freertos.dir/home/yasuno/Developments/RP2040/pico-sdk/src/rp2_common/hardware_ticks/ticks.c.o
                0x0000000010005ee4                tick_start
 .text.rom_func_lookup
                0x0000000010005ef4       0x10 CMakeFiles/ps_2_freertos.dir/home/yasuno/Developments/RP2040/pico-sdk/src/rp2_common/pico_bootrom/bootrom.c.o
                0x0000000010005ef4                rom_func_lookup
 .text.rom_data_lookup
                0x0000000010005f04       0x10 CMakeFiles/ps_2_freertos.dir/home/yasuno/Developments/RP2040/pico-sdk/src/rp2_common/pico_bootrom/bootrom.c.o
                0x0000000010005f04                rom_data_lookup
 .text.rom_funcs_lookup
                0x0000000010005f14       0x44 CMakeFiles/ps_2_freertos.dir/home/yasuno/Developments/RP2040/pico-sdk/src/rp2_common/pico_bootrom/bootrom.c.o
                0x0000000010005f14                rom_funcs_lookup
 .text.xosc_init
                0x0000000010005f58       0x28 CMakeFiles/ps_2_freertos.dir/home/yasuno/Developments/RP2040/pico-sdk/src/rp2_common/hardware_xosc/xosc.c.o
                0x0000000010005f58                xosc_init
 .text.exception_set_exclusive_handler
                0x0000000010005f80       0x48 CMakeFiles/ps_2_freertos.dir/home/yasuno/Developments/RP2040/pico-sdk/src/rp2_common/hardware_exception/exception.c.o
                0x0000000010005f80                exception_set_exclusive_handler
 .text.core1_trampoline
                0x0000000010005fc8        0x4 CMakeFiles/ps_2_freertos.dir/home/yasuno/Developments/RP2040/pico-sdk/src/rp2_common/pico_multicore/multicore.c.o
 .text.core1_wrapper
                0x0000000010005fcc        0xc CMakeFiles/ps_2_freertos.dir/home/yasuno/Developments/RP2040/pico-sdk/src/rp2_common/pico_multicore/multicore.c.o
                0x0000000010005fcc                core1_wrapper
 .text.multicore_launch_core1_raw
                0x0000000010005fd8       0x84 CMakeFiles/ps_2_freertos.dir/home/yasuno/Developments/RP2040/pico-sdk/src/rp2_common/pico_multicore/multicore.c.o
                0x0000000010005fd8                multicore_launch_core1_raw
 .text.multicore_launch_core1
                0x000000001000605c       0x4c CMakeFiles/ps_2_freertos.dir/home/yasuno/Developments/RP2040/pico-sdk/src/rp2_common/pico_multicore/multicore.c.o
                0x000000001000605c                multicore_launch_core1
 .text.uart_init
                0x00000000100060a8      0x11c CMakeFiles/ps_2_freertos.dir/home/yasuno/Developments/RP2040/pico-sdk/src/rp2_common/hardware_uart/uart.c.o
                0x00000000100060a8                uart_init
 .text.first_per_core_initializer
                0x00000000100061c4        0x4 CMakeFiles/ps_2_freertos.dir/home/yasuno/Developments/RP2040/pico-sdk/src/rp2_common/pico_runtime/runtime.c.o
 .text.hard_assertion_failure
                0x00000000100061c8        0xc CMakeFiles/ps_2_freertos.dir/home/yasuno/Developments/RP2040/pico-sdk/src/rp2_common/pico_runtime/runtime.c.o
                0x00000000100061c8                hard_assertion_failure
 .text.runtime_run_initializers
                0x00000000100061d4       0x28 CMakeFiles/ps_2_freertos.dir/home/yasuno/Developments/RP2040/pico-sdk/src/rp2_common/pico_runtime/runtime.c.o
                0x00000000100061d4                runtime_run_initializers
 .text.runtime_run_per_core_initializers
                0x00000000100061fc       0x28 CMakeFiles/ps_2_freertos.dir/home/yasuno/Developments/RP2040/pico-sdk/src/rp2_common/pico_runtime/runtime.c.o
                0x00000000100061fc                runtime_run_per_core_initializers
 .text.runtime_init_early_resets
                0x0000000010006224       0x2c CMakeFiles/ps_2_freertos.dir/home/yasuno/Developments/RP2040/pico-sdk/src/rp2_common/pico_runtime_init/runtime_init.c.o
                0x0000000010006224                runtime_init_early_resets
 .text.runtime_init_usb_power_down
                0x0000000010006250       0x1c CMakeFiles/ps_2_freertos.dir/home/yasuno/Developments/RP2040/pico-sdk/src/rp2_common/pico_runtime_init/runtime_init.c.o
                0x0000000010006250                runtime_init_usb_power_down
 .text.runtime_init_post_clock_resets
                0x000000001000626c       0x20 CMakeFiles/ps_2_freertos.dir/home/yasuno/Developments/RP2040/pico-sdk/src/rp2_common/pico_runtime_init/runtime_init.c.o
                0x000000001000626c                runtime_init_post_clock_resets
 .text.runtime_init_rp2040_gpio_ie_disable
                0x000000001000628c       0x14 CMakeFiles/ps_2_freertos.dir/home/yasuno/Developments/RP2040/pico-sdk/src/rp2_common/pico_runtime_init/runtime_init.c.o
                0x000000001000628c                runtime_init_rp2040_gpio_ie_disable
 .text.runtime_init_spin_locks_reset
                0x00000000100062a0        0x8 CMakeFiles/ps_2_freertos.dir/home/yasuno/Developments/RP2040/pico-sdk/src/rp2_common/pico_runtime_init/runtime_init.c.o
                0x00000000100062a0                runtime_init_spin_locks_reset
 .text.runtime_init_install_ram_vector_table
                0x00000000100062a8       0x1c CMakeFiles/ps_2_freertos.dir/home/yasuno/Developments/RP2040/pico-sdk/src/rp2_common/pico_runtime_init/runtime_init.c.o
                0x00000000100062a8                runtime_init_install_ram_vector_table
 .text.runtime_init_clocks
                0x00000000100062c4       0xd8 CMakeFiles/ps_2_freertos.dir/home/yasuno/Developments/RP2040/pico-sdk/src/rp2_common/pico_runtime_init/runtime_init_clocks.c.o
                0x00000000100062c4                runtime_init_clocks
 .text          0x000000001000639c       0x10 CMakeFiles/ps_2_freertos.dir/home/yasuno/Developments/RP2040/pico-sdk/src/rp2_common/pico_bit_ops/bit_ops_aeabi.S.o
 .text.__wrap___aeabi_idiv
                0x00000000100063ac       0x50 CMakeFiles/ps_2_freertos.dir/home/yasuno/Developments/RP2040/pico-sdk/src/rp2_common/pico_divider/divider_hardware.S.o
                0x00000000100063ac                __wrap___aeabi_idivmod
                0x00000000100063ac                divmod_s32s32
                0x00000000100063ac                div_s32s32
                0x00000000100063ac                __wrap___aeabi_idiv
                0x00000000100063b4                divmod_s32s32_unsafe
                0x00000000100063e0                divmod_s32s32_savestate
 .text.__wrap___aeabi_uidiv
                0x00000000100063fc       0x4c CMakeFiles/ps_2_freertos.dir/home/yasuno/Developments/RP2040/pico-sdk/src/rp2_common/pico_divider/divider_hardware.S.o
                0x00000000100063fc                __wrap___aeabi_uidiv
                0x00000000100063fc                __wrap___aeabi_uidivmod
                0x00000000100063fc                div_u32u32
                0x00000000100063fc                divmod_u32u32
                0x0000000010006404                divmod_u32u32_unsafe
                0x000000001000642c                divmod_u32u32_savestate
 .text.__wrap___aeabi_ldiv
                0x0000000010006448      0x424 CMakeFiles/ps_2_freertos.dir/home/yasuno/Developments/RP2040/pico-sdk/src/rp2_common/pico_divider/divider_hardware.S.o
                0x0000000010006448                div_s64s64
                0x0000000010006448                divmod_s64s64
                0x0000000010006448                __wrap___aeabi_ldivmod
                0x0000000010006478                div_u64u64
                0x0000000010006478                divmod_u64u64
                0x0000000010006478                __wrap___aeabi_uldivmod
                0x0000000010006488                divmod_u64u64_savestate
                0x00000000100064a8                divmod_s64s64_unsafe
                0x0000000010006530                divmod_u64u64_unsafe
 .text.__wrap___aeabi_darithmetic
                0x000000001000686c       0x80 CMakeFiles/ps_2_freertos.dir/home/yasuno/Developments/RP2040/pico-sdk/src/rp2_common/pico_double/double_aeabi_rp2040.S.o
                0x000000001000686c                __wrap___aeabi_drsub
                0x0000000010006872                __wrap___aeabi_dsub
                0x0000000010006884                __wrap___aeabi_dadd
                0x0000000010006896                __wrap___aeabi_ddiv
                0x00000000100068d2                __wrap___aeabi_dmul
 .text.__wrap___aeabi_cdcmple
                0x00000000100068ec       0x6c CMakeFiles/ps_2_freertos.dir/home/yasuno/Developments/RP2040/pico-sdk/src/rp2_common/pico_double/double_aeabi_rp2040.S.o
                0x00000000100068ec                __wrap___aeabi_cdrcmple
                0x00000000100068fc                __wrap___aeabi_cdcmple
                0x00000000100068fc                __wrap___aeabi_cdcmpeq
 .text.__wrap___aeabi_dcmplt
                0x0000000010006958        0xc CMakeFiles/ps_2_freertos.dir/home/yasuno/Developments/RP2040/pico-sdk/src/rp2_common/pico_double/double_aeabi_rp2040.S.o
                0x0000000010006958                __wrap___aeabi_dcmplt
 .text.__wrap___aeabi_dcmple
                0x0000000010006964       0x10 CMakeFiles/ps_2_freertos.dir/home/yasuno/Developments/RP2040/pico-sdk/src/rp2_common/pico_double/double_aeabi_rp2040.S.o
                0x0000000010006964                __wrap___aeabi_dcmple
 .text.__wrap___aeabi_dcmpge
                0x0000000010006974       0x10 CMakeFiles/ps_2_freertos.dir/home/yasuno/Developments/RP2040/pico-sdk/src/rp2_common/pico_double/double_aeabi_rp2040.S.o
                0x0000000010006974                __wrap___aeabi_dcmpge
 .text.__wrap___aeabi_dcmpgt
                0x0000000010006984        0xa CMakeFiles/ps_2_freertos.dir/home/yasuno/Developments/RP2040/pico-sdk/src/rp2_common/pico_double/double_aeabi_rp2040.S.o
                0x0000000010006984                __wrap___aeabi_dcmpgt
 .text.__wrap___aeabi_dcmpun
                0x000000001000698e       0x18 CMakeFiles/ps_2_freertos.dir/home/yasuno/Developments/RP2040/pico-sdk/src/rp2_common/pico_double/double_aeabi_rp2040.S.o
                0x000000001000698e                __wrap___aeabi_dcmpun
 *fill*         0x00000000100069a6        0x2 
 .text.__wrap___aeabi_i2d
                0x00000000100069a8       0x38 CMakeFiles/ps_2_freertos.dir/home/yasuno/Developments/RP2040/pico-sdk/src/rp2_common/pico_double/double_aeabi_rp2040.S.o
                0x00000000100069a8                __wrap___aeabi_ui2d
                0x00000000100069b0                __wrap___aeabi_i2d
 .text.__wrap___aeabi_d2iz
                0x00000000100069e0       0x48 CMakeFiles/ps_2_freertos.dir/home/yasuno/Developments/RP2040/pico-sdk/src/rp2_common/pico_double/double_aeabi_rp2040.S.o
                0x00000000100069e0                __wrap___aeabi_d2iz
                0x00000000100069e0                double2int_z
 .text.__wrap___aeabi_d2uiz
                0x0000000010006a28       0x18 CMakeFiles/ps_2_freertos.dir/home/yasuno/Developments/RP2040/pico-sdk/src/rp2_common/pico_double/double_aeabi_rp2040.S.o
                0x0000000010006a28                double2uint
                0x0000000010006a28                __wrap___aeabi_d2uiz
 .text.__aeabi_double_init
                0x0000000010006a40       0xa0 CMakeFiles/ps_2_freertos.dir/home/yasuno/Developments/RP2040/pico-sdk/src/rp2_common/pico_double/double_init_rom_rp2040.c.o
                0x0000000010006a40                __aeabi_double_init
 .text.double_table_shim_on_use_helper
                0x0000000010006ae0       0x2c CMakeFiles/ps_2_freertos.dir/home/yasuno/Developments/RP2040/pico-sdk/src/rp2_common/pico_double/double_v1_rom_shim_rp2040.S.o
                0x0000000010006ae0                double_table_shim_on_use_helper
 .text.__wrap___aeabi_dsub
                0x0000000010006b0c       0x10 CMakeFiles/ps_2_freertos.dir/home/yasuno/Developments/RP2040/pico-sdk/src/rp2_common/pico_double/double_v1_rom_shim_rp2040.S.o
                0x0000000010006b0c                drsub_shim
                0x0000000010006b12                dsub_shim
 .text.dadd_shim
                0x0000000010006b1c      0x15c CMakeFiles/ps_2_freertos.dir/home/yasuno/Developments/RP2040/pico-sdk/src/rp2_common/pico_double/double_v1_rom_shim_rp2040.S.o
                0x0000000010006b1c                dadd_shim
 .text.dmul_shim
                0x0000000010006c78      0x15c CMakeFiles/ps_2_freertos.dir/home/yasuno/Developments/RP2040/pico-sdk/src/rp2_common/pico_double/double_v1_rom_shim_rp2040.S.o
                0x0000000010006c78                dmul_shim
 .text.ddiv_shim
                0x0000000010006dd4      0x1b0 CMakeFiles/ps_2_freertos.dir/home/yasuno/Developments/RP2040/pico-sdk/src/rp2_common/pico_double/double_v1_rom_shim_rp2040.S.o
                0x0000000010006dd4                ddiv_shim
 .text.double2uint_shim
                0x0000000010006f84        0xe CMakeFiles/ps_2_freertos.dir/home/yasuno/Developments/RP2040/pico-sdk/src/rp2_common/pico_double/double_v1_rom_shim_rp2040.S.o
                0x0000000010006f84                double2uint_shim
                0x0000000010006f86                double2ufix_shim
 *fill*         0x0000000010006f92        0x2 
 .text.double2uint64_shim
                0x0000000010006f94       0x70 CMakeFiles/ps_2_freertos.dir/home/yasuno/Developments/RP2040/pico-sdk/src/rp2_common/pico_double/double_v1_rom_shim_rp2040.S.o
                0x0000000010006f94                double2uint64_shim
                0x0000000010006f96                double2ufix64_shim
                0x0000000010006fb6                d2fix_a
 .text.dunpacks
                0x0000000010007004       0x3c CMakeFiles/ps_2_freertos.dir/home/yasuno/Developments/RP2040/pico-sdk/src/rp2_common/pico_double/double_v1_rom_shim_rp2040.S.o
                0x0000000010007004                dunpacks
 .text.__aeabi_lmul
                0x0000000010007040       0x32 CMakeFiles/ps_2_freertos.dir/home/yasuno/Developments/RP2040/pico-sdk/src/rp2_common/pico_int64_ops/pico_int64_ops_aeabi.S.o
                0x0000000010007040                __wrap___aeabi_lmul
 *fill*         0x0000000010007072        0x2 
 .text.__aeabi_float_init
                0x0000000010007074       0x64 CMakeFiles/ps_2_freertos.dir/home/yasuno/Developments/RP2040/pico-sdk/src/rp2_common/pico_float/float_init_rom_rp2040.c.o
                0x0000000010007074                __aeabi_float_init
 .text.float_table_shim_on_use_helper
                0x00000000100070d8       0x2c CMakeFiles/ps_2_freertos.dir/home/yasuno/Developments/RP2040/pico-sdk/src/rp2_common/pico_float/float_v1_rom_shim_rp2040.S.o
                0x00000000100070d8                float_table_shim_on_use_helper
 .text          0x0000000010007104       0x10 CMakeFiles/ps_2_freertos.dir/home/yasuno/Developments/RP2040/pico-sdk/src/rp2_common/pico_mem_ops/mem_ops_aeabi.S.o
                0x0000000010007104                __aeabi_mem_init
 .text.memset   0x0000000010007114        0xc CMakeFiles/ps_2_freertos.dir/home/yasuno/Developments/RP2040/pico-sdk/src/rp2_common/pico_mem_ops/mem_ops_aeabi.S.o
                0x0000000010007114                __wrap_memset
 .text.memcpy   0x0000000010007120        0xc CMakeFiles/ps_2_freertos.dir/home/yasuno/Developments/RP2040/pico-sdk/src/rp2_common/pico_mem_ops/mem_ops_aeabi.S.o
                0x0000000010007120                __wrap___aeabi_memcpy
                0x0000000010007120                __wrap_memcpy
 .text._out_null
                0x000000001000712c        0x4 CMakeFiles/ps_2_freertos.dir/home/yasuno/Developments/RP2040/pico-sdk/src/rp2_common/pico_printf/printf.c.o
 .text._out_rev
                0x0000000010007130       0x9c CMakeFiles/ps_2_freertos.dir/home/yasuno/Developments/RP2040/pico-sdk/src/rp2_common/pico_printf/printf.c.o
 .text._ntoa_format
                0x00000000100071cc      0x1cc CMakeFiles/ps_2_freertos.dir/home/yasuno/Developments/RP2040/pico-sdk/src/rp2_common/pico_printf/printf.c.o
 .text._out_char
                0x0000000010007398       0x10 CMakeFiles/ps_2_freertos.dir/home/yasuno/Developments/RP2040/pico-sdk/src/rp2_common/pico_printf/printf.c.o
 .text._out_fct
                0x00000000100073a8       0x10 CMakeFiles/ps_2_freertos.dir/home/yasuno/Developments/RP2040/pico-sdk/src/rp2_common/pico_printf/printf.c.o
 .text._etoa    0x00000000100073b8      0x44c CMakeFiles/ps_2_freertos.dir/home/yasuno/Developments/RP2040/pico-sdk/src/rp2_common/pico_printf/printf.c.o
 .text._ftoa    0x0000000010007804      0x398 CMakeFiles/ps_2_freertos.dir/home/yasuno/Developments/RP2040/pico-sdk/src/rp2_common/pico_printf/printf.c.o
 .text._vsnprintf
                0x0000000010007b9c      0xb04 CMakeFiles/ps_2_freertos.dir/home/yasuno/Developments/RP2040/pico-sdk/src/rp2_common/pico_printf/printf.c.o
 .text.vfctprintf
                0x00000000100086a0       0x20 CMakeFiles/ps_2_freertos.dir/home/yasuno/Developments/RP2040/pico-sdk/src/rp2_common/pico_printf/printf.c.o
                0x00000000100086a0                vfctprintf
 .text.weak_raw_vprintf
                0x00000000100086c0       0x30 CMakeFiles/ps_2_freertos.dir/home/yasuno/Developments/RP2040/pico-sdk/src/rp2_common/pico_printf/printf.c.o
                0x00000000100086c0                weak_raw_vprintf
 .text._exit    0x00000000100086f0        0x4 CMakeFiles/ps_2_freertos.dir/home/yasuno/Developments/RP2040/pico-sdk/src/rp2_common/pico_clib_interface/newlib_interface.c.o
                0x00000000100086f0                _exit
 .text.exit     0x00000000100086f4        0x8 CMakeFiles/ps_2_freertos.dir/home/yasuno/Developments/RP2040/pico-sdk/src/rp2_common/pico_clib_interface/newlib_interface.c.o
                0x00000000100086f4                exit
 .text.runtime_init
                0x00000000100086fc       0x2c CMakeFiles/ps_2_freertos.dir/home/yasuno/Developments/RP2040/pico-sdk/src/rp2_common/pico_clib_interface/newlib_interface.c.o
                0x00000000100086fc                runtime_init
 .text.stdio_out_chars_no_crlf
                0x0000000010008728       0x10 CMakeFiles/ps_2_freertos.dir/home/yasuno/Developments/RP2040/pico-sdk/src/rp2_common/pico_stdio/stdio.c.o
 .text.stdio_out_chars_crlf
                0x0000000010008738       0xb4 CMakeFiles/ps_2_freertos.dir/home/yasuno/Developments/RP2040/pico-sdk/src/rp2_common/pico_stdio/stdio.c.o
 .text.stdio_buffered_printer
                0x00000000100087ec       0x64 CMakeFiles/ps_2_freertos.dir/home/yasuno/Developments/RP2040/pico-sdk/src/rp2_common/pico_stdio/stdio.c.o
 .text.stdio_put_string
                0x0000000010008850      0x100 CMakeFiles/ps_2_freertos.dir/home/yasuno/Developments/RP2040/pico-sdk/src/rp2_common/pico_stdio/stdio.c.o
                0x0000000010008850                stdio_put_string
 .text.stdio_set_driver_enabled
                0x0000000010008950       0x30 CMakeFiles/ps_2_freertos.dir/home/yasuno/Developments/RP2040/pico-sdk/src/rp2_common/pico_stdio/stdio.c.o
                0x0000000010008950                stdio_set_driver_enabled
 .text.stdio_init_all
                0x0000000010008980        0xc CMakeFiles/ps_2_freertos.dir/home/yasuno/Developments/RP2040/pico-sdk/src/rp2_common/pico_stdio/stdio.c.o
                0x0000000010008980                stdio_init_all
 .text.__wrap_putchar
                0x000000001000898c       0x98 CMakeFiles/ps_2_freertos.dir/home/yasuno/Developments/RP2040/pico-sdk/src/rp2_common/pico_stdio/stdio.c.o
                0x000000001000898c                stdio_putchar
                0x000000001000898c                __wrap_putchar
 .text.__wrap_puts
                0x0000000010008a24       0x3c CMakeFiles/ps_2_freertos.dir/home/yasuno/Developments/RP2040/pico-sdk/src/rp2_common/pico_stdio/stdio.c.o
                0x0000000010008a24                __wrap_puts
                0x0000000010008a24                stdio_puts
 .text.__wrap_vprintf
                0x0000000010008a60       0xd8 CMakeFiles/ps_2_freertos.dir/home/yasuno/Developments/RP2040/pico-sdk/src/rp2_common/pico_stdio/stdio.c.o
                0x0000000010008a60                __wrap_vprintf
                0x0000000010008a60                stdio_vprintf
 .text.__wrap_printf
                0x0000000010008b38       0x18 CMakeFiles/ps_2_freertos.dir/home/yasuno/Developments/RP2040/pico-sdk/src/rp2_common/pico_stdio/stdio.c.o
                0x0000000010008b38                stdio_printf
                0x0000000010008b38                __wrap_printf
 .text.stdio_uart_out_chars
                0x0000000010008b50       0x4c CMakeFiles/ps_2_freertos.dir/home/yasuno/Developments/RP2040/pico-sdk/src/rp2_common/pico_stdio_uart/stdio_uart.c.o
 .text.stdio_uart_in_chars
                0x0000000010008b9c       0x84 CMakeFiles/ps_2_freertos.dir/home/yasuno/Developments/RP2040/pico-sdk/src/rp2_common/pico_stdio_uart/stdio_uart.c.o
                0x0000000010008b9c                stdio_uart_in_chars
 .text.on_uart_rx
                0x0000000010008c20       0x28 CMakeFiles/ps_2_freertos.dir/home/yasuno/Developments/RP2040/pico-sdk/src/rp2_common/pico_stdio_uart/stdio_uart.c.o
 .text.stdio_uart_out_flush
                0x0000000010008c48       0x14 CMakeFiles/ps_2_freertos.dir/home/yasuno/Developments/RP2040/pico-sdk/src/rp2_common/pico_stdio_uart/stdio_uart.c.o
 .text.stdio_uart_set_chars_available_callback
                0x0000000010008c5c       0x88 CMakeFiles/ps_2_freertos.dir/home/yasuno/Developments/RP2040/pico-sdk/src/rp2_common/pico_stdio_uart/stdio_uart.c.o
 .text.stdio_uart_init
                0x0000000010008ce4       0x50 CMakeFiles/ps_2_freertos.dir/home/yasuno/Developments/RP2040/pico-sdk/src/rp2_common/pico_stdio_uart/stdio_uart.c.o
                0x0000000010008ce4                stdio_uart_init
 .text.spi_init
                0x0000000010008d34      0x134 CMakeFiles/ps_2_freertos.dir/home/yasuno/Developments/RP2040/pico-sdk/src/rp2_common/hardware_spi/spi.c.o
                0x0000000010008d34                spi_init
 .text          0x0000000010008e68       0x5c /usr/lib/gcc/arm-none-eabi/10.3.1/../../../arm-none-eabi/lib/thumb/v6-m/nofp/libg.a(lib_a-strlen-stub.o)
                0x0000000010008e68                strlen
 *(.fini)
 .fini          0x0000000010008ec4        0x4 /usr/lib/gcc/arm-none-eabi/10.3.1/thumb/v6-m/nofp/crti.o
                0x0000000010008ec4                _fini
 .fini.__stub   0x0000000010008ec8       0x50 linker stubs
 *crtbegin.o(.ctors)
 *crtbegin?.o(.ctors)
 *(EXCLUDE_FILE(*crtend.o *crtend?.o) .ctors)
 *(SORT_BY_NAME(.ctors.*))
 *(.ctors)
 *crtbegin.o(.dtors)
 *crtbegin?.o(.dtors)
 *(EXCLUDE_FILE(*crtend.o *crtend?.o) .dtors)
 *(SORT_BY_NAME(.dtors.*))
 *(.dtors)
                0x0000000010008f18                . = ALIGN (0x4)
                0x0000000010008f18                PROVIDE (__preinit_array_start = .)
 *(SORT_BY_NAME(.preinit_array.*))
 .preinit_array.00100
                0x0000000010008f18        0x4 CMakeFiles/ps_2_freertos.dir/home/yasuno/Developments/RP2040/pico-sdk/src/rp2_common/pico_runtime_init/runtime_init.c.o
                0x0000000010008f18                __pre_init_runtime_init_early_resets
 .preinit_array.00101
                0x0000000010008f1c        0x4 CMakeFiles/ps_2_freertos.dir/home/yasuno/Developments/RP2040/pico-sdk/src/rp2_common/pico_runtime_init/runtime_init.c.o
                0x0000000010008f1c                __pre_init_runtime_init_usb_power_down
 .preinit_array.00275
                0x0000000010008f20        0x4 CMakeFiles/ps_2_freertos.dir/home/yasuno/Developments/RP2040/pico-sdk/src/rp2_common/pico_bit_ops/bit_ops_aeabi.S.o
 .preinit_array.00300
                0x0000000010008f24        0x4 CMakeFiles/ps_2_freertos.dir/home/yasuno/Developments/RP2040/pico-sdk/src/rp2_common/pico_mem_ops/mem_ops_aeabi.S.o
 .preinit_array.00350
                0x0000000010008f28        0x4 CMakeFiles/ps_2_freertos.dir/home/yasuno/Developments/RP2040/pico-sdk/src/rp2_common/pico_double/double_aeabi_rp2040.S.o
 .preinit_array.00350
                0x0000000010008f2c        0x4 CMakeFiles/ps_2_freertos.dir/home/yasuno/Developments/RP2040/pico-sdk/src/rp2_common/pico_float/float_aeabi_rp2040.S.o
 .preinit_array.00500
                0x0000000010008f30        0x4 CMakeFiles/ps_2_freertos.dir/home/yasuno/Developments/RP2040/pico-sdk/src/rp2_common/pico_runtime_init/runtime_init.c.o
                0x0000000010008f30                __pre_init_runtime_init_clocks
 .preinit_array.00600
                0x0000000010008f34        0x4 CMakeFiles/ps_2_freertos.dir/home/yasuno/Developments/RP2040/pico-sdk/src/rp2_common/pico_runtime_init/runtime_init.c.o
                0x0000000010008f34                __pre_init_runtime_init_post_clock_resets
 .preinit_array.00700
                0x0000000010008f38        0x4 CMakeFiles/ps_2_freertos.dir/home/yasuno/Developments/RP2040/pico-sdk/src/rp2_common/pico_runtime_init/runtime_init.c.o
                0x0000000010008f38                __pre_init_runtime_init_rp2040_gpio_ie_disable
 .preinit_array.01000
                0x0000000010008f3c        0x4 CMakeFiles/ps_2_freertos.dir/home/yasuno/Developments/RP2040/pico-sdk/src/rp2_common/pico_runtime_init/runtime_init.c.o
                0x0000000010008f3c                __pre_init_runtime_init_spin_locks_reset
 .preinit_array.01100
                0x0000000010008f40        0x4 CMakeFiles/ps_2_freertos.dir/home/yasuno/Developments/RP2040/pico-sdk/src/common/pico_sync/mutex.c.o
                0x0000000010008f40                __pre_init_runtime_init_mutex
 .preinit_array.10080
                0x0000000010008f44        0x4 CMakeFiles/ps_2_freertos.dir/home/yasuno/Developments/RP2040/pico-sdk/src/rp2_common/pico_runtime_init/runtime_init.c.o
                0x0000000010008f44                __pre_init_runtime_init_install_ram_vector_table
 .preinit_array.11000
                0x0000000010008f48        0x4 CMakeFiles/ps_2_freertos.dir/home/yasuno/Developments/RP2040/pico-sdk/src/common/pico_time/time.c.o
                0x0000000010008f48                __pre_init_runtime_init_default_alarm_pool
 .preinit_array.YYYYY
                0x0000000010008f4c        0x4 CMakeFiles/ps_2_freertos.dir/home/yasuno/Developments/RP2040/pico-sdk/src/rp2_common/pico_runtime/runtime.c.o
                0x0000000010008f4c                __pre_init_first_per_core_initializer
 .preinit_array.ZZZZZ.01200
                0x0000000010008f50        0x4 CMakeFiles/ps_2_freertos.dir/home/yasuno/Developments/RP2040/pico-sdk/src/rp2_common/hardware_irq/irq.c.o
                0x0000000010008f50                __pre_init_runtime_init_per_core_irq_priorities
 *(.preinit_array)
                0x0000000010008f54                PROVIDE (__preinit_array_end = .)
                0x0000000010008f54                . = ALIGN (0x4)
                0x0000000010008f54                PROVIDE (__init_array_start = .)
 *(SORT_BY_NAME(.init_array.*))
 *(.init_array)
 .init_array    0x0000000010008f54        0x4 /usr/lib/gcc/arm-none-eabi/10.3.1/thumb/v6-m/nofp/crtbegin.o
 .init_array    0x0000000010008f58        0x4 CMakeFiles/ps_2_freertos.dir/home/yasuno/Developments/FreeRTOS-LTS/FreeRTOS/FreeRTOS-Kernel/portable/ThirdParty/GCC/RP2040/port.c.o
                0x0000000010008f5c                PROVIDE (__init_array_end = .)
                0x0000000010008f5c                . = ALIGN (0x4)
                0x0000000010008f5c                PROVIDE (__fini_array_start = .)
 *(SORT_BY_NAME(.fini_array.*))
 *(.fini_array)
                0x0000000010008f5c                PROVIDE (__fini_array_end = .)
 *(.eh_frame*)
 .eh_frame      0x0000000010008f5c        0x0 /usr/lib/gcc/arm-none-eabi/10.3.1/thumb/v6-m/nofp/crtbegin.o
                0x0000000010008f5c                . = ALIGN (0x4)

.glue_7         0x0000000010008f5c        0x0
 .glue_7        0x0000000010008f5c        0x0 linker stubs

.glue_7t        0x0000000010008f5c        0x0
 .glue_7t       0x0000000010008f5c        0x0 linker stubs

.vfp11_veneer   0x0000000010008f5c        0x0
 .vfp11_veneer  0x0000000010008f5c        0x0 linker stubs

.v4_bx          0x0000000010008f5c        0x0
 .v4_bx         0x0000000010008f5c        0x0 linker stubs

.iplt           0x0000000010008f5c        0x0
 .iplt          0x0000000010008f5c        0x0 /usr/lib/gcc/arm-none-eabi/10.3.1/thumb/v6-m/nofp/crtbegin.o

.rodata         0x0000000010008f60      0x574
 *(EXCLUDE_FILE(*libm.a: *libc.a:*lib_a-mem*.o *libgcc.a:) .rodata*)
 .rodata.blink_task.str1.4
                0x0000000010008f60       0x2e CMakeFiles/ps_2_freertos.dir/ps_2_freertos.c.o
 *fill*         0x0000000010008f8e        0x2 
 .rodata.main_task.str1.4
                0x0000000010008f90       0x47 CMakeFiles/ps_2_freertos.dir/ps_2_freertos.c.o
 *fill*         0x0000000010008fd7        0x1 
 .rodata.async_do_work.str1.4
                0x0000000010008fd8       0x32 CMakeFiles/ps_2_freertos.dir/ps_2_freertos.c.o
 *fill*         0x000000001000900a        0x2 
 .rodata.vLaunch.str1.4
                0x000000001000900c        0xb CMakeFiles/ps_2_freertos.dir/ps_2_freertos.c.o
 *fill*         0x0000000010009017        0x1 
 .rodata.main.str1.4
                0x0000000010009018       0x2c CMakeFiles/ps_2_freertos.dir/ps_2_freertos.c.o
 .rodata        0x0000000010009044        0xc CMakeFiles/ps_2_freertos.dir/ps_2_freertos.c.o
 .rodata.spi_main.str1.4
                0x0000000010009050       0x3e CMakeFiles/ps_2_freertos.dir/spi_slave.c.o
 *fill*         0x000000001000908e        0x2 
 .rodata.__bi_82.0
                0x0000000010009090        0x8 CMakeFiles/ps_2_freertos.dir/spi_slave.c.o
 .rodata.async_context_freertos_init.str1.4
                0x0000000010009098       0x27 CMakeFiles/ps_2_freertos.dir/home/yasuno/Developments/RP2040/pico-sdk/src/rp2_common/pico_async_context/async_context_freertos.c.o
 *fill*         0x00000000100090bf        0x1 
 .rodata.template
                0x00000000100090c0       0x38 CMakeFiles/ps_2_freertos.dir/home/yasuno/Developments/RP2040/pico-sdk/src/rp2_common/pico_async_context/async_context_freertos.c.o
 .rodata.panic.str1.4
                0x00000000100090f8       0x10 CMakeFiles/ps_2_freertos.dir/home/yasuno/Developments/RP2040/pico-sdk/src/rp2_common/pico_platform_panic/panic.c.o
                                         0x12 (size before relaxing)
 .rodata.panic_unsupported.str1.4
                0x0000000010009108        0xe CMakeFiles/ps_2_freertos.dir/home/yasuno/Developments/RP2040/pico-sdk/src/rp2_common/pico_platform_panic/panic.c.o
 *fill*         0x0000000010009116        0x2 
 .rodata.prvTimerTask
                0x0000000010009118       0x28 CMakeFiles/ps_2_freertos.dir/home/yasuno/Developments/FreeRTOS-LTS/FreeRTOS/FreeRTOS-Kernel/timers.c.o
 .rodata.xTimerCreateTimerTask.str1.4
                0x0000000010009140       0x10 CMakeFiles/ps_2_freertos.dir/home/yasuno/Developments/FreeRTOS-LTS/FreeRTOS/FreeRTOS-Kernel/timers.c.o
 .rodata.spin_lock_claim.str1.4
                0x0000000010009150       0x1f CMakeFiles/ps_2_freertos.dir/home/yasuno/Developments/RP2040/pico-sdk/src/rp2_common/hardware_sync/sync.c.o
 *fill*         0x000000001000916f        0x1 
 .rodata.at_the_end_of_time
                0x0000000010009170        0x8 CMakeFiles/ps_2_freertos.dir/home/yasuno/Developments/RP2040/pico-sdk/src/common/pico_time/time.c.o
                0x0000000010009170                at_the_end_of_time
 .rodata.timer_hardware_alarm_claim.str1.4
                0x0000000010009178       0x22 CMakeFiles/ps_2_freertos.dir/home/yasuno/Developments/RP2040/pico-sdk/src/rp2_common/hardware_timer/timer.c.o
 *fill*         0x000000001000919a        0x2 
 .rodata.hard_assertion_failure.str1.4
                0x000000001000919c        0xc CMakeFiles/ps_2_freertos.dir/home/yasuno/Developments/RP2040/pico-sdk/src/rp2_common/pico_runtime/runtime.c.o
 .rodata.str1.4
                0x00000000100091a8       0x44 CMakeFiles/ps_2_freertos.dir/home/yasuno/Developments/RP2040/pico-sdk/src/rp2_common/pico_standard_binary_info/standard_binary_info.c.o
 .rodata.__bi_26
                0x00000000100091ec        0xc CMakeFiles/ps_2_freertos.dir/home/yasuno/Developments/RP2040/pico-sdk/src/rp2_common/pico_standard_binary_info/standard_binary_info.c.o
 .rodata.__bi_34
                0x00000000100091f8        0xc CMakeFiles/ps_2_freertos.dir/home/yasuno/Developments/RP2040/pico-sdk/src/rp2_common/pico_standard_binary_info/standard_binary_info.c.o
 .rodata.__bi_42
                0x0000000010009204        0xc CMakeFiles/ps_2_freertos.dir/home/yasuno/Developments/RP2040/pico-sdk/src/rp2_common/pico_standard_binary_info/standard_binary_info.c.o
 .rodata.__bi_48
                0x0000000010009210        0xc CMakeFiles/ps_2_freertos.dir/home/yasuno/Developments/RP2040/pico-sdk/src/rp2_common/pico_standard_binary_info/standard_binary_info.c.o
 .rodata.__bi_54
                0x000000001000921c        0xc CMakeFiles/ps_2_freertos.dir/home/yasuno/Developments/RP2040/pico-sdk/src/rp2_common/pico_standard_binary_info/standard_binary_info.c.o
 .rodata.__bi_78
                0x0000000010009228        0xc CMakeFiles/ps_2_freertos.dir/home/yasuno/Developments/RP2040/pico-sdk/src/rp2_common/pico_standard_binary_info/standard_binary_info.c.o
 .rodata.__bi_84
                0x0000000010009234        0xc CMakeFiles/ps_2_freertos.dir/home/yasuno/Developments/RP2040/pico-sdk/src/rp2_common/pico_standard_binary_info/standard_binary_info.c.o
 .rodata._ftoa.str1.4
                0x0000000010009240       0x15 CMakeFiles/ps_2_freertos.dir/home/yasuno/Developments/RP2040/pico-sdk/src/rp2_common/pico_printf/printf.c.o
 *fill*         0x0000000010009255        0x3 
 .rodata._vsnprintf
                0x0000000010009258      0x1e0 CMakeFiles/ps_2_freertos.dir/home/yasuno/Developments/RP2040/pico-sdk/src/rp2_common/pico_printf/printf.c.o
 .rodata.pow10.0
                0x0000000010009438       0x50 CMakeFiles/ps_2_freertos.dir/home/yasuno/Developments/RP2040/pico-sdk/src/rp2_common/pico_printf/printf.c.o
 .rodata.crlf_str.0
                0x0000000010009488        0x2 CMakeFiles/ps_2_freertos.dir/home/yasuno/Developments/RP2040/pico-sdk/src/rp2_common/pico_stdio/stdio.c.o
 *fill*         0x000000001000948a        0x2 
 .rodata.str1.4
                0x000000001000948c       0x2c CMakeFiles/ps_2_freertos.dir/home/yasuno/Developments/RP2040/pico-sdk/src/rp2_common/pico_stdio_uart/stdio_uart.c.o
 .rodata.__bi_45.4
                0x00000000100094b8        0xc CMakeFiles/ps_2_freertos.dir/home/yasuno/Developments/RP2040/pico-sdk/src/rp2_common/pico_stdio_uart/stdio_uart.c.o
 .rodata.__bi_49.5
                0x00000000100094c4        0x8 CMakeFiles/ps_2_freertos.dir/home/yasuno/Developments/RP2040/pico-sdk/src/rp2_common/pico_stdio_uart/stdio_uart.c.o
 .rodata.__bi_50.6
                0x00000000100094cc        0x8 CMakeFiles/ps_2_freertos.dir/home/yasuno/Developments/RP2040/pico-sdk/src/rp2_common/pico_stdio_uart/stdio_uart.c.o
                0x00000000100094d4                . = ALIGN (0x4)
 *(SORT_BY_ALIGNMENT(SORT_BY_NAME(.flashdata*)))
                0x00000000100094d4                . = ALIGN (0x4)

.ARM.extab
 *(.ARM.extab* .gnu.linkonce.armextab.*)
                0x00000000100094d4                __exidx_start = .

.ARM.exidx
 *(.ARM.exidx* .gnu.linkonce.armexidx.*)
                0x00000000100094d4                __exidx_end = .
                0x00000000100094d4                . = ALIGN (0x4)
                0x00000000100094d4                __binary_info_start = .

.binary_info    0x00000000100094d4       0x2c
 *(.binary_info.keep.*)
 .binary_info.keep.__bi_ptr82
                0x00000000100094d4        0x4 CMakeFiles/ps_2_freertos.dir/spi_slave.c.o
 .binary_info.keep.__bi_ptr26
                0x00000000100094d8        0x4 CMakeFiles/ps_2_freertos.dir/home/yasuno/Developments/RP2040/pico-sdk/src/rp2_common/pico_standard_binary_info/standard_binary_info.c.o
 .binary_info.keep.__bi_ptr34
                0x00000000100094dc        0x4 CMakeFiles/ps_2_freertos.dir/home/yasuno/Developments/RP2040/pico-sdk/src/rp2_common/pico_standard_binary_info/standard_binary_info.c.o
 .binary_info.keep.__bi_ptr42
                0x00000000100094e0        0x4 CMakeFiles/ps_2_freertos.dir/home/yasuno/Developments/RP2040/pico-sdk/src/rp2_common/pico_standard_binary_info/standard_binary_info.c.o
 .binary_info.keep.__bi_ptr48
                0x00000000100094e4        0x4 CMakeFiles/ps_2_freertos.dir/home/yasuno/Developments/RP2040/pico-sdk/src/rp2_common/pico_standard_binary_info/standard_binary_info.c.o
 .binary_info.keep.__bi_ptr54
                0x00000000100094e8        0x4 CMakeFiles/ps_2_freertos.dir/home/yasuno/Developments/RP2040/pico-sdk/src/rp2_common/pico_standard_binary_info/standard_binary_info.c.o
 .binary_info.keep.__bi_ptr78
                0x00000000100094ec        0x4 CMakeFiles/ps_2_freertos.dir/home/yasuno/Developments/RP2040/pico-sdk/src/rp2_common/pico_standard_binary_info/standard_binary_info.c.o
 .binary_info.keep.__bi_ptr84
                0x00000000100094f0        0x4 CMakeFiles/ps_2_freertos.dir/home/yasuno/Developments/RP2040/pico-sdk/src/rp2_common/pico_standard_binary_info/standard_binary_info.c.o
 *(.binary_info.*)
 .binary_info.__bi_ptr45
                0x00000000100094f4        0x4 CMakeFiles/ps_2_freertos.dir/home/yasuno/Developments/RP2040/pico-sdk/src/rp2_common/pico_stdio_uart/stdio_uart.c.o
 .binary_info.__bi_ptr49
                0x00000000100094f8        0x4 CMakeFiles/ps_2_freertos.dir/home/yasuno/Developments/RP2040/pico-sdk/src/rp2_common/pico_stdio_uart/stdio_uart.c.o
 .binary_info.__bi_ptr50
                0x00000000100094fc        0x4 CMakeFiles/ps_2_freertos.dir/home/yasuno/Developments/RP2040/pico-sdk/src/rp2_common/pico_stdio_uart/stdio_uart.c.o
                0x0000000010009500                __binary_info_end = .

.rel.dyn        0x0000000010009500        0x0
 .rel.iplt      0x0000000010009500        0x0 /usr/lib/gcc/arm-none-eabi/10.3.1/thumb/v6-m/nofp/crtbegin.o
                0x0000000010009500                . = ALIGN (0x4)

.ram_vector_table
                0x0000000020000000       0xc0
 *(.ram_vector_table)
 .ram_vector_table
                0x0000000020000000       0xc0 CMakeFiles/ps_2_freertos.dir/home/yasuno/Developments/RP2040/pico-sdk/src/rp2_common/pico_runtime_init/runtime_init.c.o
                0x0000000020000000                ram_vector_table

.uninitialized_data
                0x00000000200000c0        0x0
                0x00000000200000c0                . = ALIGN (0x4)
 *(.uninitialized_data*)

.data           0x00000000200000c0      0x248 load address 0x0000000010009500
                0x00000000200000c0                __data_start__ = .
 *(vtable)
 *(.time_critical*)
 .time_critical.mutex_try_enter_block_until
                0x00000000200000c0       0x9c CMakeFiles/ps_2_freertos.dir/home/yasuno/Developments/RP2040/pico-sdk/src/common/pico_sync/mutex.c.o
                0x00000000200000c0                mutex_try_enter_block_until
 .time_critical.mutex_exit
                0x000000002000015c       0x20 CMakeFiles/ps_2_freertos.dir/home/yasuno/Developments/RP2040/pico-sdk/src/common/pico_sync/mutex.c.o
                0x000000002000015c                mutex_exit
 .time_critical.spi_read16_blocking
                0x000000002000017c       0x74 CMakeFiles/ps_2_freertos.dir/home/yasuno/Developments/RP2040/pico-sdk/src/rp2_common/hardware_spi/spi.c.o
                0x000000002000017c                spi_read16_blocking
 *(.text*)
 .text          0x00000000200001f0        0x4 /usr/lib/gcc/arm-none-eabi/10.3.1/thumb/v6-m/nofp/libgcc.a(_dvmd_tls.o)
                0x00000000200001f0                __aeabi_ldiv0
                0x00000000200001f0                __aeabi_idiv0
 *fill*         0x00000000200001f4        0x4 
 .text.__stub   0x00000000200001f8       0x30 linker stubs
                0x0000000020000228                . = ALIGN (0x4)
 *(.rodata*)
                0x0000000020000228                . = ALIGN (0x4)
 *(.data*)
 .data.last_core_id.0
                0x0000000020000228        0x4 CMakeFiles/ps_2_freertos.dir/ps_2_freertos.c.o
 .data.last_core_id.1
                0x000000002000022c        0x4 CMakeFiles/ps_2_freertos.dir/ps_2_freertos.c.o
 .data.last_core_id.3
                0x0000000020000230        0x4 CMakeFiles/ps_2_freertos.dir/ps_2_freertos.c.o
 *fill*         0x0000000020000234        0x4 
 .data.worker_timeout
                0x0000000020000238       0x18 CMakeFiles/ps_2_freertos.dir/ps_2_freertos.c.o
                0x0000000020000238                worker_timeout
 .data.ucPrimaryCoreNum
                0x0000000020000250        0x1 CMakeFiles/ps_2_freertos.dir/home/yasuno/Developments/FreeRTOS-LTS/FreeRTOS/FreeRTOS-Kernel/portable/ThirdParty/GCC/RP2040/port.c.o
 *fill*         0x0000000020000251        0x3 
 .data.uxTopUsedPriority
                0x0000000020000254        0x4 CMakeFiles/ps_2_freertos.dir/home/yasuno/Developments/FreeRTOS-LTS/FreeRTOS/FreeRTOS-Kernel/tasks.c.o
 .data.striped_spin_lock_num
                0x0000000020000258        0x1 CMakeFiles/ps_2_freertos.dir/home/yasuno/Developments/RP2040/pico-sdk/src/rp2_common/hardware_sync/sync.c.o
 *fill*         0x0000000020000259        0x3 
 .data          0x000000002000025c       0x48 CMakeFiles/ps_2_freertos.dir/home/yasuno/Developments/RP2040/pico-sdk/src/rp2_common/hardware_irq/irq_handler_chain.S.o
                0x000000002000025c                irq_handler_chain_slots
                0x000000002000028c                irq_handler_chain_first_slot
                0x0000000020000296                irq_handler_chain_remove_tail
 .data.default_alarm_pool
                0x00000000200002a4       0x18 CMakeFiles/ps_2_freertos.dir/home/yasuno/Developments/RP2040/pico-sdk/src/common/pico_time/time.c.o
 *fill*         0x00000000200002bc        0x4 
 .data.aeabi_bits_funcs
                0x00000000200002c0       0x10 CMakeFiles/ps_2_freertos.dir/home/yasuno/Developments/RP2040/pico-sdk/src/rp2_common/pico_bit_ops/bit_ops_aeabi.S.o
                0x00000000200002c0                aeabi_bits_funcs
                0x00000000200002d0                aeabi_bits_funcs_end
 .data.aeabi_mem_funcs
                0x00000000200002d0       0x10 CMakeFiles/ps_2_freertos.dir/home/yasuno/Developments/RP2040/pico-sdk/src/rp2_common/pico_mem_ops/mem_ops_aeabi.S.o
                0x00000000200002d0                aeabi_mem_funcs
                0x00000000200002e0                aeabi_mem_funcs_end
 .data.stdio_uart
                0x00000000200002e0       0x18 CMakeFiles/ps_2_freertos.dir/home/yasuno/Developments/RP2040/pico-sdk/src/rp2_common/pico_stdio_uart/stdio_uart.c.o
                0x00000000200002e0                stdio_uart
                0x00000000200002f8                . = ALIGN (0x4)
 *(.after_data.*)
                0x00000000200002f8                . = ALIGN (0x4)
                0x00000000200002f8                PROVIDE (__mutex_array_start = .)
 *(SORT_BY_NAME(.mutex_array.*))
 *(.mutex_array)
 .mutex_array   0x00000000200002f8        0x8 CMakeFiles/ps_2_freertos.dir/home/yasuno/Developments/RP2040/pico-sdk/src/rp2_common/pico_malloc/malloc.c.o
 .mutex_array   0x0000000020000300        0x8 CMakeFiles/ps_2_freertos.dir/home/yasuno/Developments/RP2040/pico-sdk/src/rp2_common/pico_stdio/stdio.c.o
                0x0000000020000308                PROVIDE (__mutex_array_end = .)
                0x0000000020000308                . = ALIGN (0x4)
 *(.jcr)
                0x0000000020000308                . = ALIGN (0x4)

.tm_clone_table
                0x0000000020000308        0x0 load address 0x0000000010009748
 .tm_clone_table
                0x0000000020000308        0x0 /usr/lib/gcc/arm-none-eabi/10.3.1/thumb/v6-m/nofp/crtbegin.o
 .tm_clone_table
                0x0000000020000308        0x0 /usr/lib/gcc/arm-none-eabi/10.3.1/thumb/v6-m/nofp/crtend.o

.igot.plt       0x0000000020000308        0x0 load address 0x0000000010009748
 .igot.plt      0x0000000020000308        0x0 /usr/lib/gcc/arm-none-eabi/10.3.1/thumb/v6-m/nofp/crtbegin.o

.tdata          0x0000000020000308        0x0 load address 0x0000000010009748
                0x0000000020000308                . = ALIGN (0x4)
 *(.tdata .tdata.* .gnu.linkonce.td.*)
                0x0000000020000308                __tdata_end = .
                0x0000000020000308                PROVIDE (__data_end__ = .)
                0x0000000010009500                __etext = LOADADDR (.data)

.tbss           0x0000000020000308        0x0 load address 0x0000000010009748
                0x0000000020000308                . = ALIGN (0x4)
                0x0000000020000308                __bss_start__ = .
                0x0000000020000308                __tls_base = .
 *(.tbss .tbss.* .gnu.linkonce.tb.*)
 *(.tcommon)
                0x0000000020000308                __tls_end = .

.bss            0x0000000020000308    0x20828 load address 0x0000000010009748
                0x0000000020000308                . = ALIGN (0x4)
                0x0000000020000308                __tbss_end = .
 *(SORT_BY_ALIGNMENT(SORT_BY_NAME(.bss*)))
 .bss.async_context_instance
                0x0000000020000308       0x38 CMakeFiles/ps_2_freertos.dir/ps_2_freertos.c.o
 .bss.default_alarm_pool_entries
                0x0000000020000340      0x180 CMakeFiles/ps_2_freertos.dir/home/yasuno/Developments/RP2040/pico-sdk/src/common/pico_time/time.c.o
 .bss.sd_table  0x00000000200004c0      0x100 CMakeFiles/ps_2_freertos.dir/home/yasuno/Developments/RP2040/pico-sdk/src/rp2_common/pico_double/double_init_rom_rp2040.c.o
                0x00000000200004c0                sd_table
 .bss.sf_table  0x00000000200005c0      0x100 CMakeFiles/ps_2_freertos.dir/home/yasuno/Developments/RP2040/pico-sdk/src/rp2_common/pico_float/float_init_rom_rp2040.c.o
                0x00000000200005c0                sf_table
 .bss.xQueueRegistry
                0x00000000200006c0       0x40 CMakeFiles/ps_2_freertos.dir/home/yasuno/Developments/FreeRTOS-LTS/FreeRTOS/FreeRTOS-Kernel/queue.c.o
                0x00000000200006c0                xQueueRegistry
 .bss           0x0000000020000700       0x1c /usr/lib/gcc/arm-none-eabi/10.3.1/thumb/v6-m/nofp/crtbegin.o
 .bss.chars_available_callback
                0x000000002000071c        0x4 CMakeFiles/ps_2_freertos.dir/home/yasuno/Developments/RP2040/pico-sdk/src/rp2_common/pico_stdio_uart/stdio_uart.c.o
 .bss.chars_available_param
                0x0000000020000720        0x4 CMakeFiles/ps_2_freertos.dir/home/yasuno/Developments/RP2040/pico-sdk/src/rp2_common/pico_stdio_uart/stdio_uart.c.o
 .bss.claimed   0x0000000020000724        0x4 CMakeFiles/ps_2_freertos.dir/home/yasuno/Developments/RP2040/pico-sdk/src/rp2_common/hardware_sync/sync.c.o
 .bss.claimed   0x0000000020000728        0x1 CMakeFiles/ps_2_freertos.dir/home/yasuno/Developments/RP2040/pico-sdk/src/rp2_common/hardware_timer/timer.c.o
 *fill*         0x0000000020000729        0x3 
 .bss.configured_freq
                0x000000002000072c       0x28 CMakeFiles/ps_2_freertos.dir/home/yasuno/Developments/RP2040/pico-sdk/src/rp2_common/hardware_clocks/clocks.c.o
 .bss.count.2   0x0000000020000754        0x4 CMakeFiles/ps_2_freertos.dir/ps_2_freertos.c.o
 .bss.drivers   0x0000000020000758        0x4 CMakeFiles/ps_2_freertos.dir/home/yasuno/Developments/RP2040/pico-sdk/src/rp2_common/pico_stdio/stdio.c.o
 .bss.filter    0x000000002000075c        0x4 CMakeFiles/ps_2_freertos.dir/home/yasuno/Developments/RP2040/pico-sdk/src/rp2_common/pico_stdio/stdio.c.o
 .bss.lazy_vsnprintf
                0x0000000020000760        0x4 CMakeFiles/ps_2_freertos.dir/home/yasuno/Developments/RP2040/pico-sdk/src/rp2_common/pico_printf/printf.c.o
 .bss.pools     0x0000000020000764       0x10 CMakeFiles/ps_2_freertos.dir/home/yasuno/Developments/RP2040/pico-sdk/src/common/pico_time/time.c.o
 .bss.pxCurrentTCBs
                0x0000000020000774        0x8 CMakeFiles/ps_2_freertos.dir/home/yasuno/Developments/FreeRTOS-LTS/FreeRTOS/FreeRTOS-Kernel/tasks.c.o
                0x0000000020000774                pxCurrentTCBs
 .bss.pxCurrentTimerList
                0x000000002000077c        0x4 CMakeFiles/ps_2_freertos.dir/home/yasuno/Developments/FreeRTOS-LTS/FreeRTOS/FreeRTOS-Kernel/timers.c.o
 .bss.pxDelayedTaskList
                0x0000000020000780        0x4 CMakeFiles/ps_2_freertos.dir/home/yasuno/Developments/FreeRTOS-LTS/FreeRTOS/FreeRTOS-Kernel/tasks.c.o
 .bss.pxEnd     0x0000000020000784        0x4 CMakeFiles/ps_2_freertos.dir/home/yasuno/Developments/FreeRTOS-LTS/FreeRTOS/FreeRTOS-Kernel/portable/MemMang/heap_4.c.o
 .bss.pxOverflowDelayedTaskList
                0x0000000020000788        0x4 CMakeFiles/ps_2_freertos.dir/home/yasuno/Developments/FreeRTOS-LTS/FreeRTOS/FreeRTOS-Kernel/tasks.c.o
 .bss.pxOverflowTimerList
                0x000000002000078c        0x4 CMakeFiles/ps_2_freertos.dir/home/yasuno/Developments/FreeRTOS-LTS/FreeRTOS/FreeRTOS-Kernel/timers.c.o
 .bss.pxReadyTasksLists
                0x0000000020000790      0x280 CMakeFiles/ps_2_freertos.dir/home/yasuno/Developments/FreeRTOS-LTS/FreeRTOS/FreeRTOS-Kernel/tasks.c.o
 .bss.pxYieldSpinLock
                0x0000000020000a10        0x8 CMakeFiles/ps_2_freertos.dir/home/yasuno/Developments/FreeRTOS-LTS/FreeRTOS/FreeRTOS-Kernel/portable/ThirdParty/GCC/RP2040/port.c.o
 .bss.sf_clz_func
                0x0000000020000a18        0x4 CMakeFiles/ps_2_freertos.dir/home/yasuno/Developments/RP2040/pico-sdk/src/rp2_common/pico_double/double_init_rom_rp2040.c.o
                0x0000000020000a18                sf_clz_func
 .bss.sleep_notifier
                0x0000000020000a1c        0x4 CMakeFiles/ps_2_freertos.dir/home/yasuno/Developments/RP2040/pico-sdk/src/common/pico_time/time.c.o
 .bss.uart_char_to_line_feed
                0x0000000020000a20        0x4 CMakeFiles/ps_2_freertos.dir/home/yasuno/Developments/RP2040/pico-sdk/src/rp2_common/hardware_uart/uart.c.o
                0x0000000020000a20                uart_char_to_line_feed
 .bss.uart_instance
                0x0000000020000a24        0x4 CMakeFiles/ps_2_freertos.dir/home/yasuno/Developments/RP2040/pico-sdk/src/rp2_common/pico_stdio_uart/stdio_uart.c.o
 .bss.ucHeap    0x0000000020000a28    0x20000 CMakeFiles/ps_2_freertos.dir/home/yasuno/Developments/FreeRTOS-LTS/FreeRTOS/FreeRTOS-Kernel/portable/MemMang/heap_4.c.o
 .bss.ucOwnedByCore.1
                0x0000000020020a28        0x2 CMakeFiles/ps_2_freertos.dir/home/yasuno/Developments/FreeRTOS-LTS/FreeRTOS/FreeRTOS-Kernel/tasks.c.o
 *fill*         0x0000000020020a2a        0x2 
 .bss.ucRecursionCountByLock.0
                0x0000000020020a2c        0x2 CMakeFiles/ps_2_freertos.dir/home/yasuno/Developments/FreeRTOS-LTS/FreeRTOS/FreeRTOS-Kernel/tasks.c.o
 *fill*         0x0000000020020a2e        0x2 
 .bss.ulYieldSpinLockSaveValue
                0x0000000020020a30        0x8 CMakeFiles/ps_2_freertos.dir/home/yasuno/Developments/FreeRTOS-LTS/FreeRTOS/FreeRTOS-Kernel/portable/ThirdParty/GCC/RP2040/port.c.o
 .bss.uxCriticalNestings
                0x0000000020020a38        0x8 CMakeFiles/ps_2_freertos.dir/home/yasuno/Developments/FreeRTOS-LTS/FreeRTOS/FreeRTOS-Kernel/portable/ThirdParty/GCC/RP2040/port.c.o
                0x0000000020020a38                uxCriticalNestings
 .bss.uxCurrentNumberOfTasks